      -----------------------------------------------------------      
     |                   =====================                   |     
     |                           x T B                           |     
     |                   =====================                   |     
     |                         S. Grimme                         |     
     |          Mulliken Center for Theoretical Chemistry        |     
     |                    University of Bonn                     |     
     |                 Version 6.0.1 (SAW181210)                 |     
      -----------------------------------------------------------      

   This program is distributed in the hope that it will be useful,
   but WITHOUT ANY WARRANTY; without even the implied warranty of
   MERCHANTABILITY or FITNESS FOR A PARTICULAR PURPOSE.
   
   FOR NON-COMMERCIAL, ACADEMIA USE ONLY.
   
   Cite this work as:
   S. Grimme, C. Bannwarth, P. Shushkov, J. Comput. Theory Chem., 2017,
   13, 1989-2009.
   C. Bannwarth, S. Ehlert and S. Grimme., ChemRxiv, 2018, preprint.
   http://doi.org/10.26434/chemrxiv.7246238.v1
   
   for sTDA-xTB:
   S. Grimme and C. Bannwarth, J. Chem. Phys., 2016, 145, 054103.
   
   in the mass-spec context:
   V. Asgeirsson, C. Bauer and S. Grimme, Chem. Sci., 2017, 8, 4879.
   
   if GBSA is used:
   P. Shushkov, F. März and S. Grimme, unpublished.
   
   for ANC optimizer:
   S. Grimme, unpublished.
   Rational Function algorithm used in ANCopt:
   F. Eckert, P. Pulay, H.-J. Werner, J. Comput. Chem., 1997, 18, 1473.
   
   with help from (in alphabetical order)
   C. Bannwarth, F. Bohle, G. Brandenburg, E. Caldeweyher, M. Checinski,
   S. Dohm, S. Ehlert, S. Ehrlich, F. März, H. Neugebauer, J. Pisarek,
   P. Pracht, P. Shushkov, and S. Spicher.
   
 * started run on 2019/05/04 at 19:50:44.005     
========================================================================
 # omp threads = 2
========================================================================
number of atoms            : 208
number of electrons        : 594
charge                     : -3
spin                       : .0
first test random number   : .0224

########################################################################
# WARNING! Please study the warnings concerning your input carefully
#  - Process number higher than OMP_NUM_THREADS, I hope you know what you are doing.
########################################################################

           ------------------------------------------------- 
          |                 G F N 2 - x T B                 |
          | Geometry, Frequencies, Noncovalent interactions |
          |            JCTC 2018 parametrisation            |
           ------------------------------------------------- 
 
      method parameters     
 k(s)        :  1.8500
 k(p)        :  2.2300
 k(d)        :  2.2300
 k(f)        :  2.0000
 kEN (H0ij)  : -2.0000
 D4 a1       :  0.5200
 D4 a2       :  5.0000
 D4 s6       :  1.0000
 D4 s8       :  2.7000
 D4 s9       :  5.0000
 alphaj      :  2.0000

 Solvent             : h2o
 Using internal parameter file: .param_gbsa2_h2o
 Gsolv ref. state (COSMO-RS): gsolv [1 M gas/solution]
 temperature (mdtemp)       :    298.150000000000     
 dielectric constant        :    80.2000000000000     
 rho                        :    1.00000000000000     
 mass                       :    18.0000000000000     
 surface tension            :    15.5689454083859     
 probe radius               :   0.975313790000000     
 vdW radii scaling          :    1.00000000000000     
 Gshift (Eh)                :   1.857443126794793E-003
 c1                         :    1.55243817000000     
 soset                      :   0.130326360000000     
 HB correction              :  T

            Z     q(EN)     CN     RAES       Cart. coordinates
     1  N   5.0   -0.23    3.21    1.96    39.26851    28.82777    28.19471
     2  C   4.0    0.02    4.31    4.21    39.53307    27.97172    30.85356
     3  C   4.0    0.14    3.41    3.08    41.06941    29.78208    32.41069
     4  O   6.0   -0.32    1.28    1.80    40.58186    30.18081    34.66702
     5  C   4.0   -0.04    4.26    4.12    40.60643    25.21272    30.94993
     6  C   4.0   -0.04    4.23    4.06    38.64868    23.51953    29.71972
     7  C   4.0    0.24    3.13    3.03    39.65590    20.82856    29.50429
     8  O   6.0   -0.31    1.20    1.80    41.98215    20.59990    29.20949
     9  O   6.0   -0.32    1.17    1.80    38.09310    19.06167    29.44382
    10  H   1.0    0.07    1.02    1.43    39.98471    27.73173    26.79631
    11  H   1.0    0.04    1.05    1.44    37.62822    27.96039    31.67937
    12  H   1.0    0.05    1.03    1.43    42.39222    25.12580    29.93137
    13  H   1.0    0.06    1.02    1.43    40.93524    24.67604    32.90580
    14  H   1.0    0.04    1.03    1.43    36.89501    23.52520    30.80442
    15  H   1.0    0.03    1.03    1.43    38.23483    24.14881    27.79976
    16  N   5.0   -0.15    3.45    2.05    43.03095    30.85545    31.21827
    17  C   4.0    0.03    4.32    4.24    44.59186    32.63557    32.62045
    18  C   4.0    0.07    3.19    3.03    43.14055    35.15268    33.09477
    19  O   6.0   -0.32    1.14    1.80    43.25772    36.21849    35.15457
    20  C   4.0   -0.06    4.28    4.15    47.09953    33.03430    31.23339
    21  C   4.0   -0.04    4.21    4.02    48.94012    34.64624    32.67525
    22  C   4.0    0.13    3.19    3.04    51.49314    35.08087    31.35622
    23  O   6.0   -0.34    1.19    1.80    52.82918    36.88745    31.89857
    24  N   5.0   -0.21    3.19    1.95    52.26226    33.26296    29.72917
    25  H   1.0    0.07    1.06    1.44    43.55251    30.31309    29.46083
    26  H   1.0    0.06    1.06    1.44    44.97170    31.82110    34.49128
    27  H   1.0    0.04    1.04    1.43    47.87243    31.14646    30.92914
    28  H   1.0    0.03    1.03    1.43    46.68757    33.86011    29.38146
    29  H   1.0    0.05    1.03    1.43    48.15211    36.50384    33.09288
    30  H   1.0    0.04    1.03    1.43    49.38421    33.75995    34.48939
    31  H   1.0    0.06    1.03    1.43    51.04717    32.01007    28.98084
    32  H   1.0    0.07    1.03    1.43    53.85530    33.58421    28.73706
    33  N   5.0   -0.21    3.22    1.96    39.18725    34.20215    38.54852
    34  C   4.0    0.04    4.23    4.05    40.53084    32.75084    40.43447
    35  C   4.0    0.15    3.46    3.10    39.34976    33.15902    43.09709
    36  O   6.0   -0.33    1.43    1.80    39.30630    31.37323    44.58241
    37  C   4.0   -0.06    4.12    3.85    43.27661    33.50106    40.60643
    38  H   1.0    0.11    1.05    1.44    40.27573    35.11111    37.25784
    39  H   1.0    0.05    1.05    1.44    40.33053    30.72316    40.04707
    40  H   1.0    0.05    1.00    1.43    44.24604    32.22550    41.88767
    41  H   1.0    0.06    1.00    1.43    44.15912    33.39335    38.75639
    42  H   1.0    0.05    1.00    1.43    43.44102    35.42291    41.31697
    43  N   5.0   -0.14    3.51    2.08    38.48994    35.43803    43.68668
    44  C   4.0    0.04    4.45    4.47    37.56775    35.90479    46.20947
    45  C   4.0    0.15    3.44    3.09    35.14512    34.46293    46.71780
    46  O   6.0   -0.31    1.23    1.80    34.31364    34.21160    48.87398
    47  C   4.0   -0.04    4.25    4.10    37.18981    38.71859    46.76127
    48  C   4.0    0.24    3.09    3.02    39.70125    40.26439    46.80095
    49  O   6.0   -0.33    1.22    1.80    41.73649    39.16457    47.20724
    50  O   6.0   -0.33    1.17    1.80    39.44425    42.57931    46.35498
    51  H   1.0    0.08    1.06    1.44    38.59765    36.91013    42.46214
    52  H   1.0    0.07    1.06    1.44    38.96426    35.17914    47.57007
    53  H   1.0    0.04    1.02    1.43    35.90668    39.55196    45.38177
    54  H   1.0    0.04    1.03    1.43    36.36967    38.88489    48.64722
    55  N   5.0   -0.15    3.54    2.10    33.93003    33.59177    44.70336
    56  C   4.0    0.03    4.41    4.40    31.54897    32.16880    44.93201
    57  C   4.0    0.14    3.44    3.09    31.87590    29.33989    44.48793
    58  O   6.0   -0.32    1.30    1.80    30.02964    27.92448    44.22337
    59  C   4.0   -0.05    4.38    4.35    29.61767    33.14957    43.04985
    60  C   4.0   -0.03    4.19    3.97    29.13579    36.00495    43.23693
    61  C   4.0   -0.10    4.10    3.80    27.21961    36.74194    41.19792
    62  C   4.0   -0.09    4.10    3.80    28.20038    36.75517    45.86554
    63  H   1.0    0.08    1.08    1.44    34.70293    33.61067    42.94969
    64  H   1.0    0.06    1.07    1.44    30.92914    32.42203    46.88977
    65  H   1.0    0.04    1.03    1.43    30.32632    32.71683    41.16012
    66  H   1.0    0.04    1.03    1.43    27.86401    32.10455    43.33331
    67  H   1.0    0.03    1.06    1.44    30.91592    36.98383    42.86843
    68  H   1.0    0.02    1.00    1.43    26.96828    38.77907    41.16390
    69  H   1.0    0.02    1.00    1.43    27.86779    36.13912    39.34598
    70  H   1.0    0.02    1.00    1.43    25.40737    35.85755    41.58153
    71  H   1.0    0.02    1.00    1.43    27.70338    38.74694    45.87499
    72  H   1.0    0.03    1.00    1.43    26.55254    35.64212    46.37010
    73  H   1.0    0.04    1.00    1.43    29.67059    36.46037    47.27149
    74  N   5.0   -0.14    3.48    2.06    34.23239    28.40069    44.44446
    75  C   4.0    0.05    4.44    4.45    34.57632    25.81177    43.71503
    76  C   4.0    0.17    3.48    3.11    33.51429    23.86535    45.55373
    77  O   6.0   -0.31    1.32    1.80    33.03241    21.72240    44.81296
    78  C   4.0    0.05    4.16    3.92    37.38634    25.17115    43.34842
    79  O   6.0   -0.21    2.12    1.84    38.53340    25.38091    45.69924
    80  H   1.0    0.11    1.08    1.44    35.79519    29.46272    44.73359
    81  H   1.0    0.06    1.06    1.44    33.58232    25.45272    41.92357
    82  H   1.0    0.06    1.01    1.43    37.51862    23.23229    42.59631
    83  H   1.0    0.05    1.01    1.43    38.20459    26.47884    41.95570
    84  H   1.0    0.15    1.11    1.45    40.23038    26.11790    45.60098
    85  N   5.0   -0.13    3.48    2.06    32.92658    24.68927    47.91400
    86  C   4.0    0.04    4.36    4.31    31.84755    22.82978    49.66956
    87  C   4.0    0.15    3.44    3.09    28.98273    22.94316    49.59964
    88  O   6.0   -0.30    1.27    1.80    27.69582    21.53910    50.93189
    89  C   4.0   -0.02    4.23    4.06    32.66580    23.30221    52.41344
    90  C   4.0    0.25    3.04    3.02    35.55708    23.84078    53.10508
    91  O   6.0   -0.30    1.19    1.80    35.78385    25.33556    54.95134
    92  O   6.0   -0.24    1.23    1.80    37.29752    22.84490    51.96368
    93  H   1.0    0.10    1.08    1.44    34.20971    25.88358    48.66800
    94  H   1.0    0.07    1.06    1.44    32.45604    20.92116    49.11587
    95  H   1.0    0.05    1.03    1.43    31.59622    24.90092    53.18067
    96  H   1.0    0.06    1.03    1.43    32.17825    21.61091    53.49814
    97  N   5.0   -0.13    3.47    2.06    27.77330    24.68738    48.17289
    98  C   4.0    0.04    4.34    4.28    25.05399    24.71195    48.15778
    99  C   4.0    0.07    3.21    3.04    23.79732    22.56711    46.64222
   100  O   6.0   -0.32    1.15    1.80    24.68360    21.69405    44.65989
   101  C   4.0   -0.05    4.29    4.18    24.07322    27.15158    46.90867
   102  C   4.0   -0.05    4.21    4.01    24.95950    29.52886    48.25793
   103  C   4.0   -0.06    4.19    3.97    23.79543    29.81421    50.86386
   104  C   4.0   -0.05    4.13    3.87    24.52675    32.35022    51.99959
   105  N   5.0   -0.14    4.01    2.88    23.68205    32.53163    54.66410
   106  H   1.0    0.11    1.09    1.44    28.71061    25.60768    46.77072
   107  H   1.0    0.04    1.06    1.44    24.47006    24.55321    50.13065
   108  H   1.0    0.05    1.03    1.43    24.76864    27.16103    44.96414
   109  H   1.0    0.02    1.03    1.43    22.01531    27.10623    46.85764
   110  H   1.0    0.05    1.03    1.43    27.01552    29.49484    48.38454
   111  H   1.0    0.03    1.03    1.43    24.42471    31.13512    47.08063
   112  H   1.0    0.02    1.03    1.43    21.74508    29.66114    50.71080
   113  H   1.0    0.03    1.03    1.43    24.48518    28.29676    52.07518
   114  H   1.0    0.03    1.02    1.43    26.57711    32.55998    51.96368
   115  H   1.0    0.02    1.02    1.43    23.68016    33.89035    50.92622
   116  H   1.0    0.03    1.00    1.43    24.38502    34.23617    55.46535
   117  H   1.0    0.02    1.02    1.43    21.75075    32.51651    54.85496
   118  H   1.0    0.04    1.02    1.43    24.39447    31.06520    55.71101
   119  N   5.0   -0.23    3.19    1.95    23.30788    23.48740    39.37055
   120  C   4.0    0.03    4.23    4.06    25.55476    24.19227    37.95515
   121  C   4.0    0.06    3.24    3.04    25.73996    22.77876    35.46449
   122  O   6.0   -0.32    1.12    1.80    26.28798    23.94283    33.51996
   123  C   4.0   -0.03    4.34    4.27    27.91503    23.67827    39.52362
   124  C   4.0   -0.01    3.57    3.15    30.36223    24.21117    38.16679
   125  C   4.0   -0.04    3.47    3.10    31.15213    26.69805    37.78885
   126  C   4.0   -0.03    3.48    3.11    31.99117    22.28365    37.50917
   127  C   4.0   -0.04    3.40    3.08    33.61445    27.15347    37.05186
   128  C   4.0   -0.03    3.38    3.07    34.31742    22.75419    36.44148
   129  C   4.0   -0.04    3.38    3.07    35.18103    25.23351    36.29408
   130  H   1.0    0.10    1.05    1.44    23.58567    22.70884    41.10343
   131  H   1.0    0.04    1.05    1.44    25.43382    26.20672    37.46571
   132  H   1.0    0.06    1.03    1.43    27.85645    24.85557    41.22248
   133  H   1.0    0.05    1.04    1.43    27.89424    21.70350    40.10754
   134  H   1.0    0.05    1.03    1.43    29.93893    28.25140    38.31230
   135  H   1.0    0.05    1.03    1.43    31.41291    20.34857    37.81531
   136  H   1.0    0.05    1.03    1.43    34.28152    29.08099    36.98383
   137  H   1.0    0.06    1.03    1.43    35.53819    21.21973    35.87834
   138  H   1.0    0.06    1.03    1.43    37.07831    25.62279    35.65157
   139  O   6.0   -0.33    2.25    1.87    42.29018    28.21361    46.50994
   140  H   1.0    0.17    1.04    1.43    41.81019    28.11912    48.27872
   141  H   1.0    0.18    1.11    1.44    41.28295    29.59122    45.80885
   142  O   6.0   -0.30    1.93    1.82    29.34366    18.41538    44.07786
   143  H   1.0    0.17    1.04    1.43    30.88946    19.36402    44.23659
   144  H   1.0    0.15    0.98    1.43    28.00952    19.61158    44.47470
   145  O   6.0   -0.33    2.06    1.83    42.54907    26.58844    37.78318
   146  H   1.0    0.15    1.05    1.44    42.83442    26.72828    39.59732
   147  H   1.0    0.15    1.01    1.43    41.55885    28.00574    37.18603
   148  O   6.0   -0.33    1.96    1.82    48.16533    25.49996    30.65891
   149  H   1.0    0.11    0.97    1.43    49.93034    25.88547    30.47561
   150  H   1.0    0.11    0.97    1.43    47.24693    26.46183    29.39469
   151  O   6.0   -0.31    1.92    1.82    33.73350    22.08901    59.18622
   152  H   1.0    0.15    0.99    1.43    34.61033    22.83545    57.76892
   153  H   1.0    0.12    0.97    1.43    32.04786    21.77909    58.57961
   154  O   6.0   -0.32    2.06    1.83    43.86243    26.26341    42.49616
   155  H   1.0    0.13    0.97    1.43    45.47059    25.42815    42.60576
   156  H   1.0    0.16    1.11    1.44    43.48637    26.92859    44.16290
   157  O   6.0   -0.30    2.01    1.83    40.37588    29.46650    50.82418
   158  H   1.0    0.14    0.97    1.43    40.93713    31.19182    50.58607
   159  H   1.0    0.15    0.97    1.43    38.69025    29.50240    51.47802
   160  O   6.0   -0.30    1.92    1.82    43.61487    34.37789    48.51304
   161  H   1.0    0.12    0.97    1.43    45.42901    34.42703    48.47147
   162  H   1.0    0.15    1.01    1.43    43.05174    36.08054    48.07652
   163  O   6.0   -0.31    1.92    1.82    47.40755    27.25174    35.59677
   164  H   1.0    0.14    1.01    1.43    47.47747    26.32199    34.02452
   165  H   1.0    0.15    1.00    1.43    45.75404    26.87946    36.31108
   166  O   6.0   -0.30    1.92    1.82    41.41334    21.56933    37.50728
   167  H   1.0    0.15    1.02    1.43    41.78940    23.36646    37.68114
   168  H   1.0    0.14    0.97    1.43    40.63478    21.05155    39.05686
   169  O   6.0   -0.31    1.93    1.82    30.62002    16.20467    56.25714
   170  H   1.0    0.16    1.04    1.43    32.21446    17.06905    56.09840
   171  H   1.0    0.12    0.97    1.43    30.98888    14.45117    55.86030
   172  O   6.0   -0.30    1.92    1.82    35.99639    18.16956    41.14878
   173  H   1.0    0.15    0.99    1.43    37.08124    18.55570    42.56608
   174  H   1.0    0.13    0.97    1.43    34.88518    16.86472    41.75538
   175  O   6.0   -0.34    1.91    1.82    39.38626    25.08034    62.82772
   176  H   1.0    0.10    0.96    1.43    41.13065    24.50745    62.65386
   177  H   1.0    0.13    0.97    1.43    38.54856    24.66498    61.27814
   178  N   5.0   -0.22    3.22    1.96    41.71191    15.44577    55.89053
   179  C   4.0    0.03    4.30    4.21    39.64180    17.03808    56.61997
   180  C   4.0    0.16    3.45    3.10    37.42514    17.09155    54.78127
   181  O   6.0   -0.32    1.32    1.80    35.32835    17.74571    55.52204
   182  C   4.0    0.03    4.16    3.92    40.49202    19.79194    56.98658
   183  O   6.0   -0.22    2.09    1.84    41.24721    20.68045    54.63576
   184  H   1.0    0.07    1.03    1.43    43.41306    16.26818    55.60141
   185  H   1.0    0.03    1.05    1.44    38.83386    16.35678    58.41143
   186  H   1.0    0.06    1.01    1.43    38.87906    20.87593    57.73869
   187  H   1.0    0.02    1.01    1.43    42.03364    19.84673    58.37930
   188  H   1.0    0.11    1.01    1.43    42.73395    21.78158    54.73402
   189  N   5.0   -0.14    3.42    2.03    37.84483    16.17062    52.42100
   190  C   4.0    0.04    4.29    4.18    35.69494    16.16590    50.66544
   191  C   4.0    0.07    3.23    3.04    34.36073    13.62820    50.73536
   192  O   6.0   -0.31    1.13    1.80    32.50132    13.21574    49.40311
   193  C   4.0   -0.03    4.23    4.05    36.51321    16.63831    47.92156
   194  C   4.0    0.25    3.04    3.02    38.42527    18.87295    47.22992
   195  O   6.0   -0.30    1.19    1.80    39.83316    18.32195    45.38366
   196  O   6.0   -0.24    1.23    1.80    38.43302    20.87815    48.37132
   197  H   1.0    0.09    1.08    1.44    39.52069    16.68469    51.66700
   198  H   1.0    0.07    1.06    1.44    34.34627    17.64718    51.21913
   199  H   1.0    0.05    1.03    1.43    37.36294    14.91267    47.15433
   200  H   1.0    0.06    1.03    1.43    34.80472    17.06173    46.83686
   201  H   1.0    0.08    1.07    1.44    37.61931    28.98847    27.81146
   202  H   1.0    0.04    1.04    1.43    42.09982    35.91766    31.71537
   203  H   1.0    0.10    1.07    1.44    38.16380    33.17246    37.66260
   204  H   1.0    0.03    1.04    1.44    22.17812    21.80464    47.24876
   205  H   1.0    0.08    1.07    1.44    22.34750    24.86600    39.63455
   206  H   1.0    0.04    1.04    1.43    25.41866    20.91739    35.40828
   207  H   1.0    0.07    1.08    1.44    41.98321    14.27872    57.09758
   208  H   1.0    0.04    1.05    1.44    34.99103    12.26045    51.87687

  Z AO/shell   Hii/eV     exponent
  1     Wed Apr 25 08:07:45 CEST 2018   EN: 2.200 GM2: 0.406  GM3: 0.0800  RAES: 1.40
     1s    -10.707211    1.230000
  6     Wed Apr 25 08:07:45 CEST 2018   EN: 2.550 GM2: 0.538  GM3: 0.1500  RAES: 3.00
     2s    -13.970922    2.096432
     2p    -10.063292    1.800000
  7     Wed Apr 25 08:07:45 CEST 2018   EN: 3.040 GM2: 0.461  GM3:-0.0640  RAES: 1.90
     2s    -16.686243    2.339881
     2p    -12.523956    2.014332
  8     Wed Apr 25 08:07:45 CEST 2018   EN: 3.440 GM2: 0.452  GM3:-0.0517  RAES: 1.80
     2s    -20.229985    2.439742
     2p    -15.503117    2.137023
 no old-style atom pair restraining (fixing) potential

molecular fragmentation (1/2 indicates fragments):
111111111111111111111111111111112222222222222222222222222222222222222222
222222222222222222222222222222222222222222222222222222222222222222222222
2222222222222222222222222222222222222222222222222222222211222222
# atoms in fragment 1/2:    34   174
 fragment masses (1/2) :      258.25     1217.24
CMA distance (Bohr)    :  17.768
constraining FC (au)   :  0.0500
           ------------------------------------------------- 
          |        Self-Consistent Charge Iterations        |
           ------------------------------------------------- 

 Ncao       : 508
 Nao        : 508
 Nshell     : 308
 Nel        : 594
 T(el)      :   500.0
 intcut     :    35.0
 scfconv/Eh :  0.100E-06
   qconv/e  :  0.100E-04
 intneglect :  0.100E-08
 broydamp   :      0.400
 iter      E             dE          RMSdq      gap      omega  full diag
   1   -350.1576483 -0.350158E+03  0.535E+00    3.57       0.0  T
   2   -351.1531889 -0.995541E+00  0.254E+00    1.99       1.0  T
   3   -351.2247058 -0.715169E-01  0.136E+00    2.01       1.0  T
   4   -351.2962291 -0.715233E-01  0.344E-01    0.99       1.0  T
   5   -351.2996777 -0.344862E-02  0.158E-01    1.21       1.0  T
   6   -351.3008501 -0.117244E-02  0.607E-02    1.18       1.0  T
   7   -351.3010221 -0.171968E-03  0.312E-02    1.19       1.0  T
   8   -351.3010508 -0.286963E-04  0.129E-02    1.20       1.0  T
   9   -351.3010623 -0.115216E-04  0.583E-03    1.20       1.2  T
  10   -351.3010638 -0.146011E-05  0.262E-03    1.20       2.6  T
  11   -351.3010640 -0.238446E-06  0.105E-03    1.20       6.6  T
  12   -351.3010641 -0.515232E-07  0.486E-04    1.20      14.3  T
  13   -351.3010641 -0.112069E-07  0.227E-04    1.20      30.5  T
  14   -351.3010641 -0.199771E-08  0.907E-05    1.20      76.5  T
  15   -351.3010641 -0.548653E-09  0.338E-05    1.20     204.8  T
speedup  1.11
cpu  time for SCC    3.71 s
wall time for SCC    3.35 s

   *** convergence criteria satisfied after 15 iterations ***

          eigenvalues
 #    :         285        286        287        288        289        290        291        292
 occ. :        2.000      2.000      2.000      2.000      2.000      2.000      2.000      2.000
 eps  :       -10.475    -10.363    -10.317    -10.247    -10.208    -10.148    -10.030     -9.908
 #    :         293        294        295        296        297        298        299        300
 occ. :        2.000      2.000      2.000      2.000      2.000      0.000      0.000      0.000
 eps  :        -9.891     -9.806     -9.699     -9.455     -9.374     -8.177     -8.010     -7.880
 #    :         301        302        303        304        305        306        307        308
 occ. :        0.000      0.000      0.000      0.000      0.000      0.000      0.000      0.000
 eps  :        -7.650     -6.585     -6.462     -6.443     -6.364     -6.338     -6.211     -6.141


   #   Z            q   n(s)   n(p)   n(d)      C6AA      α(0)
   1   7 N     -0.391  1.310  4.081  0.000    30.135     8.153
   2   6 C      0.027  1.066  2.906  0.000    20.129     6.390
   3   6 C      0.270  1.047  2.682  0.000    22.432     7.756
   4   8 O     -0.515  1.753  4.761  0.000    24.109     6.583
   5   6 C     -0.043  1.053  2.990  0.000    21.338     6.577
   6   6 C     -0.079  1.060  3.019  0.000    22.008     6.678
   7   6 C      0.372  1.022  2.606  0.000    20.694     7.445
   8   8 O     -0.648  1.768  4.881  0.000    27.341     7.011
   9   8 O     -0.670  1.777  4.893  0.000    27.904     7.082
  10   1 H      0.163  0.837  0.000  0.000     1.314     1.796
  11   1 H      0.034  0.966  0.000  0.000     2.534     2.489
  12   1 H      0.051  0.949  0.000  0.000     2.305     2.374
  13   1 H      0.024  0.976  0.000  0.000     2.677     2.559
  14   1 H      0.007  0.993  0.000  0.000     2.945     2.684
  15   1 H      0.032  0.968  0.000  0.000     2.564     2.504
  16   7 N     -0.162  1.242  3.919  0.000    24.500     7.351
  17   6 C      0.025  1.063  2.912  0.000    20.158     6.393
  18   6 C      0.199  1.092  2.709  0.000    23.759     7.982
  19   8 O     -0.358  1.760  4.598  0.000    20.866     6.124
  20   6 C     -0.078  1.054  3.024  0.000    21.976     6.674
  21   6 C     -0.097  1.051  3.046  0.000    22.340     6.729
  22   6 C      0.290  1.042  2.668  0.000    22.079     7.694
  23   8 O     -0.497  1.755  4.742  0.000    23.722     6.530
  24   7 N     -0.292  1.276  4.016  0.000    27.526     7.792
  25   1 H      0.227  0.773  0.000  0.000     0.979     1.550
  26   1 H      0.092  0.908  0.000  0.000     1.863     2.135
  27   1 H      0.081  0.919  0.000  0.000     1.966     2.193
  28   1 H      0.079  0.921  0.000  0.000     1.993     2.208
  29   1 H      0.068  0.932  0.000  0.000     2.107     2.270
  30   1 H      0.080  0.920  0.000  0.000     1.978     2.199
  31   1 H      0.223  0.777  0.000  0.000     0.994     1.562
  32   1 H      0.236  0.764  0.000  0.000     0.939     1.518
  33   7 N     -0.391  1.308  4.083  0.000    30.129     8.152
  34   6 C      0.045  1.052  2.903  0.000    19.836     6.345
  35   6 C      0.267  1.054  2.679  0.000    22.497     7.768
  36   8 O     -0.514  1.744  4.769  0.000    24.089     6.581
  37   6 C     -0.117  1.038  3.079  0.000    22.787     6.805
  38   1 H      0.177  0.823  0.000  0.000     1.232     1.738
  39   1 H      0.024  0.976  0.000  0.000     2.672     2.556
  40   1 H      0.050  0.950  0.000  0.000     2.325     2.385
  41   1 H      0.072  0.928  0.000  0.000     2.061     2.245
  42   1 H      0.052  0.948  0.000  0.000     2.297     2.370
  43   7 N     -0.163  1.241  3.922  0.000    24.517     7.354
  44   6 C      0.034  1.052  2.914  0.000    20.002     6.367
  45   6 C      0.276  1.041  2.683  0.000    22.331     7.738
  46   8 O     -0.496  1.743  4.754  0.000    23.703     6.528
  47   6 C     -0.102  1.073  3.029  0.000    22.442     6.745
  48   6 C      0.372  1.022  2.606  0.000    20.695     7.445
  49   8 O     -0.624  1.766  4.858  0.000    26.713     6.929
  50   8 O     -0.631  1.773  4.859  0.000    26.902     6.954
  51   1 H      0.220  0.780  0.000  0.000     1.009     1.573
  52   1 H      0.076  0.924  0.000  0.000     2.021     2.223
  53   1 H      0.050  0.950  0.000  0.000     2.315     2.379
  54   1 H      0.058  0.942  0.000  0.000     2.221     2.331
  55   7 N     -0.174  1.239  3.935  0.000    24.769     7.392
  56   6 C      0.016  1.063  2.921  0.000    20.312     6.418
  57   6 C      0.261  1.052  2.687  0.000    22.601     7.786
  58   8 O     -0.478  1.736  4.742  0.000    23.311     6.473
  59   6 C     -0.074  1.056  3.018  0.000    21.907     6.662
  60   6 C     -0.013  1.057  2.956  0.000    20.781     6.484
  61   6 C     -0.124  1.044  3.080  0.000    22.924     6.826
  62   6 C     -0.129  1.043  3.086  0.000    23.037     6.844
  63   1 H      0.186  0.814  0.000  0.000     1.179     1.701
  64   1 H      0.113  0.887  0.000  0.000     1.672     2.022
  65   1 H      0.039  0.961  0.000  0.000     2.457     2.452
  66   1 H      0.089  0.911  0.000  0.000     1.889     2.149
  67   1 H      0.024  0.976  0.000  0.000     2.680     2.560
  68   1 H      0.054  0.946  0.000  0.000     2.266     2.354
  69   1 H      0.035  0.965  0.000  0.000     2.510     2.478
  70   1 H      0.062  0.938  0.000  0.000     2.180     2.309
  71   1 H      0.060  0.940  0.000  0.000     2.199     2.319
  72   1 H      0.066  0.934  0.000  0.000     2.129     2.282
  73   1 H      0.034  0.966  0.000  0.000     2.524     2.485
  74   7 N     -0.182  1.245  3.937  0.000    24.942     7.417
  75   6 C      0.040  1.050  2.910  0.000    19.901     6.351
  76   6 C      0.307  1.044  2.649  0.000    21.785     7.644
  77   8 O     -0.495  1.746  4.749  0.000    23.668     6.523
  78   6 C      0.111  1.027  2.862  0.000    18.957     6.235
  79   8 O     -0.511  1.726  4.785  0.000    23.132     6.493
  80   1 H      0.207  0.793  0.000  0.000     1.071     1.621
  81   1 H      0.063  0.937  0.000  0.000     2.164     2.300
  82   1 H      0.004  0.996  0.000  0.000     2.990     2.704
  83   1 H      0.027  0.973  0.000  0.000     2.635     2.539
  84   1 H      0.349  0.651  0.000  0.000     0.590     1.207
  85   7 N     -0.197  1.272  3.924  0.000    25.268     7.466
  86   6 C      0.055  1.052  2.893  0.000    19.657     6.313
  87   6 C      0.268  1.050  2.682  0.000    22.478     7.765
  88   8 O     -0.499  1.743  4.756  0.000    23.752     6.534
  89   6 C     -0.097  1.078  3.019  0.000    22.352     6.732
  90   6 C      0.363  1.025  2.612  0.000    20.840     7.470
  91   8 O     -0.661  1.762  4.898  0.000    27.655     7.051
  92   8 O     -0.571  1.787  4.783  0.000    25.406     6.758
  93   1 H      0.195  0.805  0.000  0.000     1.130     1.665
  94   1 H      0.030  0.970  0.000  0.000     2.581     2.512
  95   1 H      0.038  0.962  0.000  0.000     2.479     2.462
  96   1 H      0.033  0.967  0.000  0.000     2.541     2.493
  97   7 N     -0.167  1.241  3.925  0.000    24.607     7.367
  98   6 C      0.027  1.057  2.916  0.000    20.130     6.388
  99   6 C      0.193  1.097  2.711  0.000    23.880     8.003
 100   8 O     -0.393  1.768  4.624  0.000    21.540     6.222
 101   6 C     -0.077  1.057  3.020  0.000    21.962     6.670
 102   6 C     -0.076  1.048  3.028  0.000    21.954     6.670
 103   6 C     -0.098  1.053  3.045  0.000    22.372     6.734
 104   6 C     -0.050  1.058  2.992  0.000    21.552     6.626
 105   7 N     -0.147  1.232  3.915  0.000    24.170     7.302
 106   1 H      0.208  0.792  0.000  0.000     1.065     1.616
 107   1 H      0.106  0.894  0.000  0.000     1.733     2.059
 108   1 H      0.063  0.937  0.000  0.000     2.163     2.300
 109   1 H      0.093  0.907  0.000  0.000     1.852     2.128
 110   1 H      0.044  0.956  0.000  0.000     2.390     2.418
 111   1 H      0.081  0.919  0.000  0.000     1.964     2.192
 112   1 H      0.100  0.900  0.000  0.000     1.787     2.090
 113   1 H      0.065  0.935  0.000  0.000     2.137     2.286
 114   1 H      0.102  0.898  0.000  0.000     1.764     2.077
 115   1 H      0.131  0.869  0.000  0.000     1.529     1.934
 116   1 H      0.308  0.692  0.000  0.000     0.692     1.303
 117   1 H      0.310  0.690  0.000  0.000     0.684     1.296
 118   1 H      0.289  0.711  0.000  0.000     0.748     1.355
 119   7 N     -0.390  1.316  4.074  0.000    30.096     8.148
 120   6 C      0.045  1.053  2.901  0.000    19.831     6.343
 121   6 C      0.203  1.092  2.706  0.000    23.692     7.972
 122   8 O     -0.386  1.761  4.625  0.000    21.406     6.203
 123   6 C     -0.070  1.055  3.015  0.000    21.828     6.650
 124   6 C      0.010  1.085  2.905  0.000    27.792     8.647
 125   6 C     -0.047  1.081  2.966  0.000    29.159     8.856
 126   6 C     -0.035  1.080  2.955  0.000    28.873     8.812
 127   6 C     -0.039  1.075  2.964  0.000    28.970     8.827
 128   6 C     -0.024  1.081  2.943  0.000    28.599     8.770
 129   6 C     -0.037  1.077  2.960  0.000    28.910     8.817
 130   1 H      0.173  0.827  0.000  0.000     1.253     1.754
 131   1 H      0.061  0.939  0.000  0.000     2.188     2.313
 132   1 H      0.072  0.928  0.000  0.000     2.060     2.244
 133   1 H      0.054  0.946  0.000  0.000     2.276     2.359
 134   1 H      0.055  0.945  0.000  0.000     2.254     2.348
 135   1 H      0.024  0.976  0.000  0.000     2.674     2.557
 136   1 H      0.030  0.970  0.000  0.000     2.581     2.512
 137   1 H      0.011  0.989  0.000  0.000     2.874     2.651
 138   1 H      0.022  0.978  0.000  0.000     2.698     2.568
 139   8 O     -0.653  1.756  4.896  0.000    26.477     6.945
 140   1 H      0.344  0.656  0.000  0.000     0.603     1.220
 141   1 H      0.346  0.654  0.000  0.000     0.598     1.214
 142   8 O     -0.634  1.755  4.879  0.000    26.017     6.884
 143   1 H      0.300  0.700  0.000  0.000     0.721     1.334
 144   1 H      0.303  0.697  0.000  0.000     0.713     1.326
 145   8 O     -0.647  1.757  4.890  0.000    26.342     6.927
 146   1 H      0.330  0.670  0.000  0.000     0.637     1.254
 147   1 H      0.312  0.688  0.000  0.000     0.687     1.302
 148   8 O     -0.643  1.786  4.857  0.000    26.240     6.914
 149   1 H      0.349  0.651  0.000  0.000     0.591     1.207
 150   1 H      0.318  0.682  0.000  0.000     0.669     1.285
 151   8 O     -0.610  1.743  4.867  0.000    25.428     6.806
 152   1 H      0.278  0.722  0.000  0.000     0.790     1.396
 153   1 H      0.318  0.682  0.000  0.000     0.671     1.286
 154   8 O     -0.674  1.761  4.913  0.000    27.028     7.017
 155   1 H      0.328  0.672  0.000  0.000     0.643     1.259
 156   1 H      0.337  0.663  0.000  0.000     0.619     1.235
 157   8 O     -0.613  1.754  4.859  0.000    25.499     6.815
 158   1 H      0.337  0.663  0.000  0.000     0.620     1.237
 159   1 H      0.309  0.691  0.000  0.000     0.696     1.310
 160   8 O     -0.659  1.767  4.892  0.000    26.641     6.966
 161   1 H      0.325  0.675  0.000  0.000     0.650     1.267
 162   1 H      0.309  0.691  0.000  0.000     0.694     1.309
 163   8 O     -0.652  1.756  4.896  0.000    26.470     6.944
 164   1 H      0.312  0.688  0.000  0.000     0.687     1.302
 165   1 H      0.292  0.708  0.000  0.000     0.746     1.357
 166   8 O     -0.645  1.763  4.882  0.000    26.286     6.920
 167   1 H      0.323  0.677  0.000  0.000     0.657     1.273
 168   1 H      0.285  0.715  0.000  0.000     0.768     1.377
 169   8 O     -0.643  1.759  4.884  0.000    26.230     6.912
 170   1 H      0.307  0.693  0.000  0.000     0.700     1.314
 171   1 H      0.311  0.689  0.000  0.000     0.690     1.305
 172   8 O     -0.610  1.750  4.860  0.000    25.437     6.807
 173   1 H      0.280  0.720  0.000  0.000     0.785     1.392
 174   1 H      0.316  0.684  0.000  0.000     0.675     1.290
 175   8 O     -0.630  1.760  4.871  0.000    25.925     6.872
 176   1 H      0.332  0.668  0.000  0.000     0.632     1.248
 177   1 H      0.298  0.702  0.000  0.000     0.728     1.340
 178   7 N     -0.396  1.313  4.082  0.000    30.258     8.170
 179   6 C      0.034  1.054  2.912  0.000    20.022     6.374
 180   6 C      0.290  1.053  2.657  0.000    22.088     7.697
 181   8 O     -0.493  1.739  4.753  0.000    23.623     6.516
 182   6 C      0.100  1.032  2.868  0.000    19.130     6.264
 183   8 O     -0.491  1.743  4.748  0.000    22.695     6.431
 184   1 H      0.171  0.829  0.000  0.000     1.265     1.762
 185   1 H      0.058  0.942  0.000  0.000     2.218     2.329
 186   1 H      0.018  0.982  0.000  0.000     2.760     2.598
 187   1 H      0.040  0.960  0.000  0.000     2.451     2.448
 188   1 H      0.342  0.658  0.000  0.000     0.608     1.225
 189   7 N     -0.191  1.275  3.916  0.000    25.149     7.448
 190   6 C      0.052  1.053  2.895  0.000    19.708     6.322
 191   6 C      0.196  1.086  2.718  0.000    23.817     7.993
 192   8 O     -0.377  1.754  4.624  0.000    21.237     6.179
 193   6 C     -0.089  1.080  3.009  0.000    22.199     6.709
 194   6 C      0.369  1.023  2.608  0.000    20.740     7.452
 195   8 O     -0.666  1.775  4.891  0.000    27.790     7.068
 196   8 O     -0.554  1.777  4.777  0.000    25.010     6.705
 197   1 H      0.206  0.794  0.000  0.000     1.078     1.626
 198   1 H      0.064  0.936  0.000  0.000     2.152     2.294
 199   1 H      0.028  0.972  0.000  0.000     2.610     2.527
 200   1 H      0.030  0.970  0.000  0.000     2.586     2.515
 201   1 H      0.183  0.817  0.000  0.000     1.194     1.712
 202   1 H      0.092  0.908  0.000  0.000     1.862     2.134
 203   1 H      0.172  0.828  0.000  0.000     1.260     1.759
 204   1 H      0.101  0.899  0.000  0.000     1.776     2.084
 205   1 H      0.199  0.801  0.000  0.000     1.110     1.650
 206   1 H      0.073  0.927  0.000  0.000     2.053     2.241
 207   1 H      0.208  0.792  0.000  0.000     1.064     1.616
 208   1 H      0.089  0.911  0.000  0.000     1.890     2.150

 Mol. C6AA /au·bohr⁶  :     383306.195388
 Mol. C8AA /au·bohr⁸  :    8277029.610197
 Mol. α(0) /au        :        916.496121

 
molecular dipole:
                 x           y           z       tot (Debye)
 q only:     -127.871     -63.360    -124.881
   full:     -126.065     -63.469    -125.140     479.457
molecular quadrupole (traceless):
                xx          xy          yy          xz          yz          zz
 q only:    -1741.135   -4452.702    3743.922   -8208.587   -3983.753   -2002.787
  q+dip:    -1615.346   -4394.305    3688.457   -8091.473   -4006.452   -2073.112
   full:    -1614.903   -4394.949    3684.913   -8089.451   -4007.813   -2070.009
speedup  1.15
cpu  time for grad    4.37 s
wall time for grad    3.79 s

SCC energy    :    -351.3011734
rep           :       3.6097254
ES            :       2.2452722
AES           :      -0.1180102
AXC           :       0.0664270
disp          :      -0.2417147
XB            :       0.0000000
fix           :       0.0000000
Gborn         :       0.0000000
Gsasa         :       0.0000000
Ghb           :       0.0000000
Gshift        :       0.0000000
Gsolv         :      -0.8400133     -527.12
Etot ala COSMO:    -351.3011734
grad norm     :       0.4706358
total E       :    -347.6729042
atomizationE  :      56.0854920    35194.18
(atE without considering molecular charge,
 total energy contains solvation terms)
H-L gap (eV)  :          1.1978

------------------------------------------------------------------------
 * finished run on 2019/05/04 at 19:50:48.368     
------------------------------------------------------------------------
 total:
 * wall-time:     0 d,  0 h,  0 min,  4.361 sec
 *  cpu-time:     0 d,  0 h,  0 min,  4.815 sec
 * ratio c/w:     1.104 speedup
 SCF:
 * wall-time:     0 d,  0 h,  0 min,  4.074 sec
 *  cpu-time:     0 d,  0 h,  0 min,  4.643 sec
 * ratio c/w:     1.140 speedup

