      -----------------------------------------------------------      
     |                   =====================                   |     
     |                           x T B                           |     
     |                   =====================                   |     
     |                         S. Grimme                         |     
     |          Mulliken Center for Theoretical Chemistry        |     
     |                    University of Bonn                     |     
     |                 Version 6.0.1 (SAW181210)                 |     
      -----------------------------------------------------------      

   This program is distributed in the hope that it will be useful,
   but WITHOUT ANY WARRANTY; without even the implied warranty of
   MERCHANTABILITY or FITNESS FOR A PARTICULAR PURPOSE.
   
   FOR NON-COMMERCIAL, ACADEMIA USE ONLY.
   
   Cite this work as:
   S. Grimme, C. Bannwarth, P. Shushkov, J. Comput. Theory Chem., 2017,
   13, 1989-2009.
   C. Bannwarth, S. Ehlert and S. Grimme., ChemRxiv, 2018, preprint.
   http://doi.org/10.26434/chemrxiv.7246238.v1
   
   for sTDA-xTB:
   S. Grimme and C. Bannwarth, J. Chem. Phys., 2016, 145, 054103.
   
   in the mass-spec context:
   V. Asgeirsson, C. Bauer and S. Grimme, Chem. Sci., 2017, 8, 4879.
   
   if GBSA is used:
   P. Shushkov, F. März and S. Grimme, unpublished.
   
   for ANC optimizer:
   S. Grimme, unpublished.
   Rational Function algorithm used in ANCopt:
   F. Eckert, P. Pulay, H.-J. Werner, J. Comput. Chem., 1997, 18, 1473.
   
   with help from (in alphabetical order)
   C. Bannwarth, F. Bohle, G. Brandenburg, E. Caldeweyher, M. Checinski,
   S. Dohm, S. Ehlert, S. Ehrlich, F. März, H. Neugebauer, J. Pisarek,
   P. Pracht, P. Shushkov, and S. Spicher.
   
 * started run on 2019/05/04 at 19:52:05.438     
========================================================================
 # omp threads = 2
========================================================================
number of atoms            : 49
number of electrons        : 134
charge                     : 0
spin                       : .0
first test random number   : .4168

########################################################################
# WARNING! Please study the warnings concerning your input carefully
#  - Process number higher than OMP_NUM_THREADS, I hope you know what you are doing.
########################################################################

           ------------------------------------------------- 
          |                 G F N 2 - x T B                 |
          | Geometry, Frequencies, Noncovalent interactions |
          |            JCTC 2018 parametrisation            |
           ------------------------------------------------- 
 
      method parameters     
 k(s)        :  1.8500
 k(p)        :  2.2300
 k(d)        :  2.2300
 k(f)        :  2.0000
 kEN (H0ij)  : -2.0000
 D4 a1       :  0.5200
 D4 a2       :  5.0000
 D4 s6       :  1.0000
 D4 s8       :  2.7000
 D4 s9       :  5.0000
 alphaj      :  2.0000

 Solvent             : h2o
 Using internal parameter file: .param_gbsa2_h2o
 Gsolv ref. state (COSMO-RS): gsolv [1 M gas/solution]
 temperature (mdtemp)       :    298.150000000000     
 dielectric constant        :    80.2000000000000     
 rho                        :    1.00000000000000     
 mass                       :    18.0000000000000     
 surface tension            :    15.5689454083859     
 probe radius               :   0.975313790000000     
 vdW radii scaling          :    1.00000000000000     
 Gshift (Eh)                :   1.857443126794793E-003
 c1                         :    1.55243817000000     
 soset                      :   0.130326360000000     
 HB correction              :  T

            Z     q(EN)     CN     RAES       Cart. coordinates
     1  N   5.0   -0.20    3.23    1.96     8.90817    38.93780    27.06088
     2  C   4.0    0.03    4.21    4.02     9.06879    39.62566    24.41337
     3  C   4.0    0.08    3.23    3.04     9.00832    42.55285    24.40770
     4  O   6.0   -0.28    1.14    1.80     7.14505    43.67535    23.60268
     5  C   4.0   -0.04    4.28    4.15     6.82947    38.65056    22.90159
     6  C   4.0   -0.05    4.15    3.91     6.75199    35.74228    22.66159
     7  C   4.0   -0.01    4.20    4.00     8.78534    34.67458    20.92683
     8  N   5.0   -0.13    3.38    2.01     8.68329    31.93637    20.62258
     9  C   4.0    0.10    3.35    3.06     9.75666    30.31498    22.22507
    10  N   5.0   -0.18    3.26    1.97    11.18718    31.04631    24.13936
    11  N   5.0   -0.17    3.26    1.97     9.71508    27.85456    21.64114
    12  H   1.0    0.09    1.03    1.43     7.75166    40.01684    28.14747
    13  H   1.0    0.04    1.04    1.44    10.86214    38.93402    23.65559
    14  H   1.0    0.06    1.03    1.43     5.08147    39.25339    23.80677
    15  H   1.0    0.06    1.03    1.43     6.89183    39.47071    21.00997
    16  H   1.0    0.04    1.02    1.43     6.87293    34.88812    24.53809
    17  H   1.0    0.05    1.02    1.43     4.89817    35.19804    21.91893
    18  H   1.0    0.05    1.03    1.43     8.53778    35.51551    19.05600
    19  H   1.0    0.04    1.03    1.43    10.66561    35.17347    21.62035
    20  H   1.0    0.10    1.07    1.44     7.37560    31.24851    19.40560
    21  H   1.0    0.08    1.02    1.43    11.32135    32.86611    24.73651
    22  H   1.0    0.09    1.04    1.43    12.01677    29.72728    25.22784
    23  H   1.0    0.11    1.07    1.44     8.31479    27.17804    20.47896
    24  H   1.0    0.09    1.04    1.43    10.25743    26.60923    22.97718
    25  O   6.0   -0.29    1.99    1.83     5.35926    25.98751    19.35835
    26  H   1.0    0.16    1.02    1.43     5.12872    27.24985    18.02988
    27  H   1.0    0.13    0.97    1.43     4.02890    26.35223    20.54699
    28  O   6.0   -0.27    1.91    1.82    -0.93069    25.25798    21.03265
    29  H   1.0    0.16    1.00    1.43    -1.14988    24.93502    19.23363
    30  H   1.0    0.13    0.97    1.43    -0.07524    26.87196    21.18572
    31  O   6.0   -0.27    1.91    1.82     9.05184    26.61028    13.15627
    32  H   1.0    0.13    0.96    1.43    10.62468    26.25427    14.05200
    33  H   1.0    0.13    0.97    1.43     9.37767    28.08927    12.15472
    34  N   5.0   -0.20    3.20    1.96    -1.24969    29.78883    13.15249
    35  C   4.0    0.04    4.22    4.03     0.75055    28.82383    14.74175
    36  C   4.0    0.08    3.21    3.04     3.00324    30.59777    14.90616
    37  O   6.0   -0.31    1.19    1.80     4.83397    30.09505    16.32723
    38  C   4.0   -0.02    4.26    4.12     1.76395    26.27052    13.71185
    39  C   4.0    0.26    3.10    3.02    -0.30261    24.18400    13.88382
    40  O   6.0   -0.28    1.21    1.80    -1.66316    24.15560    15.84346
    41  O   6.0   -0.26    1.16    1.80    -0.40597    22.65950    12.10558
    42  H   1.0    0.10    1.02    1.43    -1.25007    29.38755    11.28733
    43  H   1.0    0.06    1.05    1.44     0.00545    28.56885    16.66171
    44  H   1.0    0.06    1.02    1.43     2.36608    26.52731    11.76354
    45  H   1.0    0.07    1.03    1.43     3.37839    25.67664    14.84191
    46  H   1.0    0.09    1.08    1.44     8.32963    37.34448    27.19939
    47  H   1.0    0.06    1.04    1.43    10.48843    43.52976    25.06040
    48  H   1.0    0.11    1.07    1.44    -2.74706    29.20089    13.70454
    49  H   1.0    0.06    1.04    1.43     3.03553    32.18195    13.87639

  Z AO/shell   Hii/eV     exponent
  1     Wed Apr 25 08:07:45 CEST 2018   EN: 2.200 GM2: 0.406  GM3: 0.0800  RAES: 1.40
     1s    -10.707211    1.230000
  6     Wed Apr 25 08:07:45 CEST 2018   EN: 2.550 GM2: 0.538  GM3: 0.1500  RAES: 3.00
     2s    -13.970922    2.096432
     2p    -10.063292    1.800000
  7     Wed Apr 25 08:07:45 CEST 2018   EN: 3.040 GM2: 0.461  GM3:-0.0640  RAES: 1.90
     2s    -16.686243    2.339881
     2p    -12.523956    2.014332
  8     Wed Apr 25 08:07:45 CEST 2018   EN: 3.440 GM2: 0.452  GM3:-0.0517  RAES: 1.80
     2s    -20.229985    2.439742
     2p    -15.503117    2.137023
 no old-style atom pair restraining (fixing) potential

molecular fragmentation (1/2 indicates fragments):
1111111111111111111111112222222222222222222221122
# atoms in fragment 1/2:    26    23
 fragment masses (1/2) :      159.21      170.14
CMA distance (Bohr)    :  13.734
constraining FC (au)   :  0.0500
           ------------------------------------------------- 
          |        Self-Consistent Charge Iterations        |
           ------------------------------------------------- 

 Ncao       : 115
 Nao        : 115
 Nshell     : 71
 Nel        : 134
 T(el)      :   500.0
 intcut     :    35.0
 scfconv/Eh :  0.100E-06
   qconv/e  :  0.100E-04
 intneglect :  0.100E-08
 broydamp   :      0.400
 iter      E             dE          RMSdq      gap      omega  full diag
   1    -78.7848427 -0.787848E+02  0.531E+00    3.78       0.0  T
   2    -79.0046135 -0.219771E+00  0.248E+00    2.08       1.0  T
   3    -79.0228790 -0.182655E-01  0.138E+00    2.30       1.0  T
   4    -79.0419562 -0.190772E-01  0.331E-01    1.64       1.0  T
   5    -79.0425316 -0.575472E-03  0.160E-01    1.86       1.0  T
   6    -79.0429214 -0.389727E-03  0.560E-02    1.81       1.0  T
   7    -79.0429413 -0.199720E-04  0.270E-02    1.79       1.0  T
   8    -79.0429491 -0.781001E-05  0.856E-03    1.80       1.7  T
   9    -79.0429496 -0.437379E-06  0.434E-03    1.80       3.3  T
  10    -79.0429499 -0.316615E-06  0.128E-03    1.80      11.2  T
  11    -79.0429499 -0.729163E-08  0.439E-04    1.80      32.6  T
  12    -79.0429499 -0.155451E-08  0.147E-04    1.80      97.1  T
  13    -79.0429499 -0.124686E-09  0.625E-05    1.80     228.7  T
  14    -79.0429499 -0.238742E-10  0.190E-05    1.80     753.6  T
speedup  1.34
cpu  time for SCC    0.13 s
wall time for SCC    0.10 s

   *** convergence criteria satisfied after 14 iterations ***

          eigenvalues
 #    :          55         56         57         58         59         60         61         62
 occ. :        2.000      2.000      2.000      2.000      2.000      2.000      2.000      2.000
 eps  :       -12.114    -12.033    -11.895    -11.874    -11.790    -11.739    -11.297    -11.218
 #    :          63         64         65         66         67         68         69         70
 occ. :        2.000      2.000      2.000      2.000      2.000      0.000      0.000      0.000
 eps  :       -10.949    -10.528    -10.348    -10.240    -10.003     -8.203     -7.832     -6.032
 #    :          71         72         73         74         75         76         77         78
 occ. :        0.000      0.000      0.000      0.000      0.000      0.000      0.000      0.000
 eps  :        -4.888     -1.290     -0.008      0.697      0.878      1.007      1.812      1.955


   #   Z            q   n(s)   n(p)   n(d)      C6AA      α(0)
   1   7 N     -0.378  1.315  4.063  0.000    29.762     8.102
   2   6 C      0.030  1.059  2.911  0.000    20.091     6.385
   3   6 C      0.199  1.094  2.707  0.000    23.754     7.982
   4   8 O     -0.376  1.765  4.611  0.000    21.203     6.174
   5   6 C     -0.076  1.053  3.023  0.000    21.941     6.668
   6   6 C     -0.079  1.054  3.026  0.000    22.018     6.681
   7   6 C     -0.027  1.053  2.975  0.000    21.145     6.561
   8   7 N     -0.141  1.217  3.923  0.000    24.044     7.283
   9   6 C      0.234  1.020  2.746  0.000    23.092     7.868
  10   7 N     -0.243  1.225  4.017  0.000    26.337     7.622
  11   7 N     -0.280  1.278  4.003  0.000    27.237     7.751
  12   1 H      0.149  0.851  0.000  0.000     1.408     1.859
  13   1 H      0.076  0.924  0.000  0.000     2.018     2.221
  14   1 H      0.054  0.946  0.000  0.000     2.268     2.355
  15   1 H      0.051  0.949  0.000  0.000     2.313     2.378
  16   1 H      0.055  0.945  0.000  0.000     2.254     2.348
  17   1 H      0.054  0.946  0.000  0.000     2.265     2.353
  18   1 H      0.085  0.915  0.000  0.000     1.930     2.173
  19   1 H      0.085  0.915  0.000  0.000     1.930     2.173
  20   1 H      0.226  0.774  0.000  0.000     0.985     1.554
  21   1 H      0.244  0.756  0.000  0.000     0.906     1.491
  22   1 H      0.250  0.750  0.000  0.000     0.883     1.472
  23   1 H      0.247  0.753  0.000  0.000     0.895     1.482
  24   1 H      0.237  0.763  0.000  0.000     0.937     1.516
  25   8 O     -0.628  1.765  4.863  0.000    25.869     6.864
  26   1 H      0.321  0.679  0.000  0.000     0.661     1.278
  27   1 H      0.312  0.688  0.000  0.000     0.685     1.300
  28   8 O     -0.647  1.774  4.874  0.000    26.350     6.928
  29   1 H      0.312  0.688  0.000  0.000     0.686     1.301
  30   1 H      0.312  0.688  0.000  0.000     0.686     1.301
  31   8 O     -0.663  1.789  4.874  0.000    26.735     6.978
  32   1 H      0.338  0.662  0.000  0.000     0.618     1.235
  33   1 H      0.325  0.675  0.000  0.000     0.650     1.266
  34   7 N     -0.383  1.295  4.087  0.000    29.892     8.120
  35   6 C      0.049  1.055  2.896  0.000    19.775     6.335
  36   6 C      0.183  1.103  2.713  0.000    24.064     8.034
  37   8 O     -0.386  1.742  4.644  0.000    21.394     6.201
  38   6 C     -0.093  1.081  3.012  0.000    22.280     6.720
  39   6 C      0.376  1.022  2.602  0.000    20.638     7.434
  40   8 O     -0.637  1.773  4.864  0.000    27.045     6.972
  41   8 O     -0.630  1.779  4.850  0.000    26.857     6.948
  42   1 H      0.157  0.843  0.000  0.000     1.354     1.823
  43   1 H      0.076  0.924  0.000  0.000     2.024     2.225
  44   1 H      0.028  0.972  0.000  0.000     2.609     2.526
  45   1 H      0.061  0.939  0.000  0.000     2.186     2.312
  46   1 H      0.197  0.803  0.000  0.000     1.121     1.659
  47   1 H      0.077  0.923  0.000  0.000     2.014     2.219
  48   1 H      0.173  0.827  0.000  0.000     1.252     1.753
  49   1 H      0.092  0.908  0.000  0.000     1.855     2.130

 Mol. C6AA /au·bohr⁶  :      19401.517784
 Mol. C8AA /au·bohr⁸  :     410039.114661
 Mol. α(0) /au        :        206.317727

 
molecular dipole:
                 x           y           z       tot (Debye)
 q only:       10.107       7.169       6.926
   full:        9.642       7.288       6.520      34.907
molecular quadrupole (traceless):
                xx          xy          yy          xz          yz          zz
 q only:     -216.940     460.107     188.949     338.316     470.881      27.991
  q+dip:     -219.824     438.972     201.798     321.776     457.932      18.026
   full:     -220.541     438.103     201.721     320.887     457.992      18.820
speedup  1.37
cpu  time for grad    0.17 s
wall time for grad    0.13 s

SCC energy    :     -79.0448649
rep           :       0.8627821
ES            :       0.4187723
AES           :      -0.0229451
AXC           :       0.0251800
disp          :      -0.0366823
XB            :       0.0000000
fix           :       0.0000000
Gborn         :       0.0000000
Gsasa         :       0.0000000
Ghb           :       0.0000000
Gshift        :       0.0000000
Gsolv         :      -0.1359870      -85.33
Etot ala COSMO:     -79.0448649
grad norm     :       0.3318595
total E       :     -78.1816534
atomizationE  :      12.3148924     7727.71
(atE without considering molecular charge,
 total energy contains solvation terms)
H-L gap (eV)  :          1.8006

------------------------------------------------------------------------
 * finished run on 2019/05/04 at 19:52:05.728     
------------------------------------------------------------------------
 total:
 * wall-time:     0 d,  0 h,  0 min,  0.287 sec
 *  cpu-time:     0 d,  0 h,  0 min,  0.245 sec
 * ratio c/w:     0.853 speedup
 SCF:
 * wall-time:     0 d,  0 h,  0 min,  0.143 sec
 *  cpu-time:     0 d,  0 h,  0 min,  0.196 sec
 * ratio c/w:     1.373 speedup

