      -----------------------------------------------------------      
     |                   =====================                   |     
     |                           x T B                           |     
     |                   =====================                   |     
     |                         S. Grimme                         |     
     |          Mulliken Center for Theoretical Chemistry        |     
     |                    University of Bonn                     |     
     |                 Version 6.0.1 (SAW181210)                 |     
      -----------------------------------------------------------      

   This program is distributed in the hope that it will be useful,
   but WITHOUT ANY WARRANTY; without even the implied warranty of
   MERCHANTABILITY or FITNESS FOR A PARTICULAR PURPOSE.
   
   FOR NON-COMMERCIAL, ACADEMIA USE ONLY.
   
   Cite this work as:
   S. Grimme, C. Bannwarth, P. Shushkov, J. Comput. Theory Chem., 2017,
   13, 1989-2009.
   C. Bannwarth, S. Ehlert and S. Grimme., ChemRxiv, 2018, preprint.
   http://doi.org/10.26434/chemrxiv.7246238.v1
   
   for sTDA-xTB:
   S. Grimme and C. Bannwarth, J. Chem. Phys., 2016, 145, 054103.
   
   in the mass-spec context:
   V. Asgeirsson, C. Bauer and S. Grimme, Chem. Sci., 2017, 8, 4879.
   
   if GBSA is used:
   P. Shushkov, F. März and S. Grimme, unpublished.
   
   for ANC optimizer:
   S. Grimme, unpublished.
   Rational Function algorithm used in ANCopt:
   F. Eckert, P. Pulay, H.-J. Werner, J. Comput. Chem., 1997, 18, 1473.
   
   with help from (in alphabetical order)
   C. Bannwarth, F. Bohle, G. Brandenburg, E. Caldeweyher, M. Checinski,
   S. Dohm, S. Ehlert, S. Ehrlich, F. März, H. Neugebauer, J. Pisarek,
   P. Pracht, P. Shushkov, and S. Spicher.
   
 * started run on 2019/05/04 at 19:52:09.055     
========================================================================
 # omp threads = 2
========================================================================
number of atoms            : 73
number of electrons        : 180
charge                     : 0
spin                       : .0
first test random number   : .8176

########################################################################
# WARNING! Please study the warnings concerning your input carefully
#  - Process number higher than OMP_NUM_THREADS, I hope you know what you are doing.
########################################################################

           ------------------------------------------------- 
          |                 G F N 2 - x T B                 |
          | Geometry, Frequencies, Noncovalent interactions |
          |            JCTC 2018 parametrisation            |
           ------------------------------------------------- 
 
      method parameters     
 k(s)        :  1.8500
 k(p)        :  2.2300
 k(d)        :  2.2300
 k(f)        :  2.0000
 kEN (H0ij)  : -2.0000
 D4 a1       :  0.5200
 D4 a2       :  5.0000
 D4 s6       :  1.0000
 D4 s8       :  2.7000
 D4 s9       :  5.0000
 alphaj      :  2.0000

 Solvent             : h2o
 Using internal parameter file: .param_gbsa2_h2o
 Gsolv ref. state (COSMO-RS): gsolv [1 M gas/solution]
 temperature (mdtemp)       :    298.150000000000     
 dielectric constant        :    80.2000000000000     
 rho                        :    1.00000000000000     
 mass                       :    18.0000000000000     
 surface tension            :    15.5689454083859     
 probe radius               :   0.975313790000000     
 vdW radii scaling          :    1.00000000000000     
 Gshift (Eh)                :   1.857443126794793E-003
 c1                         :    1.55243817000000     
 soset                      :   0.130326360000000     
 HB correction              :  T

            Z     q(EN)     CN     RAES       Cart. coordinates
     1  N   5.0   -0.20    3.19    1.95    43.71314    23.88614    22.04176
     2  C   4.0    0.04    4.16    3.93    45.40067    24.66848    24.03542
     3  C   4.0    0.09    3.20    3.04    45.23059    27.48228    24.60234
     4  O   6.0   -0.27    1.11    1.80    45.45736    28.26463    26.81521
     5  C   4.0    0.04    4.14    3.87    48.18234    24.04865    23.27198
     6  O   6.0   -0.23    2.04    1.83    49.01571    25.29965    21.08556
     7  H   1.0    0.09    1.02    1.43    44.38966    22.90348    20.53943
     8  H   1.0    0.05    1.05    1.44    44.96414    23.61779    25.77019
     9  H   1.0    0.06    1.01    1.43    49.38988    24.61935    24.85368
    10  H   1.0    0.05    1.01    1.43    48.32407    22.00208    23.04332
    11  H   1.0    0.15    1.07    1.44    49.49759    24.04676    19.79677
    12  O   6.0   -0.31    1.98    1.82    50.37065    21.60713    17.81067
    13  H   1.0    0.15    1.04    1.44    51.81440    20.92116    18.73096
    14  H   1.0    0.12    0.94    1.42    50.94323    21.97373    16.03810
    15  O   6.0   -0.33    2.04    1.83    53.43956    19.75708    21.16115
    16  H   1.0    0.15    1.04    1.43    54.14443    20.80399    22.51231
    17  H   1.0    0.15    1.01    1.43    52.50793    18.43995    22.02476
    18  O   6.0   -0.31    2.01    1.83    55.83722    19.84349    29.18304
    19  H   1.0    0.13    0.96    1.43    54.43330    18.66199    28.99784
    20  H   1.0    0.13    0.97    1.43    57.35866    18.89769    29.56287
    21  O   6.0   -0.32    1.96    1.82    50.49882    16.28131    23.86913
    22  H   1.0    0.12    0.97    1.43    48.73867    16.56341    23.43638
    23  H   1.0    0.12    0.97    1.43    50.66768    14.46949    24.03920
    24  O   6.0   -0.27    1.92    1.82    58.10244    22.57184    19.54921
    25  H   1.0    0.15    0.98    1.43    57.20782    22.82124    21.11769
    26  H   1.0    0.13    0.97    1.43    57.73948    20.86102    19.06733
    27  O   6.0   -0.32    2.02    1.83    55.47262    22.44786    24.91226
    28  H   1.0    0.14    0.97    1.43    54.73213    24.03656    25.36768
    29  H   1.0    0.15    1.04    1.43    55.62869    21.45566    26.48451
    30  N   5.0   -0.21    3.19    1.95    64.04852    14.26092    26.82655
    31  C   4.0    0.03    4.27    4.14    62.59860    14.77670    24.56455
    32  C   4.0    0.08    3.19    3.04    62.82201    17.61362    23.81433
    33  O   6.0   -0.28    1.11    1.80    62.98750    18.24160    21.60335
    34  C   4.0   -0.02    4.30    4.20    59.82391    13.92099    24.85934
    35  C   4.0   -0.05    4.17    3.93    59.68186    11.02630    25.04265
    36  C   4.0   -0.07    4.11    3.83    58.13882    14.92724    22.72395
    37  C   4.0   -0.08    4.00    3.62    57.07162    10.13898    26.02153
    38  H   1.0    0.08    1.02    1.43    63.10793    13.56949    28.35156
    39  H   1.0    0.05    1.05    1.44    63.46370    13.73562    22.98285
    40  H   1.0    0.04    1.06    1.44    59.14927    14.72290    26.64514
    41  H   1.0    0.04    1.02    1.43    60.05306    10.20195    23.19261
    42  H   1.0    0.04    1.03    1.43    61.11842    10.35225    26.35790
    43  H   1.0    0.04    1.00    1.43    56.20287    14.31576    22.98663
    44  H   1.0    0.06    1.00    1.43    58.14679    16.98080    22.69372
    45  H   1.0    0.05    1.00    1.43    58.82740    14.25994    20.90793
    46  H   1.0    0.04    1.00    1.43    57.07278     8.08851    26.19727
    47  H   1.0    0.04    1.00    1.43    56.72132    10.95358    27.87157
    48  H   1.0    0.04    1.00    1.43    55.56150    10.69855    24.75541
    49  N   5.0   -0.19    3.25    1.97    53.17445    17.22165     9.87760
    50  C   4.0    0.03    4.25    4.10    51.60958    15.18132    10.76766
    51  C   4.0    0.08    3.21    3.04    49.30985    15.04497     8.99510
    52  O   6.0   -0.27    1.12    1.80    48.04018    16.93041     8.47164
    53  C   4.0   -0.04    4.32    4.24    50.82257    15.58449    13.48886
    54  C   4.0   -0.03    4.19    3.98    52.85969    14.42581    15.25198
    55  C   4.0   -0.07    4.08    3.76    55.30105    16.02517    15.42961
    56  C   4.0   -0.07    4.12    3.83    51.83885    13.85825    17.80689
    57  H   1.0    0.09    1.03    1.43    52.69662    18.99037    10.40861
    58  H   1.0    0.04    1.06    1.44    52.66818    13.42714    10.51255
    59  H   1.0    0.05    1.02    1.43    50.54712    17.59225    13.86303
    60  H   1.0    0.05    1.03    1.43    49.03682    14.61458    13.82335
    61  H   1.0    0.04    1.06    1.44    53.39936    12.61424    14.38648
    62  H   1.0    0.04    1.00    1.43    56.69231    15.04784    16.58046
    63  H   1.0    0.04    1.00    1.43    56.09608    16.34889    13.56445
    64  H   1.0    0.05    1.00    1.43    54.87810    17.83866    16.29700
    65  H   1.0    0.04    1.00    1.43    53.27251    12.99269    18.99930
    66  H   1.0    0.05    1.00    1.43    51.19905    15.57491    18.74230
    67  H   1.0    0.04    1.00    1.43    50.24793    12.56223    17.68406
    68  H   1.0    0.10    1.07    1.44    42.50721    22.87306    22.68362
    69  H   1.0    0.07    1.04    1.43    44.93599    28.71281    23.19875
    70  H   1.0    0.09    1.07    1.44    65.24786    13.10562    26.48101
    71  H   1.0    0.06    1.04    1.43    62.83103    18.94716    25.15323
    72  H   1.0    0.09    1.08    1.44    54.76678    16.99950    10.43230
    73  H   1.0    0.05    1.04    1.43    48.80412    13.39327     8.22882

  Z AO/shell   Hii/eV     exponent
  1     Wed Apr 25 08:07:45 CEST 2018   EN: 2.200 GM2: 0.406  GM3: 0.0800  RAES: 1.40
     1s    -10.707211    1.230000
  6     Wed Apr 25 08:07:45 CEST 2018   EN: 2.550 GM2: 0.538  GM3: 0.1500  RAES: 3.00
     2s    -13.970922    2.096432
     2p    -10.063292    1.800000
  7     Wed Apr 25 08:07:45 CEST 2018   EN: 3.040 GM2: 0.461  GM3:-0.0640  RAES: 1.90
     2s    -16.686243    2.339881
     2p    -12.523956    2.014332
  8     Wed Apr 25 08:07:45 CEST 2018   EN: 3.440 GM2: 0.452  GM3:-0.0517  RAES: 1.80
     2s    -20.229985    2.439742
     2p    -15.503117    2.137023
 no old-style atom pair restraining (fixing) potential

molecular fragmentation (1/2 indicates fragments):
111111111112222222222222222222222222222222222222222222222222222222211222
2
# atoms in fragment 1/2:    13    60
 fragment masses (1/2) :       89.09      338.44
CMA distance (Bohr)    :  13.382
constraining FC (au)   :  0.0500
           ------------------------------------------------- 
          |        Self-Consistent Charge Iterations        |
           ------------------------------------------------- 

 Ncao       : 157
 Nao        : 157
 Nshell     : 101
 Nel        : 180
 T(el)      :   500.0
 intcut     :    35.0
 scfconv/Eh :  0.100E-06
   qconv/e  :  0.100E-04
 intneglect :  0.100E-08
 broydamp   :      0.400
 iter      E             dE          RMSdq      gap      omega  full diag
   1   -105.2125911 -0.105213E+03  0.492E+00    3.28       0.0  T
   2   -105.4278070 -0.215216E+00  0.236E+00    1.99       1.0  T
   3   -105.4441727 -0.163657E-01  0.122E+00    2.38       1.0  T
   4   -105.4689394 -0.247667E-01  0.310E-01    2.05       1.0  T
   5   -105.4695837 -0.644319E-03  0.955E-02    2.19       1.0  T
   6   -105.4697950 -0.211343E-03  0.323E-02    2.13       1.0  T
   7   -105.4698000 -0.501724E-05  0.159E-02    2.12       1.0  T
   8   -105.4698031 -0.307256E-05  0.570E-03    2.12       2.1  T
   9   -105.4698035 -0.432523E-06  0.229E-03    2.12       5.1  T
  10   -105.4698037 -0.110126E-06  0.728E-04    2.12      16.1  T
  11   -105.4698037 -0.335415E-08  0.306E-04    2.12      38.3  T
  12   -105.4698037 -0.140705E-08  0.114E-04    2.12     103.0  T
  13   -105.4698037 -0.345935E-09  0.452E-05    2.12     259.2  T
  14   -105.4698037 -0.285496E-10  0.193E-05    2.12     606.8  T
speedup  1.21
cpu  time for SCC    0.39 s
wall time for SCC    0.32 s

   *** convergence criteria satisfied after 14 iterations ***

          eigenvalues
 #    :          78         79         80         81         82         83         84         85
 occ. :        2.000      2.000      2.000      2.000      2.000      2.000      2.000      2.000
 eps  :       -11.736    -11.719    -11.664    -11.568    -11.497    -11.399    -11.311    -11.247
 #    :          86         87         88         89         90         91         92         93
 occ. :        2.000      2.000      2.000      2.000      2.000      0.000      0.000      0.000
 eps  :       -11.147    -11.044    -10.002     -9.942     -9.864     -7.744     -7.734     -7.516
 #    :          94         95         96         97         98         99        100        101
 occ. :        0.000      0.000      0.000      0.000      0.000      0.000      0.000      0.000
 eps  :        -0.109      0.513      0.819      0.952      1.089      1.238      1.489      1.640


   #   Z            q   n(s)   n(p)   n(d)      C6AA      α(0)
   1   7 N     -0.392  1.307  4.085  0.000    30.151     8.155
   2   6 C      0.035  1.059  2.906  0.000    20.014     6.374
   3   6 C      0.202  1.095  2.703  0.000    23.700     7.973
   4   8 O     -0.403  1.769  4.633  0.000    21.736     6.251
   5   6 C      0.085  1.039  2.876  0.000    19.384     6.308
   6   8 O     -0.500  1.728  4.772  0.000    22.884     6.458
   7   1 H      0.176  0.824  0.000  0.000     1.236     1.742
   8   1 H      0.050  0.950  0.000  0.000     2.314     2.379
   9   1 H      0.030  0.970  0.000  0.000     2.590     2.517
  10   1 H      0.055  0.945  0.000  0.000     2.262     2.352
  11   1 H      0.350  0.650  0.000  0.000     0.588     1.205
  12   8 O     -0.646  1.774  4.872  0.000    26.308     6.922
  13   1 H      0.334  0.666  0.000  0.000     0.626     1.243
  14   1 H      0.305  0.695  0.000  0.000     0.707     1.321
  15   8 O     -0.651  1.761  4.890  0.000    26.446     6.941
  16   1 H      0.321  0.679  0.000  0.000     0.661     1.277
  17   1 H      0.316  0.684  0.000  0.000     0.674     1.290
  18   8 O     -0.629  1.768  4.861  0.000    25.884     6.867
  19   1 H      0.344  0.656  0.000  0.000     0.604     1.220
  20   1 H      0.335  0.665  0.000  0.000     0.625     1.242
  21   8 O     -0.624  1.761  4.862  0.000    25.756     6.850
  22   1 H      0.324  0.676  0.000  0.000     0.654     1.271
  23   1 H      0.323  0.677  0.000  0.000     0.655     1.271
  24   8 O     -0.639  1.768  4.871  0.000    26.132     6.899
  25   1 H      0.324  0.676  0.000  0.000     0.653     1.269
  26   1 H      0.307  0.693  0.000  0.000     0.701     1.315
  27   8 O     -0.653  1.761  4.892  0.000    26.480     6.945
  28   1 H      0.311  0.689  0.000  0.000     0.688     1.303
  29   1 H      0.340  0.660  0.000  0.000     0.613     1.230
  30   7 N     -0.393  1.317  4.076  0.000    30.170     8.158
  31   6 C      0.035  1.064  2.902  0.000    20.015     6.373
  32   6 C      0.200  1.093  2.707  0.000    23.742     7.979
  33   8 O     -0.374  1.760  4.614  0.000    21.167     6.168
  34   6 C     -0.021  1.071  2.950  0.000    20.917     6.505
  35   6 C     -0.061  1.053  3.008  0.000    21.665     6.627
  36   6 C     -0.115  1.038  3.077  0.000    22.755     6.802
  37   6 C     -0.114  1.041  3.073  0.000    22.746     6.802
  38   1 H      0.168  0.832  0.000  0.000     1.288     1.778
  39   1 H      0.042  0.958  0.000  0.000     2.423     2.434
  40   1 H      0.044  0.956  0.000  0.000     2.393     2.419
  41   1 H      0.037  0.963  0.000  0.000     2.495     2.470
  42   1 H      0.034  0.966  0.000  0.000     2.526     2.485
  43   1 H      0.061  0.939  0.000  0.000     2.191     2.315
  44   1 H      0.043  0.957  0.000  0.000     2.411     2.428
  45   1 H      0.035  0.965  0.000  0.000     2.510     2.478
  46   1 H      0.039  0.961  0.000  0.000     2.466     2.456
  47   1 H      0.043  0.957  0.000  0.000     2.410     2.428
  48   1 H      0.045  0.955  0.000  0.000     2.386     2.416
  49   7 N     -0.386  1.315  4.071  0.000    29.998     8.134
  50   6 C      0.043  1.055  2.902  0.000    19.872     6.349
  51   6 C      0.197  1.095  2.709  0.000    23.805     7.991
  52   8 O     -0.377  1.764  4.613  0.000    21.226     6.177
  53   6 C     -0.070  1.059  3.011  0.000    21.834     6.652
  54   6 C     -0.009  1.059  2.950  0.000    20.708     6.473
  55   6 C     -0.115  1.042  3.073  0.000    22.757     6.803
  56   6 C     -0.118  1.037  3.081  0.000    22.817     6.810
  57   1 H      0.161  0.839  0.000  0.000     1.327     1.804
  58   1 H      0.051  0.949  0.000  0.000     2.308     2.376
  59   1 H      0.056  0.944  0.000  0.000     2.242     2.342
  60   1 H      0.037  0.963  0.000  0.000     2.486     2.466
  61   1 H      0.027  0.973  0.000  0.000     2.636     2.539
  62   1 H      0.040  0.960  0.000  0.000     2.451     2.448
  63   1 H      0.032  0.968  0.000  0.000     2.562     2.503
  64   1 H      0.048  0.952  0.000  0.000     2.348     2.396
  65   1 H      0.045  0.955  0.000  0.000     2.388     2.417
  66   1 H      0.057  0.943  0.000  0.000     2.232     2.336
  67   1 H      0.034  0.966  0.000  0.000     2.529     2.487
  68   1 H      0.186  0.814  0.000  0.000     1.180     1.702
  69   1 H      0.080  0.920  0.000  0.000     1.977     2.198
  70   1 H      0.179  0.821  0.000  0.000     1.217     1.728
  71   1 H      0.074  0.926  0.000  0.000     2.044     2.236
  72   1 H      0.183  0.817  0.000  0.000     1.198     1.715
  73   1 H      0.067  0.933  0.000  0.000     2.122     2.278

 Mol. C6AA /au·bohr⁶  :      37019.220663
 Mol. C8AA /au·bohr⁸  :     760044.201543
 Mol. α(0) /au        :        283.267908

 
molecular dipole:
                 x           y           z       tot (Debye)
 q only:        0.321      -5.266       2.705
   full:        0.293      -6.601       3.359      18.840
molecular quadrupole (traceless):
                xx          xy          yy          xz          yz          zz
 q only:       70.526    -402.311    -269.308     237.540    -111.664     198.782
  q+dip:       76.127    -509.680    -326.306     288.683    -135.740     250.179
   full:       78.730    -509.022    -328.625     287.848    -136.990     249.895
speedup  1.27
cpu  time for grad    0.44 s
wall time for grad    0.35 s

SCC energy    :    -105.4718119
rep           :       1.1694948
ES            :       0.3715524
AES           :      -0.0009495
AXC           :       0.0335176
disp          :      -0.0523491
XB            :       0.0000000
fix           :       0.0000000
Gborn         :       0.0000000
Gsasa         :       0.0000000
Ghb           :       0.0000000
Gshift        :       0.0000000
Gsolv         :      -0.0641544      -40.26
Etot ala COSMO:    -105.4718119
grad norm     :       0.3975851
total E       :    -104.3006328
atomizationE  :      17.0007592    10668.14
(atE without considering molecular charge,
 total energy contains solvation terms)
H-L gap (eV)  :          2.1194

------------------------------------------------------------------------
 * finished run on 2019/05/04 at 19:52:09.688     
------------------------------------------------------------------------
 total:
 * wall-time:     0 d,  0 h,  0 min,  0.631 sec
 *  cpu-time:     0 d,  0 h,  0 min,  0.642 sec
 * ratio c/w:     1.017 speedup
 SCF:
 * wall-time:     0 d,  0 h,  0 min,  0.371 sec
 *  cpu-time:     0 d,  0 h,  0 min,  0.477 sec
 * ratio c/w:     1.285 speedup

