      -----------------------------------------------------------      
     |                   =====================                   |     
     |                           x T B                           |     
     |                   =====================                   |     
     |                         S. Grimme                         |     
     |          Mulliken Center for Theoretical Chemistry        |     
     |                    University of Bonn                     |     
     |                 Version 6.0.1 (SAW181210)                 |     
      -----------------------------------------------------------      

   This program is distributed in the hope that it will be useful,
   but WITHOUT ANY WARRANTY; without even the implied warranty of
   MERCHANTABILITY or FITNESS FOR A PARTICULAR PURPOSE.
   
   FOR NON-COMMERCIAL, ACADEMIA USE ONLY.
   
   Cite this work as:
   S. Grimme, C. Bannwarth, P. Shushkov, J. Comput. Theory Chem., 2017,
   13, 1989-2009.
   C. Bannwarth, S. Ehlert and S. Grimme., ChemRxiv, 2018, preprint.
   http://doi.org/10.26434/chemrxiv.7246238.v1
   
   for sTDA-xTB:
   S. Grimme and C. Bannwarth, J. Chem. Phys., 2016, 145, 054103.
   
   in the mass-spec context:
   V. Asgeirsson, C. Bauer and S. Grimme, Chem. Sci., 2017, 8, 4879.
   
   if GBSA is used:
   P. Shushkov, F. März and S. Grimme, unpublished.
   
   for ANC optimizer:
   S. Grimme, unpublished.
   Rational Function algorithm used in ANCopt:
   F. Eckert, P. Pulay, H.-J. Werner, J. Comput. Chem., 1997, 18, 1473.
   
   with help from (in alphabetical order)
   C. Bannwarth, F. Bohle, G. Brandenburg, E. Caldeweyher, M. Checinski,
   S. Dohm, S. Ehlert, S. Ehrlich, F. März, H. Neugebauer, J. Pisarek,
   P. Pracht, P. Shushkov, and S. Spicher.
   
 * started run on 2019/05/04 at 19:52:04.420     
========================================================================
 # omp threads = 2
========================================================================
number of atoms            : 56
number of electrons        : 146
charge                     : 0
spin                       : .0
first test random number   : .9347

########################################################################
# WARNING! Please study the warnings concerning your input carefully
#  - Process number higher than OMP_NUM_THREADS, I hope you know what you are doing.
########################################################################

           ------------------------------------------------- 
          |                 G F N 2 - x T B                 |
          | Geometry, Frequencies, Noncovalent interactions |
          |            JCTC 2018 parametrisation            |
           ------------------------------------------------- 
 
      method parameters     
 k(s)        :  1.8500
 k(p)        :  2.2300
 k(d)        :  2.2300
 k(f)        :  2.0000
 kEN (H0ij)  : -2.0000
 D4 a1       :  0.5200
 D4 a2       :  5.0000
 D4 s6       :  1.0000
 D4 s8       :  2.7000
 D4 s9       :  5.0000
 alphaj      :  2.0000

 Solvent             : h2o
 Using internal parameter file: .param_gbsa2_h2o
 Gsolv ref. state (COSMO-RS): gsolv [1 M gas/solution]
 temperature (mdtemp)       :    298.150000000000     
 dielectric constant        :    80.2000000000000     
 rho                        :    1.00000000000000     
 mass                       :    18.0000000000000     
 surface tension            :    15.5689454083859     
 probe radius               :   0.975313790000000     
 vdW radii scaling          :    1.00000000000000     
 Gshift (Eh)                :   1.857443126794793E-003
 c1                         :    1.55243817000000     
 soset                      :   0.130326360000000     
 HB correction              :  T

            Z     q(EN)     CN     RAES       Cart. coordinates
     1  N   5.0   -0.18    3.26    1.97    55.41999    49.19713    12.83313
     2  C   4.0    0.03    4.23    4.07    58.13553    49.62420    12.81234
     3  C   4.0    0.08    3.22    3.04    58.71567    52.39454    13.20352
     4  O   6.0   -0.29    1.18    1.80    57.34184    54.10852    12.31156
     5  C   4.0   -0.05    4.27    4.14    59.26747    48.73981    10.30468
     6  C   4.0   -0.05    4.24    4.08    58.60796    45.97136     9.81335
     7  C   4.0   -0.04    4.15    3.90    58.95756    45.20602     7.07702
     8  C   4.0   -0.03    4.12    3.84    58.38119    42.36199     6.82380
     9  N   5.0   -0.12    4.02    2.92    55.72802    41.71003     7.54757
    10  H   1.0    0.12    1.07    1.44    54.43734    49.68656    11.24576
    11  H   1.0    0.04    1.05    1.44    58.91221    48.53950    14.38837
    12  H   1.0    0.05    1.03    1.43    58.46434    49.93979     8.82313
    13  H   1.0    0.04    1.02    1.43    61.30082    49.07240    10.33302
    14  H   1.0    0.04    1.03    1.43    59.78715    44.81107    11.04167
    15  H   1.0    0.05    1.05    1.44    56.63887    45.73893    10.37649
    16  H   1.0    0.05    1.02    1.43    57.69711    46.30773     5.87705
    17  H   1.0    0.04    1.03    1.43    60.89453    45.54995     6.47042
    18  H   1.0    0.05    1.02    1.43    58.65142    41.79696     4.86415
    19  H   1.0    0.04    1.02    1.43    59.69266    41.31886     8.02189
    20  H   1.0    0.06    1.02    1.43    55.43700    39.80897     7.35481
    21  H   1.0    0.06    1.02    1.43    55.29149    42.20325     9.37304
    22  H   1.0    0.10    1.17    1.46    54.43545    42.73426     6.30602
    23  N   5.0   -0.20    3.18    1.95    57.83128    57.19634     8.02189
    24  C   4.0    0.04    4.22    4.04    55.28015    57.54027     6.99199
    25  C   4.0    0.09    3.20    3.04    54.03671    59.92699     7.98409
    26  O   6.0   -0.27    1.12    1.80    52.05439    60.72634     7.02222
    27  C   4.0   -0.03    4.23    4.06    53.49814    55.24803     7.45875
    28  C   4.0   -0.03    4.20    4.00    54.29183    53.10886     5.74288
    29  C   4.0    0.25    3.10    3.02    53.12776    50.49915     6.27767
    30  O   6.0   -0.30    1.22    1.80    52.45690    49.91522     8.46030
    31  O   6.0   -0.33    1.33    1.80    53.20712    49.02138     4.42385
    32  H   1.0    0.12    1.06    1.44    57.99002    56.20990     9.66784
    33  H   1.0    0.05    1.06    1.44    55.47857    57.80861     4.94919
    34  H   1.0    0.07    1.03    1.43    53.66822    54.71701     9.44296
    35  H   1.0    0.07    1.03    1.43    51.56873    55.86975     7.07891
    36  H   1.0    0.05    1.03    1.43    53.92900    53.60397     3.77378
    37  H   1.0    0.04    1.03    1.43    56.33840    52.86319     5.94697
    38  O   6.0   -0.29    1.91    1.82    63.97100    50.04183     5.43863
    39  H   1.0    0.12    0.96    1.43    64.65130    50.93756     6.89561
    40  H   1.0    0.12    0.97    1.43    62.28726    49.56373     5.93374
    41  O   6.0   -0.31    2.15    1.85    52.73469    44.07030     4.51833
    42  H   1.0    0.13    0.96    1.43    52.94445    43.56196     2.76467
    43  H   1.0    0.17    1.05    1.44    52.86319    45.91467     4.55046
    44  O   6.0   -0.31    1.98    1.82    56.57084    49.35397     0.27590
    45  H   1.0    0.13    0.97    1.43    58.06183    50.18734     0.86549
    46  H   1.0    0.15    1.00    1.43    55.35007    49.35586     1.65729
    47  O   6.0   -0.27    1.95    1.82    55.05607    48.09105    -4.51833
    48  H   1.0    0.15    1.01    1.43    55.60118    48.16356    -2.76467
    49  H   1.0    0.14    0.96    1.43    53.52305    47.05758    -4.55046
    50  O   6.0   -0.27    1.94    1.82    54.47260    53.00205    -5.42162
    51  H   1.0    0.15    0.99    1.43    55.08667    52.01025    -4.03079
    52  H   1.0    0.14    0.97    1.43    55.68824    54.30179    -5.77311
    53  H   1.0    0.09    1.08    1.44    55.10740    47.54183    13.06730
    54  H   1.0    0.05    1.04    1.44    60.23597    52.90992    14.20058
    55  H   1.0    0.10    1.07    1.44    58.78979    56.35659     6.89554
    56  H   1.0    0.07    1.04    1.44    54.81556    60.86923     9.42515

  Z AO/shell   Hii/eV     exponent
  1     Wed Apr 25 08:07:45 CEST 2018   EN: 2.200 GM2: 0.406  GM3: 0.0800  RAES: 1.40
     1s    -10.707211    1.230000
  6     Wed Apr 25 08:07:45 CEST 2018   EN: 2.550 GM2: 0.538  GM3: 0.1500  RAES: 3.00
     2s    -13.970922    2.096432
     2p    -10.063292    1.800000
  7     Wed Apr 25 08:07:45 CEST 2018   EN: 3.040 GM2: 0.461  GM3:-0.0640  RAES: 1.90
     2s    -16.686243    2.339881
     2p    -12.523956    2.014332
  8     Wed Apr 25 08:07:45 CEST 2018   EN: 3.440 GM2: 0.452  GM3:-0.0517  RAES: 1.80
     2s    -20.229985    2.439742
     2p    -15.503117    2.137023
 no old-style atom pair restraining (fixing) potential

molecular fragmentation (1/2 indicates fragments):
11111111111111111111112222222222222222222222222222221122
# atoms in fragment 1/2:    24    32
 fragment masses (1/2) :      131.20      220.20
CMA distance (Bohr)    :   8.213
constraining FC (au)   :  0.0500
           ------------------------------------------------- 
          |        Self-Consistent Charge Iterations        |
           ------------------------------------------------- 

 Ncao       : 125
 Nao        : 125
 Nshell     : 79
 Nel        : 146
 T(el)      :   500.0
 intcut     :    35.0
 scfconv/Eh :  0.100E-06
   qconv/e  :  0.100E-04
 intneglect :  0.100E-08
 broydamp   :      0.400
 iter      E             dE          RMSdq      gap      omega  full diag
   1    -86.2823419 -0.862823E+02  0.514E+00    3.65       0.0  T
   2    -86.4862321 -0.203890E+00  0.247E+00    1.95       1.0  T
   3    -86.5023416 -0.161095E-01  0.129E+00    2.21       1.0  T
   4    -86.5254320 -0.230904E-01  0.348E-01    1.64       1.0  T
   5    -86.5260310 -0.599004E-03  0.148E-01    1.81       1.0  T
   6    -86.5263433 -0.312242E-03  0.522E-02    1.74       1.0  T
   7    -86.5263632 -0.199064E-04  0.257E-02    1.73       1.0  T
   8    -86.5263694 -0.619486E-05  0.870E-03    1.73       1.5  T
   9    -86.5263705 -0.111841E-05  0.370E-03    1.73       3.6  T
  10    -86.5263707 -0.194644E-06  0.127E-03    1.73      10.5  T
  11    -86.5263707 -0.221574E-07  0.438E-04    1.73      30.5  T
  12    -86.5263707 -0.165905E-08  0.141E-04    1.73      95.1  T
  13    -86.5263707 -0.109083E-09  0.618E-05    1.73     216.2  T
  14    -86.5263707 -0.366924E-10  0.177E-05    1.73     754.2  T
speedup  1.76
cpu  time for SCC    0.17 s
wall time for SCC    0.10 s

   *** convergence criteria satisfied after 14 iterations ***

          eigenvalues
 #    :          61         62         63         64         65         66         67         68
 occ. :        2.000      2.000      2.000      2.000      2.000      2.000      2.000      2.000
 eps  :       -12.109    -12.088    -11.993    -11.905    -11.613    -11.413    -11.347    -11.321
 #    :          69         70         71         72         73         74         75         76
 occ. :        2.000      2.000      2.000      2.000      2.000      0.000      0.000      0.000
 eps  :       -11.197    -10.854    -10.392    -10.023     -9.807     -8.075     -7.769     -5.174
 #    :          77         78         79         80         81         82         83         84
 occ. :        0.000      0.000      0.000      0.000      0.000      0.000      0.000      0.000
 eps  :        -1.667      0.678      0.989      1.082      1.187      1.376      1.573      1.625


   #   Z            q   n(s)   n(p)   n(d)      C6AA      α(0)
   1   7 N     -0.409  1.332  4.077  0.000    30.623     8.219
   2   6 C      0.044  1.053  2.904  0.000    19.853     6.347
   3   6 C      0.189  1.093  2.718  0.000    23.953     8.015
   4   8 O     -0.391  1.772  4.618  0.000    21.500     6.217
   5   6 C     -0.060  1.053  3.007  0.000    21.640     6.622
   6   6 C     -0.075  1.050  3.026  0.000    21.936     6.667
   7   6 C     -0.081  1.050  3.031  0.000    22.045     6.685
   8   6 C     -0.040  1.058  2.982  0.000    21.390     6.601
   9   7 N     -0.192  1.251  3.941  0.000    25.157     7.449
  10   1 H      0.179  0.821  0.000  0.000     1.221     1.731
  11   1 H      0.060  0.940  0.000  0.000     2.197     2.318
  12   1 H      0.028  0.972  0.000  0.000     2.618     2.530
  13   1 H      0.043  0.957  0.000  0.000     2.411     2.428
  14   1 H      0.063  0.937  0.000  0.000     2.159     2.298
  15   1 H      0.054  0.946  0.000  0.000     2.273     2.358
  16   1 H      0.060  0.940  0.000  0.000     2.194     2.316
  17   1 H      0.075  0.925  0.000  0.000     2.028     2.227
  18   1 H      0.110  0.890  0.000  0.000     1.695     2.036
  19   1 H      0.105  0.895  0.000  0.000     1.743     2.064
  20   1 H      0.280  0.720  0.000  0.000     0.775     1.379
  21   1 H      0.258  0.742  0.000  0.000     0.853     1.447
  22   1 H      0.311  0.689  0.000  0.000     0.681     1.292
  23   7 N     -0.400  1.328  4.073  0.000    30.382     8.186
  24   6 C      0.037  1.062  2.901  0.000    19.968     6.365
  25   6 C      0.198  1.094  2.709  0.000    23.787     7.987
  26   8 O     -0.404  1.767  4.637  0.000    21.754     6.253
  27   6 C     -0.049  1.051  2.998  0.000    21.455     6.595
  28   6 C     -0.085  1.062  3.024  0.000    22.121     6.696
  29   6 C      0.368  1.024  2.608  0.000    20.767     7.458
  30   8 O     -0.597  1.769  4.828  0.000    26.044     6.842
  31   8 O     -0.612  1.754  4.858  0.000    26.413     6.891
  32   1 H      0.182  0.818  0.000  0.000     1.205     1.720
  33   1 H      0.067  0.933  0.000  0.000     2.116     2.275
  34   1 H      0.055  0.945  0.000  0.000     2.263     2.352
  35   1 H      0.024  0.976  0.000  0.000     2.671     2.556
  36   1 H      0.029  0.971  0.000  0.000     2.606     2.525
  37   1 H      0.035  0.965  0.000  0.000     2.515     2.480
  38   8 O     -0.637  1.776  4.861  0.000    26.087     6.893
  39   1 H      0.330  0.670  0.000  0.000     0.637     1.254
  40   1 H      0.303  0.697  0.000  0.000     0.712     1.326
  41   8 O     -0.616  1.745  4.871  0.000    25.564     6.825
  42   1 H      0.346  0.654  0.000  0.000     0.598     1.215
  43   1 H      0.333  0.667  0.000  0.000     0.630     1.247
  44   8 O     -0.638  1.752  4.886  0.000    26.106     6.896
  45   1 H      0.316  0.684  0.000  0.000     0.675     1.290
  46   1 H      0.316  0.684  0.000  0.000     0.674     1.290
  47   8 O     -0.657  1.781  4.876  0.000    26.585     6.959
  48   1 H      0.324  0.676  0.000  0.000     0.654     1.271
  49   1 H      0.320  0.680  0.000  0.000     0.663     1.279
  50   8 O     -0.657  1.770  4.888  0.000    26.597     6.961
  51   1 H      0.322  0.678  0.000  0.000     0.660     1.276
  52   1 H      0.325  0.675  0.000  0.000     0.651     1.268
  53   1 H      0.183  0.817  0.000  0.000     1.199     1.715
  54   1 H      0.073  0.927  0.000  0.000     2.057     2.243
  55   1 H      0.180  0.820  0.000  0.000     1.212     1.724
  56   1 H      0.077  0.923  0.000  0.000     2.007     2.215

 Mol. C6AA /au·bohr⁶  :      22772.839122
 Mol. C8AA /au·bohr⁸  :     472262.093958
 Mol. α(0) /au        :        221.571466

 
molecular dipole:
                 x           y           z       tot (Debye)
 q only:        4.499      -8.796       2.717
   full:        4.600      -8.746       3.255      26.446
molecular quadrupole (traceless):
                xx          xy          yy          xz          yz          zz
 q only:      909.312    -381.146   -1091.510     283.208     105.545     182.197
  q+dip:      919.014    -367.500   -1095.015     333.431     144.171     176.001
   full:      919.892    -366.549   -1095.795     332.074     144.093     175.903
speedup  1.81
cpu  time for grad    0.23 s
wall time for grad    0.13 s

SCC energy    :     -86.5266576
rep           :       0.8883268
ES            :       0.4409483
AES           :      -0.0306554
AXC           :       0.0222086
disp          :      -0.0431218
XB            :       0.0000000
fix           :       0.0000000
Gborn         :       0.0000000
Gsasa         :       0.0000000
Ghb           :       0.0000000
Gshift        :       0.0000000
Gsolv         :      -0.1133103      -71.10
Etot ala COSMO:     -86.5266576
grad norm     :       0.3354106
total E       :     -85.6366395
atomizationE  :      13.3158697     8355.83
(atE without considering molecular charge,
 total energy contains solvation terms)
H-L gap (eV)  :          1.7318

------------------------------------------------------------------------
 * finished run on 2019/05/04 at 19:52:04.691     
------------------------------------------------------------------------
 total:
 * wall-time:     0 d,  0 h,  0 min,  0.270 sec
 *  cpu-time:     0 d,  0 h,  0 min,  0.342 sec
 * ratio c/w:     1.267 speedup
 SCF:
 * wall-time:     0 d,  0 h,  0 min,  0.142 sec
 *  cpu-time:     0 d,  0 h,  0 min,  0.259 sec
 * ratio c/w:     1.830 speedup

