      -----------------------------------------------------------      
     |                   =====================                   |     
     |                           x T B                           |     
     |                   =====================                   |     
     |                         S. Grimme                         |     
     |          Mulliken Center for Theoretical Chemistry        |     
     |                    University of Bonn                     |     
     |                 Version 6.0.1 (SAW181210)                 |     
      -----------------------------------------------------------      

   This program is distributed in the hope that it will be useful,
   but WITHOUT ANY WARRANTY; without even the implied warranty of
   MERCHANTABILITY or FITNESS FOR A PARTICULAR PURPOSE.
   
   FOR NON-COMMERCIAL, ACADEMIA USE ONLY.
   
   Cite this work as:
   S. Grimme, C. Bannwarth, P. Shushkov, J. Comput. Theory Chem., 2017,
   13, 1989-2009.
   C. Bannwarth, S. Ehlert and S. Grimme., ChemRxiv, 2018, preprint.
   http://doi.org/10.26434/chemrxiv.7246238.v1
   
   for sTDA-xTB:
   S. Grimme and C. Bannwarth, J. Chem. Phys., 2016, 145, 054103.
   
   in the mass-spec context:
   V. Asgeirsson, C. Bauer and S. Grimme, Chem. Sci., 2017, 8, 4879.
   
   if GBSA is used:
   P. Shushkov, F. März and S. Grimme, unpublished.
   
   for ANC optimizer:
   S. Grimme, unpublished.
   Rational Function algorithm used in ANCopt:
   F. Eckert, P. Pulay, H.-J. Werner, J. Comput. Chem., 1997, 18, 1473.
   
   with help from (in alphabetical order)
   C. Bannwarth, F. Bohle, G. Brandenburg, E. Caldeweyher, M. Checinski,
   S. Dohm, S. Ehlert, S. Ehrlich, F. März, H. Neugebauer, J. Pisarek,
   P. Pracht, P. Shushkov, and S. Spicher.
   
 * started run on 2019/05/04 at 19:51:48.280     
========================================================================
 # omp threads = 2
========================================================================
number of atoms            : 184
number of electrons        : 480
charge                     : 2
spin                       : .0
first test random number   : .9972

########################################################################
# WARNING! Please study the warnings concerning your input carefully
#  - Process number higher than OMP_NUM_THREADS, I hope you know what you are doing.
########################################################################

           ------------------------------------------------- 
          |                 G F N 2 - x T B                 |
          | Geometry, Frequencies, Noncovalent interactions |
          |            JCTC 2018 parametrisation            |
           ------------------------------------------------- 
 
      method parameters     
 k(s)        :  1.8500
 k(p)        :  2.2300
 k(d)        :  2.2300
 k(f)        :  2.0000
 kEN (H0ij)  : -2.0000
 D4 a1       :  0.5200
 D4 a2       :  5.0000
 D4 s6       :  1.0000
 D4 s8       :  2.7000
 D4 s9       :  5.0000
 alphaj      :  2.0000

 Solvent             : h2o
 Using internal parameter file: .param_gbsa2_h2o
 Gsolv ref. state (COSMO-RS): gsolv [1 M gas/solution]
 temperature (mdtemp)       :    298.150000000000     
 dielectric constant        :    80.2000000000000     
 rho                        :    1.00000000000000     
 mass                       :    18.0000000000000     
 surface tension            :    15.5689454083859     
 probe radius               :   0.975313790000000     
 vdW radii scaling          :    1.00000000000000     
 Gshift (Eh)                :   1.857443126794793E-003
 c1                         :    1.55243817000000     
 soset                      :   0.130326360000000     
 HB correction              :  T

            Z     q(EN)     CN     RAES       Cart. coordinates
     1  N   5.0   -0.21    3.24    1.97    24.41715    67.00968    33.15524
     2  C   4.0    0.02    4.32    4.23    22.63325    65.26169    34.35522
     3  C   4.0    0.15    3.42    3.08    20.01409    66.43143    34.49506
     4  O   6.0   -0.31    1.29    1.80    18.08090    65.13318    34.36278
     5  C   4.0   -0.04    4.25    4.09    23.59890    64.70422    37.08398
     6  C   4.0   -0.04    4.22    4.04    25.93271    63.03181    36.87611
     7  C   4.0   -0.00    4.21    4.03    25.50563    60.21990    36.64557
     8  N   5.0   -0.13    3.40    2.02    24.71384    59.15976    39.06064
     9  C   4.0    0.11    3.34    3.06    24.64203    56.69934    39.54818
    10  N   5.0   -0.17    3.26    1.97    25.70216    55.01181    38.03262
    11  N   5.0   -0.16    3.24    1.97    23.37780    55.89242    41.58531
    12  H   1.0    0.10    1.02    1.43    25.95539    67.61628    34.11900
    13  H   1.0    0.04    1.05    1.44    22.51231    63.53070    33.23272
    14  H   1.0    0.06    1.03    1.43    24.02976    66.49757    37.98916
    15  H   1.0    0.06    1.03    1.43    22.10034    63.77447    38.14034
    16  H   1.0    0.05    1.04    1.43    27.05332    63.63652    35.26040
    17  H   1.0    0.06    1.03    1.43    27.11757    63.33228    38.53907
    18  H   1.0    0.05    1.02    1.43    24.07322    59.80227    35.21126
    19  H   1.0    0.05    1.03    1.43    27.28386    59.34873    36.07676
    20  H   1.0    0.09    1.07    1.44    23.66504    60.32383    40.15290
    21  H   1.0    0.10    1.03    1.43    26.69805    55.46157    36.46037
    22  H   1.0    0.11    1.03    1.43    25.68327    53.17500    38.53340
    23  H   1.0    0.11    1.03    1.43    22.74852    57.14342    42.87221
    24  H   1.0    0.11    1.03    1.43    23.46851    54.06506    42.11443
    25  N   5.0   -0.13    3.47    2.06    19.96495    68.89563    35.05253
    26  C   4.0    0.04    4.47    4.50    17.55555    70.26568    34.99772
    27  C   4.0    0.15    3.44    3.09    16.22519    70.23355    32.41636
    28  O   6.0   -0.31    1.28    1.80    13.94240    69.92364    32.35967
    29  C   4.0    0.05    4.24    4.07    17.92405    72.99822    35.87078
    30  O   6.0   -0.23    2.13    1.84    18.90482    72.91886    38.35766
    31  C   4.0   -0.05    4.08    3.76    15.54867    74.60638    35.64968
    32  H   1.0    0.09    1.06    1.44    21.55232    69.89718    35.42480
    33  H   1.0    0.07    1.06    1.44    16.25731    69.30948    36.30919
    34  H   1.0    0.06    1.04    1.43    19.41882    73.83726    34.70104
    35  H   1.0    0.15    1.08    1.44    17.59524    72.40107    39.55007
    36  H   1.0    0.07    1.00    1.43    15.88882    76.47343    36.43014
    37  H   1.0    0.06    1.00    1.43    15.00820    74.82559    33.68437
    38  H   1.0    0.06    1.00    1.43    13.98775    73.75222    36.67769
    39  N   5.0   -0.15    3.44    2.04    17.71240    70.56804    30.38679
    40  C   4.0    0.03    4.45    4.46    16.60124    70.35072    27.79220
    41  C   4.0    0.15    3.47    3.10    15.61858    67.66920    27.31410
    42  O   6.0   -0.29    1.24    1.80    13.59469    67.28558    26.16326
    43  C   4.0   -0.03    4.34    4.27    18.55900    71.17464    25.86279
    44  C   4.0   -0.04    4.17    3.93    18.92372    74.09615    25.97239
    45  C   4.0   -0.06    4.13    3.87    17.98452    70.33560    23.17182
    46  C   4.0   -0.05    4.03    3.67    21.28020    74.80291    24.45494
    47  H   1.0    0.08    1.05    1.44    19.59079    70.87984    30.59277
    48  H   1.0    0.06    1.05    1.44    14.93828    71.58849    27.70338
    49  H   1.0    0.04    1.06    1.44    20.34668    70.29025    26.43160
    50  H   1.0    0.06    1.02    1.43    17.25887    75.02590    25.19194
    51  H   1.0    0.05    1.03    1.43    19.17883    74.65740    27.93582
    52  H   1.0    0.06    1.00    1.43    19.61536    70.62662    21.96239
    53  H   1.0    0.06    1.01    1.43    17.50453    68.34194    23.10946
    54  H   1.0    0.06    1.00    1.43    16.39904    71.39763    22.40459
    55  H   1.0    0.07    1.00    1.43    21.73752    76.78523    24.75541
    56  H   1.0    0.06    1.00    1.43    22.88080    73.65207    25.03320
    57  H   1.0    0.06    1.00    1.43    20.98163    74.54780    22.44050
    58  N   5.0   -0.14    3.46    2.05    17.00753    65.76624    28.17770
    59  C   4.0    0.04    4.45    4.46    16.04377    63.19622    27.82432
    60  C   4.0    0.16    3.42    3.09    13.60414    62.68599    29.33422
    61  O   6.0   -0.32    1.28    1.80    12.02244    61.21578    28.47061
    62  C   4.0   -0.04    4.34    4.28    17.93917    61.17610    28.60289
    63  C   4.0   -0.02    4.16    3.92    20.52431    61.28003    27.20638
    64  C   4.0   -0.07    4.08    3.76    22.23074    59.08606    28.05109
    65  C   4.0   -0.06    4.12    3.84    20.11802    61.32728    24.37935
    66  H   1.0    0.08    1.06    1.44    18.75553    66.03458    28.92037
    67  H   1.0    0.06    1.06    1.44    15.53733    62.97890    25.83066
    68  H   1.0    0.06    1.03    1.43    18.26231    61.33484    30.63435
    69  H   1.0    0.05    1.03    1.43    17.05667    59.35062    28.22873
    70  H   1.0    0.04    1.06    1.44    21.47485    63.02992    27.74496
    71  H   1.0    0.06    1.00    1.43    24.00897    59.16921    27.03064
    72  H   1.0    0.04    1.00    1.43    22.58600    59.18811    30.06743
    73  H   1.0    0.05    1.00    1.43    21.34445    57.27381    27.63913
    74  H   1.0    0.06    1.00    1.43    21.83578    60.79437    23.37969
    75  H   1.0    0.06    1.00    1.43    18.61569    60.05171    23.80866
    76  H   1.0    0.05    1.00    1.43    19.63803    63.22834    23.78787
    77  N   5.0   -0.12    3.40    2.02    13.39438    63.84439    31.52441
    78  C   4.0    0.02    4.25    4.11    11.33647    63.47212    33.31020
    79  C   4.0    0.16    3.37    3.07    11.87882    61.33672    35.09977
    80  O   6.0   -0.30    1.36    1.80    13.75532    59.91376    34.90702
    81  H   1.0    0.12    1.09    1.44    14.92128    64.76280    32.23683
    82  H   1.0    0.06    1.03    1.43    11.06812    65.22767    34.35900
    83  H   1.0    0.06    1.03    1.43     9.61115    63.05071    32.25195
    84  N   5.0   -0.13    3.42    2.03    10.05334    60.89264    36.77785
    85  C   4.0    0.04    4.24    4.08    10.52955    58.95567    38.72048
    86  C   4.0    0.11    3.28    3.05    11.11726    56.40643    37.46949
    87  O   6.0   -0.28    1.14    1.80    10.17617    55.66188    35.51740
    88  C   4.0   -0.06    4.10    3.80     8.21842    58.51536    40.40234
    89  H   1.0    0.09    1.07    1.44     8.63983    62.15876    37.03863
    90  H   1.0    0.06    1.05    1.44    12.15283    59.54904    39.85810
    91  H   1.0    0.07    1.00    1.43     8.68707    57.14720    41.86121
    92  H   1.0    0.06    1.00    1.43     7.62504    60.26525    41.29996
    93  H   1.0    0.06    1.00    1.43     6.65561    57.76703    39.29496
    94  N   5.0   -0.17    3.21    1.96     1.43430    59.14086    38.11388
    95  C   4.0    0.03    4.30    4.19     2.49444    61.16287    36.58509
    96  C   4.0    0.17    3.40    3.08     0.47432    63.07716    35.78196
    97  O   6.0   -0.24    1.22    1.80    -1.80847    62.66142    35.88968
    98  C   4.0    0.03    4.13    3.86     3.87205    60.07628    34.26829
    99  O   6.0   -0.21    2.06    1.83     2.02768    59.26936    32.51085
   100  H   1.0    0.11    1.02    1.43     0.47621    57.77270    37.18036
   101  H   1.0    0.05    1.06    1.44     3.83614    62.16631    37.80019
   102  H   1.0    0.06    1.01    1.43     4.93785    61.57105    33.32910
   103  H   1.0    0.05    1.01    1.43     5.12305    58.52481    34.83521
   104  H   1.0    0.14    1.01    1.43     1.03179    57.87853    33.22705
   105  N   5.0   -0.13    3.47    2.06     1.44186    65.35617    35.21126
   106  C   4.0    0.05    4.23    4.07    -0.14929    67.45377    34.48750
   107  C   4.0    0.10    3.21    3.04    -0.33259    67.68620    31.61889
   108  O   6.0   -0.29    1.21    1.80     1.58926    67.52747    30.18648
   109  C   4.0   -0.05    4.12    3.85     1.06014    69.87640    35.51173
   110  H   1.0    0.09    1.08    1.44     3.34104    65.63774    35.24528
   111  H   1.0    0.08    1.06    1.44    -2.01823    67.15330    35.29630
   112  H   1.0    0.07    1.00    1.43    -0.12661    71.48644    35.04119
   113  H   1.0    0.06    1.00    1.43     1.25856    69.74034    37.54696
   114  H   1.0    0.05    1.00    1.43     2.89695    70.14096    34.63490
   115  N   5.0   -0.16    3.21    1.96     4.78290    69.65152    25.94027
   116  C   4.0    0.04    4.23    4.05     7.28678    68.30981    26.08389
   117  C   4.0    0.11    3.20    3.04     7.20175    66.12151    24.13558
   118  O   6.0   -0.22    1.13    1.80     5.21564    65.43932    23.11513
   119  C   4.0    0.06    4.21    4.03     7.77622    67.32527    28.72950
   120  O   6.0   -0.23    2.11    1.84     6.02634    65.28058    29.24162
   121  C   4.0   -0.06    4.06    3.74     7.79890    69.34916    30.74206
   122  H   1.0    0.13    1.03    1.43     3.28245    68.85028    26.80387
   123  H   1.0    0.06    1.05    1.44     8.70597    69.69309    25.52075
   124  H   1.0    0.07    1.05    1.44     9.62437    66.38229    28.68604
   125  H   1.0    0.16    1.09    1.44     4.41818    66.04403    29.70460
   126  H   1.0    0.06    1.00    1.43     7.80457    68.44587    32.58643
   127  H   1.0    0.06    1.00    1.43     9.48264    70.50190    30.54931
   128  H   1.0    0.05    1.00    1.43     6.12649    70.53969    30.58899
   129  N   5.0   -0.18    3.20    1.96     8.13716    59.96667    25.10312
   130  C   4.0    0.04    4.23    4.05     6.58758    57.79916    25.90625
   131  C   4.0    0.11    3.19    3.04     3.82103    58.49647    26.29365
   132  O   6.0   -0.22    1.11    1.80     2.15807    56.89587    25.91192
   133  C   4.0   -0.03    4.27    4.14     7.66284    56.65776    28.33833
   134  C   4.0   -0.03    4.22    4.03    10.12704    55.28960    27.71094
   135  C   4.0    0.01    4.26    4.13    11.61992    54.73213    30.10900
   136  N   5.0   -0.13    3.41    2.03    14.06145    53.62853    29.40792
   137  C   4.0    0.10    3.35    3.06    16.10613    54.08963    30.75340
   138  N   5.0   -0.17    3.30    1.98    15.99086    55.78471    32.61856
   139  N   5.0   -0.17    3.23    1.96    18.15271    52.66099    30.40758
   140  H   1.0    0.12    1.07    1.44     9.52422    60.61863    26.28231
   141  H   1.0    0.07    1.05    1.44     6.61026    56.39509    24.38124
   142  H   1.0    0.06    1.03    1.43     8.00110    58.17899    29.68382
   143  H   1.0    0.07    1.03    1.43     6.26444    55.37653    29.13579
   144  H   1.0    0.06    1.02    1.43     9.72831    53.55861    26.66592
   145  H   1.0    0.06    1.04    1.43    11.27788    56.50281    26.50719
   146  H   1.0    0.07    1.05    1.44    11.84480    56.52548    31.07843
   147  H   1.0    0.07    1.02    1.43    10.59002    53.44901    31.35622
   148  H   1.0    0.09    1.06    1.44    14.04822    52.42856    27.91692
   149  H   1.0    0.12    1.07    1.44    14.59624    57.03949    32.90769
   150  H   1.0    0.10    1.03    1.43    17.61414    56.00581    33.66547
   151  H   1.0    0.10    1.03    1.43    18.27365    51.45913    28.91659
   152  H   1.0    0.09    1.03    1.43    19.79299    53.08807    31.30331
   153  O   6.0   -0.32    2.09    1.84    16.12881    71.59605    42.33553
   154  H   1.0    0.15    0.97    1.43    17.40249    71.24834    43.59409
   155  H   1.0    0.15    0.97    1.43    15.30300    73.13050    42.86087
   156  O   6.0   -0.29    1.93    1.82    18.70829    60.47123    36.85155
   157  H   1.0    0.15    1.01    1.43    18.76309    62.04726    35.92369
   158  H   1.0    0.16    1.00    1.43    16.96974    59.94967    36.62289
   159  O   6.0   -0.31    1.99    1.83     4.70542    65.87207    41.88200
   160  H   1.0    0.15    0.97    1.43     3.83236    67.05315    42.94969
   161  H   1.0    0.14    0.97    1.43     3.72843    64.31871    41.93113
   162  O   6.0   -0.33    2.02    1.83    10.54845    69.62128    36.43392
   163  H   1.0    0.15    1.01    1.43    11.66717    69.74412    34.98072
   164  H   1.0    0.15    1.01    1.43     9.54690    71.16141    36.43959
   165  O   6.0   -0.32    1.96    1.82     6.79734    65.82860    37.20870
   166  H   1.0    0.15    1.00    1.43     8.11637    67.09283    37.06320
   167  H   1.0    0.15    1.03    1.43     6.12649    66.01569    38.90757
   168  O   6.0   -0.26    1.93    1.82    10.61270    64.75902    43.72637
   169  H   1.0    0.16    1.03    1.43    11.62937    65.87585    42.66812
   170  H   1.0    0.15    0.97    1.43     8.88360    65.11996    43.29173
   171  O   6.0   -0.30    2.02    1.83    13.10903    67.92242    40.64989
   172  H   1.0    0.16    1.04    1.43    14.17672    69.25279    41.30941
   173  H   1.0    0.15    1.02    1.43    12.14527    68.61973    39.25339
   174  O   6.0   -0.29    1.97    1.82     7.21957    73.72162    36.24683
   175  H   1.0    0.14    0.97    1.43     5.74684    73.51724    37.29941
   176  H   1.0    0.13    0.97    1.43     6.60304    73.52714    34.54230
   177  H   1.0    0.10    1.07    1.44    25.06548    66.28874    31.75793
   178  H   1.0    0.07    1.05    1.44    12.35678    55.22508    38.26890
   179  H   1.0    0.10    1.07    1.44     2.68458    58.34365    38.94684
   180  H   1.0    0.08    1.04    1.43    -2.01090    67.97451    30.79962
   181  H   1.0    0.10    1.06    1.44     4.92365    71.19313    26.64468
   182  H   1.0    0.07    1.04    1.43     8.79011    65.21109    23.66729
   183  H   1.0    0.11    1.07    1.44     8.95271    59.57855    23.66201
   184  H   1.0    0.09    1.04    1.43     3.35562    60.24024    26.85373

  Z AO/shell   Hii/eV     exponent
  1     Wed Apr 25 08:07:45 CEST 2018   EN: 2.200 GM2: 0.406  GM3: 0.0800  RAES: 1.40
     1s    -10.707211    1.230000
  6     Wed Apr 25 08:07:45 CEST 2018   EN: 2.550 GM2: 0.538  GM3: 0.1500  RAES: 3.00
     2s    -13.970922    2.096432
     2p    -10.063292    1.800000
  7     Wed Apr 25 08:07:45 CEST 2018   EN: 3.040 GM2: 0.461  GM3:-0.0640  RAES: 1.90
     2s    -16.686243    2.339881
     2p    -12.523956    2.014332
  8     Wed Apr 25 08:07:45 CEST 2018   EN: 3.440 GM2: 0.452  GM3:-0.0517  RAES: 1.80
     2s    -20.229985    2.439742
     2p    -15.503117    2.137023
 no old-style atom pair restraining (fixing) potential

molecular fragmentation (1/2 indicates fragments):
111111111111111111111111111111111111111111111111111111111111111111111111
111111111111111111111222222222222222222222222222222222222222222222222222
2222222222222222222222222222222211222222
# atoms in fragment 1/2:    95    89
 fragment masses (1/2) :      614.76      566.63
CMA distance (Bohr)    :  10.537
constraining FC (au)   :  0.0500
           ------------------------------------------------- 
          |        Self-Consistent Charge Iterations        |
           ------------------------------------------------- 

 Ncao       : 424
 Nao        : 424
 Nshell     : 264
 Nel        : 480
 T(el)      :   500.0
 intcut     :    35.0
 scfconv/Eh :  0.100E-06
   qconv/e  :  0.100E-04
 intneglect :  0.100E-08
 broydamp   :      0.400
 iter      E             dE          RMSdq      gap      omega  full diag
   1   -279.0385786 -0.279039E+03  0.481E+00    3.16       0.0  T
   2   -279.6677638 -0.629185E+00  0.227E+00    1.38       1.0  T
   3   -279.7118668 -0.441031E-01  0.120E+00    1.33       1.0  T
   4   -279.7671371 -0.552703E-01  0.299E-01    0.68       1.0  T
   5   -279.7692678 -0.213067E-02  0.136E-01    0.93       1.0  T
   6   -279.7701970 -0.929222E-03  0.468E-02    0.83       1.0  T
   7   -279.7702869 -0.899313E-04  0.240E-02    0.82       1.0  T
   8   -279.7702976 -0.106576E-04  0.948E-03    0.80       1.0  T
   9   -279.7703012 -0.362306E-05  0.377E-03    0.80       2.0  T
  10   -279.7703018 -0.537448E-06  0.151E-03    0.80       4.9  T
  11   -279.7703018 -0.575421E-07  0.675E-04    0.80      10.9  T
  12   -279.7703018 -0.122955E-07  0.207E-04    0.80      35.6  T
  13   -279.7703018 -0.210986E-08  0.904E-05    0.80      81.5  T
  14   -279.7703018 -0.176101E-09  0.390E-05    0.80     188.9  T
speedup  1.41
cpu  time for SCC    0.96 s
wall time for SCC    0.68 s

   *** convergence criteria satisfied after 14 iterations ***

          eigenvalues
 #    :         228        229        230        231        232        233        234        235
 occ. :        2.000      2.000      2.000      2.000      2.000      2.000      2.000      2.000
 eps  :       -11.108    -11.078    -10.996    -10.991    -10.971    -10.935    -10.921    -10.790
 #    :         236        237        238        239        240        241        242        243
 occ. :        2.000      2.000      2.000      2.000      2.000      0.000      0.000      0.000
 eps  :       -10.755    -10.232    -10.086     -9.665     -9.356     -8.552     -7.541     -7.415
 #    :         244        245        246        247        248        249        250        251
 occ. :        0.000      0.000      0.000      0.000      0.000      0.000      0.000      0.000
 eps  :        -7.259     -6.628     -6.419     -6.341     -6.292     -6.039     -5.925     -5.872


   #   Z            q   n(s)   n(p)   n(d)      C6AA      α(0)
   1   7 N     -0.402  1.313  4.088  0.000    30.424     8.192
   2   6 C      0.016  1.067  2.917  0.000    20.321     6.421
   3   6 C      0.259  1.051  2.690  0.000    22.635     7.791
   4   8 O     -0.494  1.746  4.749  0.000    23.660     6.522
   5   6 C     -0.083  1.060  3.023  0.000    22.080     6.690
   6   6 C     -0.083  1.046  3.037  0.000    22.071     6.688
   7   6 C     -0.026  1.051  2.975  0.000    21.120     6.557
   8   7 N     -0.137  1.217  3.920  0.000    23.970     7.271
   9   6 C      0.234  1.018  2.749  0.000    23.102     7.870
  10   7 N     -0.245  1.225  4.020  0.000    26.384     7.629
  11   7 N     -0.262  1.242  4.021  0.000    26.805     7.689
  12   1 H      0.166  0.834  0.000  0.000     1.297     1.784
  13   1 H      0.065  0.935  0.000  0.000     2.142     2.289
  14   1 H      0.059  0.941  0.000  0.000     2.208     2.323
  15   1 H      0.074  0.926  0.000  0.000     2.046     2.237
  16   1 H      0.068  0.932  0.000  0.000     2.106     2.269
  17   1 H      0.070  0.930  0.000  0.000     2.091     2.261
  18   1 H      0.086  0.914  0.000  0.000     1.915     2.164
  19   1 H      0.086  0.914  0.000  0.000     1.914     2.163
  20   1 H      0.228  0.772  0.000  0.000     0.974     1.546
  21   1 H      0.250  0.750  0.000  0.000     0.885     1.474
  22   1 H      0.251  0.749  0.000  0.000     0.879     1.469
  23   1 H      0.244  0.756  0.000  0.000     0.908     1.493
  24   1 H      0.249  0.751  0.000  0.000     0.889     1.477
  25   7 N     -0.166  1.244  3.921  0.000    24.581     7.364
  26   6 C     -0.004  1.072  2.932  0.000    20.654     6.471
  27   6 C      0.270  1.043  2.687  0.000    22.442     7.757
  28   8 O     -0.469  1.740  4.729  0.000    23.100     6.444
  29   6 C      0.112  1.046  2.842  0.000    18.836     6.196
  30   8 O     -0.498  1.725  4.773  0.000    22.853     6.453
  31   6 C     -0.139  1.042  3.097  0.000    23.235     6.874
  32   1 H      0.222  0.778  0.000  0.000     1.000     1.566
  33   1 H      0.102  0.898  0.000  0.000     1.771     2.081
  34   1 H      0.041  0.959  0.000  0.000     2.435     2.440
  35   1 H      0.340  0.660  0.000  0.000     0.612     1.229
  36   1 H      0.063  0.937  0.000  0.000     2.163     2.300
  37   1 H      0.043  0.957  0.000  0.000     2.414     2.430
  38   1 H      0.070  0.930  0.000  0.000     2.090     2.261
  39   7 N     -0.193  1.257  3.936  0.000    25.179     7.452
  40   6 C      0.015  1.073  2.912  0.000    20.326     6.420
  41   6 C      0.273  1.042  2.684  0.000    22.377     7.747
  42   8 O     -0.509  1.772  4.737  0.000    23.978     6.565
  43   6 C     -0.026  1.069  2.958  0.000    21.008     6.519
  44   6 C     -0.067  1.057  3.010  0.000    21.791     6.646
  45   6 C     -0.112  1.035  3.077  0.000    22.703     6.794
  46   6 C     -0.115  1.039  3.077  0.000    22.770     6.805
  47   1 H      0.215  0.785  0.000  0.000     1.032     1.591
  48   1 H      0.076  0.924  0.000  0.000     2.023     2.224
  49   1 H      0.056  0.944  0.000  0.000     2.242     2.341
  50   1 H      0.041  0.959  0.000  0.000     2.435     2.440
  51   1 H      0.046  0.954  0.000  0.000     2.367     2.406
  52   1 H      0.060  0.940  0.000  0.000     2.197     2.318
  53   1 H      0.035  0.965  0.000  0.000     2.510     2.477
  54   1 H      0.041  0.959  0.000  0.000     2.429     2.437
  55   1 H      0.040  0.960  0.000  0.000     2.444     2.445
  56   1 H      0.049  0.951  0.000  0.000     2.330     2.387
  57   1 H      0.041  0.959  0.000  0.000     2.435     2.440
  58   7 N     -0.170  1.242  3.928  0.000    24.689     7.380
  59   6 C      0.019  1.063  2.917  0.000    20.250     6.407
  60   6 C      0.275  1.039  2.687  0.000    22.357     7.743
  61   8 O     -0.493  1.742  4.751  0.000    23.622     6.516
  62   6 C     -0.088  1.062  3.026  0.000    22.172     6.703
  63   6 C     -0.015  1.059  2.956  0.000    20.817     6.490
  64   6 C     -0.131  1.046  3.085  0.000    23.069     6.849
  65   6 C     -0.117  1.036  3.081  0.000    22.792     6.807
  66   1 H      0.207  0.793  0.000  0.000     1.070     1.621
  67   1 H      0.074  0.926  0.000  0.000     2.044     2.236
  68   1 H      0.072  0.928  0.000  0.000     2.059     2.244
  69   1 H      0.069  0.931  0.000  0.000     2.092     2.262
  70   1 H      0.034  0.966  0.000  0.000     2.528     2.487
  71   1 H      0.051  0.949  0.000  0.000     2.306     2.374
  72   1 H      0.059  0.941  0.000  0.000     2.210     2.325
  73   1 H      0.055  0.945  0.000  0.000     2.261     2.351
  74   1 H      0.046  0.954  0.000  0.000     2.372     2.408
  75   1 H      0.041  0.959  0.000  0.000     2.437     2.441
  76   1 H      0.025  0.975  0.000  0.000     2.665     2.553
  77   7 N     -0.151  1.233  3.918  0.000    24.263     7.316
  78   6 C     -0.036  1.049  2.987  0.000    21.279     6.579
  79   6 C      0.270  1.043  2.687  0.000    22.441     7.758
  80   8 O     -0.490  1.733  4.757  0.000    23.557     6.507
  81   1 H      0.224  0.776  0.000  0.000     0.993     1.561
  82   1 H      0.109  0.891  0.000  0.000     1.705     2.042
  83   1 H      0.097  0.903  0.000  0.000     1.811     2.104
  84   7 N     -0.160  1.253  3.906  0.000    24.451     7.344
  85   6 C      0.024  1.061  2.915  0.000    20.172     6.396
  86   6 C      0.202  1.083  2.715  0.000    23.696     7.972
  87   8 O     -0.363  1.748  4.614  0.000    20.947     6.136
  88   6 C     -0.132  1.042  3.089  0.000    23.083     6.850
  89   1 H      0.221  0.779  0.000  0.000     1.005     1.571
  90   1 H      0.099  0.901  0.000  0.000     1.794     2.095
  91   1 H      0.079  0.921  0.000  0.000     1.990     2.206
  92   1 H      0.085  0.915  0.000  0.000     1.929     2.172
  93   1 H      0.054  0.946  0.000  0.000     2.274     2.358
  94   7 N     -0.382  1.317  4.066  0.000    29.881     8.118
  95   6 C      0.010  1.066  2.924  0.000    20.427     6.437
  96   6 C      0.275  1.045  2.680  0.000    22.347     7.741
  97   8 O     -0.498  1.761  4.738  0.000    23.751     6.534
  98   6 C      0.067  1.044  2.889  0.000    19.677     6.355
  99   8 O     -0.491  1.738  4.753  0.000    22.696     6.431
 100   1 H      0.149  0.851  0.000  0.000     1.410     1.860
 101   1 H      0.077  0.923  0.000  0.000     2.010     2.217
 102   1 H      0.060  0.940  0.000  0.000     2.204     2.322
 103   1 H      0.049  0.951  0.000  0.000     2.337     2.391
 104   1 H      0.315  0.685  0.000  0.000     0.677     1.293
 105   7 N     -0.175  1.243  3.932  0.000    24.789     7.395
 106   6 C      0.035  1.050  2.915  0.000    19.993     6.368
 107   6 C      0.193  1.102  2.705  0.000    23.877     8.003
 108   8 O     -0.378  1.767  4.611  0.000    21.245     6.180
 109   6 C     -0.137  1.046  3.092  0.000    23.187     6.865
 110   1 H      0.236  0.764  0.000  0.000     0.941     1.520
 111   1 H      0.088  0.912  0.000  0.000     1.901     2.156
 112   1 H      0.072  0.928  0.000  0.000     2.065     2.247
 113   1 H      0.096  0.904  0.000  0.000     1.822     2.111
 114   1 H      0.083  0.917  0.000  0.000     1.948     2.182
 115   7 N     -0.402  1.333  4.069  0.000    30.427     8.192
 116   6 C      0.027  1.071  2.903  0.000    20.147     6.395
 117   6 C      0.209  1.090  2.701  0.000    23.572     7.951
 118   8 O     -0.372  1.765  4.608  0.000    21.134     6.163
 119   6 C      0.119  1.044  2.837  0.000    18.737     6.181
 120   8 O     -0.512  1.744  4.768  0.000    23.157     6.496
 121   6 C     -0.138  1.042  3.096  0.000    23.215     6.871
 122   1 H      0.168  0.832  0.000  0.000     1.283     1.774
 123   1 H      0.065  0.935  0.000  0.000     2.146     2.291
 124   1 H      0.041  0.959  0.000  0.000     2.435     2.441
 125   1 H      0.324  0.676  0.000  0.000     0.653     1.269
 126   1 H      0.085  0.915  0.000  0.000     1.930     2.172
 127   1 H      0.064  0.936  0.000  0.000     2.152     2.294
 128   1 H      0.045  0.955  0.000  0.000     2.385     2.415
 129   7 N     -0.413  1.329  4.084  0.000    30.738     8.234
 130   6 C      0.042  1.058  2.900  0.000    19.880     6.351
 131   6 C      0.206  1.093  2.700  0.000    23.620     7.959
 132   8 O     -0.405  1.764  4.641  0.000    21.787     6.258
 133   6 C     -0.062  1.054  3.008  0.000    21.677     6.628
 134   6 C     -0.076  1.053  3.023  0.000    21.938     6.668
 135   6 C     -0.027  1.056  2.971  0.000    21.119     6.555
 136   7 N     -0.145  1.213  3.932  0.000    24.137     7.297
 137   6 C      0.230  1.017  2.752  0.000    23.162     7.880
 138   7 N     -0.241  1.234  4.008  0.000    26.305     7.617
 139   7 N     -0.259  1.241  4.018  0.000    26.721     7.677
 140   1 H      0.196  0.804  0.000  0.000     1.126     1.662
 141   1 H      0.050  0.950  0.000  0.000     2.314     2.379
 142   1 H      0.064  0.936  0.000  0.000     2.149     2.292
 143   1 H      0.043  0.957  0.000  0.000     2.413     2.429
 144   1 H      0.054  0.946  0.000  0.000     2.269     2.355
 145   1 H      0.070  0.930  0.000  0.000     2.090     2.261
 146   1 H      0.090  0.910  0.000  0.000     1.879     2.144
 147   1 H      0.089  0.911  0.000  0.000     1.890     2.150
 148   1 H      0.229  0.771  0.000  0.000     0.969     1.542
 149   1 H      0.238  0.762  0.000  0.000     0.930     1.510
 150   1 H      0.250  0.750  0.000  0.000     0.883     1.472
 151   1 H      0.245  0.755  0.000  0.000     0.902     1.488
 152   1 H      0.259  0.741  0.000  0.000     0.851     1.445
 153   8 O     -0.623  1.757  4.866  0.000    25.746     6.848
 154   1 H      0.355  0.645  0.000  0.000     0.576     1.192
 155   1 H      0.346  0.654  0.000  0.000     0.596     1.213
 156   8 O     -0.637  1.748  4.889  0.000    26.083     6.893
 157   1 H      0.299  0.701  0.000  0.000     0.724     1.336
 158   1 H      0.304  0.696  0.000  0.000     0.710     1.324
 159   8 O     -0.628  1.752  4.876  0.000    25.865     6.864
 160   1 H      0.340  0.660  0.000  0.000     0.612     1.228
 161   1 H      0.320  0.680  0.000  0.000     0.663     1.279
 162   8 O     -0.644  1.751  4.893  0.000    26.269     6.917
 163   1 H      0.320  0.680  0.000  0.000     0.665     1.281
 164   1 H      0.325  0.675  0.000  0.000     0.651     1.267
 165   8 O     -0.660  1.762  4.899  0.000    26.677     6.971
 166   1 H      0.314  0.686  0.000  0.000     0.679     1.294
 167   1 H      0.323  0.677  0.000  0.000     0.657     1.273
 168   8 O     -0.672  1.775  4.897  0.000    26.986     7.011
 169   1 H      0.331  0.669  0.000  0.000     0.634     1.251
 170   1 H      0.299  0.701  0.000  0.000     0.725     1.337
 171   8 O     -0.670  1.765  4.906  0.000    26.932     7.004
 172   1 H      0.325  0.675  0.000  0.000     0.651     1.267
 173   1 H      0.318  0.682  0.000  0.000     0.668     1.284
 174   8 O     -0.627  1.763  4.864  0.000    25.846     6.862
 175   1 H      0.336  0.664  0.000  0.000     0.622     1.239
 176   1 H      0.319  0.681  0.000  0.000     0.667     1.283
 177   1 H      0.179  0.821  0.000  0.000     1.219     1.729
 178   1 H      0.091  0.909  0.000  0.000     1.866     2.136
 179   1 H      0.189  0.811  0.000  0.000     1.162     1.689
 180   1 H      0.083  0.917  0.000  0.000     1.952     2.184
 181   1 H      0.177  0.823  0.000  0.000     1.232     1.739
 182   1 H      0.068  0.932  0.000  0.000     2.103     2.267
 183   1 H      0.168  0.832  0.000  0.000     1.284     1.775
 184   1 H      0.064  0.936  0.000  0.000     2.153     2.294

 Mol. C6AA /au·bohr⁶  :     263981.375069
 Mol. C8AA /au·bohr⁸  :    5624355.449180
 Mol. α(0) /au        :        761.168719

 
molecular dipole:
                 x           y           z       tot (Debye)
 q only:       46.773     120.168      77.160
   full:       47.050     121.448      77.302     384.971
molecular quadrupole (traceless):
                xx          xy          yy          xz          yz          zz
 q only:    -4135.475    4125.976    5383.089    2515.915    7001.349   -1247.614
  q+dip:    -4209.146    4178.021    5542.783    2520.650    7089.305   -1333.637
   full:    -4210.909    4179.487    5542.425    2520.065    7086.633   -1331.516
speedup  1.53
cpu  time for grad    1.32 s
wall time for grad    0.87 s

SCC energy    :    -279.7796445
rep           :       3.1270932
ES            :       1.0700374
AES           :      -0.0557180
AXC           :       0.0871357
disp          :      -0.1991193
XB            :       0.0000000
fix           :       0.0000000
Gborn         :       0.0000000
Gsasa         :       0.0000000
Ghb           :       0.0000000
Gshift        :       0.0000000
Gsolv         :      -0.3437859     -215.73
Etot ala COSMO:    -279.7796445
grad norm     :       0.4816386
total E       :    -276.6344601
atomizationE  :      46.3559641    29088.81
(atE without considering molecular charge,
 total energy contains solvation terms)
H-L gap (eV)  :          0.8038

------------------------------------------------------------------------
 * finished run on 2019/05/04 at 19:51:49.473     
------------------------------------------------------------------------
 total:
 * wall-time:     0 d,  0 h,  0 min,  1.191 sec
 *  cpu-time:     0 d,  0 h,  0 min,  1.610 sec
 * ratio c/w:     1.351 speedup
 SCF:
 * wall-time:     0 d,  0 h,  0 min,  1.028 sec
 *  cpu-time:     0 d,  0 h,  0 min,  1.485 sec
 * ratio c/w:     1.445 speedup

