      -----------------------------------------------------------      
     |                   =====================                   |     
     |                           x T B                           |     
     |                   =====================                   |     
     |                         S. Grimme                         |     
     |          Mulliken Center for Theoretical Chemistry        |     
     |                    University of Bonn                     |     
     |                 Version 6.0.1 (SAW181210)                 |     
      -----------------------------------------------------------      

   This program is distributed in the hope that it will be useful,
   but WITHOUT ANY WARRANTY; without even the implied warranty of
   MERCHANTABILITY or FITNESS FOR A PARTICULAR PURPOSE.
   
   FOR NON-COMMERCIAL, ACADEMIA USE ONLY.
   
   Cite this work as:
   S. Grimme, C. Bannwarth, P. Shushkov, J. Comput. Theory Chem., 2017,
   13, 1989-2009.
   C. Bannwarth, S. Ehlert and S. Grimme., ChemRxiv, 2018, preprint.
   http://doi.org/10.26434/chemrxiv.7246238.v1
   
   for sTDA-xTB:
   S. Grimme and C. Bannwarth, J. Chem. Phys., 2016, 145, 054103.
   
   in the mass-spec context:
   V. Asgeirsson, C. Bauer and S. Grimme, Chem. Sci., 2017, 8, 4879.
   
   if GBSA is used:
   P. Shushkov, F. März and S. Grimme, unpublished.
   
   for ANC optimizer:
   S. Grimme, unpublished.
   Rational Function algorithm used in ANCopt:
   F. Eckert, P. Pulay, H.-J. Werner, J. Comput. Chem., 1997, 18, 1473.
   
   with help from (in alphabetical order)
   C. Bannwarth, F. Bohle, G. Brandenburg, E. Caldeweyher, M. Checinski,
   S. Dohm, S. Ehlert, S. Ehrlich, F. März, H. Neugebauer, J. Pisarek,
   P. Pracht, P. Shushkov, and S. Spicher.
   
 * started run on 2019/05/04 at 19:51:57.747     
========================================================================
 # omp threads = 2
========================================================================
number of atoms            : 161
number of electrons        : 418
charge                     : 1
spin                       : .0
first test random number   : .6828

########################################################################
# WARNING! Please study the warnings concerning your input carefully
#  - Process number higher than OMP_NUM_THREADS, I hope you know what you are doing.
########################################################################

           ------------------------------------------------- 
          |                 G F N 2 - x T B                 |
          | Geometry, Frequencies, Noncovalent interactions |
          |            JCTC 2018 parametrisation            |
           ------------------------------------------------- 
 
      method parameters     
 k(s)        :  1.8500
 k(p)        :  2.2300
 k(d)        :  2.2300
 k(f)        :  2.0000
 kEN (H0ij)  : -2.0000
 D4 a1       :  0.5200
 D4 a2       :  5.0000
 D4 s6       :  1.0000
 D4 s8       :  2.7000
 D4 s9       :  5.0000
 alphaj      :  2.0000

 Solvent             : h2o
 Using internal parameter file: .param_gbsa2_h2o
 Gsolv ref. state (COSMO-RS): gsolv [1 M gas/solution]
 temperature (mdtemp)       :    298.150000000000     
 dielectric constant        :    80.2000000000000     
 rho                        :    1.00000000000000     
 mass                       :    18.0000000000000     
 surface tension            :    15.5689454083859     
 probe radius               :   0.975313790000000     
 vdW radii scaling          :    1.00000000000000     
 Gshift (Eh)                :   1.857443126794793E-003
 c1                         :    1.55243817000000     
 soset                      :   0.130326360000000     
 HB correction              :  T

            Z     q(EN)     CN     RAES       Cart. coordinates
     1  N   5.0   -0.21    3.25    1.97    37.05753   102.00930    13.49075
     2  C   4.0    0.03    4.34    4.27    34.40057   102.56677    13.89138
     3  C   4.0    0.14    3.41    3.08    33.17414   100.76964    15.69795
     4  O   6.0   -0.33    1.31    1.80    31.08977   101.34978    16.61258
     5  C   4.0   -0.04    4.26    4.11    32.96816   102.59511    11.29678
     6  C   4.0   -0.02    3.69    3.23    34.12467   104.64735     9.73776
     7  C   4.0   -0.00    3.60    3.16    35.81220   104.53964     7.78945
     8  C   4.0    0.01    3.86    3.41    33.44248   107.27407     9.99665
     9  N   5.0   -0.12    3.44    2.04    36.29030   106.89046     6.78223
    10  C   4.0    0.04    3.89    3.45    34.90135   108.59310     8.16929
    11  C   4.0   -0.04    3.38    3.07    31.99117   108.65924    11.73520
    12  C   4.0   -0.03    3.40    3.08    34.77474   111.20659     7.93118
    13  C   4.0   -0.03    3.36    3.07    31.93448   111.28029    11.49331
    14  C   4.0   -0.03    3.35    3.07    33.25918   112.54452     9.59981
    15  H   1.0    0.08    1.02    1.43    37.40524   100.28776    12.69140
    16  H   1.0    0.05    1.05    1.44    34.28719   104.47161    14.70963
    17  H   1.0    0.04    1.02    1.43    33.20248   100.74507    10.41428
    18  H   1.0    0.05    1.02    1.43    30.97072   102.94282    11.66150
    19  H   1.0    0.06    1.02    1.43    36.72304   102.89180     7.00899
    20  H   1.0    0.09    1.04    1.43    37.55641   107.32321     5.41029
    21  H   1.0    0.06    1.02    1.43    30.93481   107.69359    13.19596
    22  H   1.0    0.07    1.03    1.43    35.83676   112.13067     6.45341
    23  H   1.0    0.06    1.03    1.43    30.78175   112.34421    12.80289
    24  H   1.0    0.07    1.03    1.43    33.12690   114.57219     9.45997
    25  N   5.0   -0.15    3.49    2.07    34.26829    98.55488    16.19873
    26  C   4.0    0.03    4.45    4.46    33.22327    96.81066    18.06389
    27  C   4.0    0.08    3.26    3.05    34.41002    97.30955    20.64337
    28  O   6.0   -0.32    1.23    1.80    33.09666    96.90137    22.56711
    29  C   4.0   -0.02    4.29    4.19    33.75240    94.11780    17.26454
    30  C   4.0   -0.07    4.12    3.85    33.06265    92.24319    19.34135
    31  C   4.0   -0.07    4.13    3.86    32.41825    93.64348    14.76632
    32  H   1.0    0.08    1.07    1.44    35.98227    98.14292    15.47875
    33  H   1.0    0.06    1.06    1.44    31.19371    97.16404    18.25097
    34  H   1.0    0.05    1.06    1.44    35.80653    94.00442    16.95651
    35  H   1.0    0.04    1.00    1.43    33.28374    90.32134    18.64404
    36  H   1.0    0.06    1.00    1.43    34.26073    92.50397    20.99108
    37  H   1.0    0.05    1.00    1.43    31.11434    92.50964    19.95551
    38  H   1.0    0.05    1.00    1.43    32.56943    91.67439    14.20318
    39  H   1.0    0.05    1.00    1.43    30.42081    94.08757    14.95718
    40  H   1.0    0.05    1.00    1.43    33.20815    94.84535    13.29800
    41  O   6.0   -0.31    1.98    1.82    28.22684    95.86013    23.26820
    42  H   1.0    0.15    1.03    1.43    30.03341    96.34768    22.93560
    43  H   1.0    0.16    1.02    1.43    27.32544    97.50230    23.41559
    44  O   6.0   -0.32    1.97    1.82    26.36357    99.32967    17.27021
    45  H   1.0    0.16    1.01    1.43    28.07755   100.03831    17.07178
    46  H   1.0    0.14    0.97    1.43    25.97050    99.49974    19.04088
    47  N   5.0   -0.20    3.19    1.95    24.32691   101.75772     4.84337
    48  C   4.0    0.04    4.22    4.04    24.08277    98.99828     4.69219
    49  C   4.0    0.09    3.18    3.03    21.78151    98.09734     3.22009
    50  O   6.0   -0.26    1.12    1.80    21.20897    95.81601     3.14639
    51  C   4.0   -0.03    4.27    4.14    24.06302    97.95913     7.40584
    52  C   4.0   -0.05    4.20    4.01    26.80908    97.98003     8.37338
    53  C   4.0   -0.01    4.19    3.98    26.96716    97.22246    11.17395
    54  N   5.0   -0.14    3.41    2.02    26.35653    94.54601    11.34214
    55  C   4.0    0.09    3.34    3.06    25.13187    93.48110    13.28855
    56  N   5.0   -0.19    3.25    1.97    24.34418    94.82653    15.27654
    57  N   5.0   -0.18    3.24    1.97    24.50605    91.05773    13.11470
    58  H   1.0    0.09    1.02    1.43    23.75901   102.64307     6.44208
    59  H   1.0    0.05    1.05    1.44    25.73554    98.24831     3.67552
    60  H   1.0    0.05    1.03    1.43    22.88447    99.17273     8.57180
    61  H   1.0    0.07    1.03    1.43    23.32478    96.04037     7.40395
    62  H   1.0    0.05    1.02    1.43    27.98878    96.71908     7.24332
    63  H   1.0    0.04    1.03    1.43    27.58466    99.88324     8.17306
    64  H   1.0    0.04    1.01    1.43    28.87479    97.61466    11.90149
    65  H   1.0    0.05    1.03    1.43    25.62332    98.34063    12.25865
    66  H   1.0    0.08    1.06    1.44    27.23224    93.38451    10.08358
    67  H   1.0    0.11    1.07    1.44    25.03752    96.56226    15.69228
    68  H   1.0    0.08    1.04    1.43    23.32190    93.84573    16.57668
    69  H   1.0    0.09    1.02    1.43    25.15252    89.94934    11.68229
    70  H   1.0    0.09    1.03    1.43    23.58942    90.24920    14.58302
    71  N   5.0   -0.19    3.20    1.95    20.01787    90.42597    21.64114
    72  C   4.0    0.03    4.23    4.06    22.01876    91.93032    22.74474
    73  C   4.0    0.15    3.39    3.08    23.37313    90.55202    24.90281
    74  O   6.0   -0.27    1.22    1.80    22.48937    88.73036    26.05743
    75  C   4.0   -0.06    4.09    3.79    20.89105    94.41268    23.88803
    76  H   1.0    0.11    1.02    1.43    18.76039    89.62578    22.85246
    77  H   1.0    0.04    1.05    1.44    23.36418    92.35142    21.24052
    78  H   1.0    0.06    1.00    1.43    22.42913    95.57345    24.58533
    79  H   1.0    0.04    1.00    1.43    19.89086    95.41941    22.40459
    80  H   1.0    0.06    1.00    1.43    19.59665    93.90321    25.39603
    81  N   5.0   -0.15    3.44    2.04    25.61320    91.61184    25.43382
    82  C   4.0    0.04    4.50    4.53    27.29350    90.41735    27.36323
    83  C   4.0    0.15    3.43    3.09    28.10731    92.26190    29.38524
    84  O   6.0   -0.26    1.22    1.80    27.99959    91.65856    31.63401
    85  C   4.0   -0.02    4.31    4.21    29.62190    89.11699    26.21239
    86  C   4.0   -0.04    4.16    3.92    28.68664    86.91210    24.53053
    87  C   4.0   -0.06    4.13    3.86    31.39463    88.27262    28.35534
    88  C   4.0   -0.07    4.00    3.62    30.83901    85.82214    22.89214
    89  H   1.0    0.10    1.09    1.44    26.39557    92.93637    24.28676
    90  H   1.0    0.08    1.08    1.44    26.11505    88.97761    28.27030
    91  H   1.0    0.05    1.05    1.44    30.61692    90.48137    25.01430
    92  H   1.0    0.06    1.02    1.43    27.90785    85.41507    25.71728
    93  H   1.0    0.05    1.03    1.43    27.20394    87.57914    23.26442
    94  H   1.0    0.05    1.00    1.43    32.77134    86.93122    27.64291
    95  H   1.0    0.06    1.00    1.43    32.42224    89.89803    29.09233
    96  H   1.0    0.07    1.00    1.43    30.32382    87.45146    29.89735
    97  H   1.0    0.05    1.00    1.43    30.10593    84.32532    21.68838
    98  H   1.0    0.04    1.00    1.43    31.61724    87.28611    21.67894
    99  H   1.0    0.05    1.00    1.43    32.35266    85.04858    24.03731
   100  N   5.0   -0.13    3.49    2.07    28.99924    94.51160    28.65014
   101  C   4.0    0.05    4.30    4.20    30.16339    96.37295    30.26774
   102  C   4.0    0.11    3.23    3.04    28.27946    98.44927    30.97639
   103  O   6.0   -0.28    1.18    1.80    26.94806    99.45897    29.35122
   104  C   4.0   -0.02    4.35    4.30    32.26912    97.59743    28.70116
   105  C   4.0    0.26    3.11    3.03    34.24200    99.07469    30.14491
   106  O   6.0   -0.26    1.19    1.80    33.48372   100.18398    32.08377
   107  O   6.0   -0.26    1.18    1.80    36.40302    98.88438    29.27752
   108  H   1.0    0.10    1.10    1.44    28.82973    94.99417    26.79064
   109  H   1.0    0.07    1.05    1.44    30.93093    95.44794    31.94582
   110  H   1.0    0.07    1.04    1.43    33.23477    96.13653    27.60512
   111  H   1.0    0.06    1.03    1.43    31.41516    98.87623    27.31221
   112  N   5.0   -0.19    3.24    1.96    28.67951   104.04158    27.06088
   113  C   4.0    0.03    4.21    4.02    28.00350   103.83675    24.41337
   114  C   4.0    0.09    3.24    3.04    25.49871   102.32079    24.40770
   115  O   6.0   -0.31    1.23    1.80    25.45824   100.14590    23.60268
   116  C   4.0   -0.03    4.28    4.16    29.96762   102.38499    22.90159
   117  C   4.0   -0.04    4.15    3.91    32.52501   103.77204    22.66159
   118  C   4.0   -0.01    4.20    4.00    32.43299   106.06681    20.92683
   119  N   5.0   -0.14    3.37    2.01    34.85537   107.34755    20.62258
   120  C   4.0    0.10    3.35    3.06    35.72285   109.08780    22.22507
   121  N   5.0   -0.17    3.26    1.97    34.37424   109.96101    24.13936
   122  N   5.0   -0.17    3.24    1.97    37.87443   110.28201    21.64114
   123  H   1.0    0.12    1.07    1.44    28.32330   102.50049    28.14747
   124  H   1.0    0.04    1.04    1.44    27.70580   105.73566    23.65559
   125  H   1.0    0.06    1.03    1.43    30.31956   100.56977    23.80677
   126  H   1.0    0.06    1.03    1.43    29.22618   102.02893    21.00997
   127  H   1.0    0.05    1.02    1.43    33.20426   104.30385    24.53809
   128  H   1.0    0.06    1.02    1.43    33.92325   102.43870    21.91893
   129  H   1.0    0.05    1.03    1.43    31.82850   105.43196    19.05600
   130  H   1.0    0.05    1.03    1.43    31.06080   107.44574    21.62035
   131  H   1.0    0.08    1.06    1.44    36.10492   106.55898    19.40560
   132  H   1.0    0.09    1.02    1.43    32.73116   109.16730    24.73651
   133  H   1.0    0.10    1.04    1.43    35.10176   111.33897    25.22784
   134  H   1.0    0.09    1.02    1.43    39.16046   109.40758    20.47896
   135  H   1.0    0.10    1.04    1.43    38.68174   111.37436    22.97718
   136  N   5.0   -0.21    3.22    1.96    19.83608   103.29996    21.92460
   137  C   4.0    0.03    4.33    4.25    18.35147   103.44875    19.64748
   138  C   4.0    0.08    3.20    3.04    16.12954   105.31682    19.63803
   139  O   6.0   -0.26    1.12    1.80    15.52731   106.28055    17.59713
   140  C   4.0   -0.02    4.27    4.15    17.43546   100.71164    19.05033
   141  C   4.0   -0.06    4.14    3.87    15.35570   100.54955    17.19840
   142  C   4.0   -0.07    4.14    3.89    19.84088    99.32700    18.18861
   143  H   1.0    0.09    1.03    1.43    21.71233   103.58021    21.60335
   144  H   1.0    0.05    1.06    1.44    19.59352   104.08292    18.12247
   145  H   1.0    0.05    1.06    1.44    16.79131    99.87714    20.83045
   146  H   1.0    0.05    1.00    1.43    14.98942    98.58370    16.70707
   147  H   1.0    0.06    1.00    1.43    13.61088   101.33802    17.94862
   148  H   1.0    0.06    1.00    1.43    15.80520   101.56624    15.46174
   149  H   1.0    0.04    1.00    1.43    19.44748    97.34767    17.78799
   150  H   1.0    0.05    1.00    1.43    20.56794   100.17663    16.46518
   151  H   1.0    0.05    1.00    1.43    21.31005    99.43550    19.61347
   152  H   1.0    0.10    1.08    1.44    37.73319   103.17818    12.45646
   153  H   1.0    0.06    1.04    1.43    36.18644    97.94352    20.75947
   154  H   1.0    0.09    1.08    1.44    19.09111    91.39424    20.59418
   155  H   1.0    0.08    1.04    1.43    28.11638    99.00314    32.77575
   156  H   1.0    0.10    1.08    1.44    30.34864   104.33721    27.19939
   157  H   1.0    0.06    1.04    1.43    23.91264   103.11414    25.06040
   158  H   1.0    0.10    1.08    1.44    19.31144   104.48773    23.02301
   159  H   1.0    0.07    1.04    1.43    15.22394   105.71609    21.24786
   160  H   1.0    0.10    1.07    1.44    25.96131   102.19359     4.66646
   161  H   1.0    0.07    1.04    1.43    20.70476    99.34398     2.29406

  Z AO/shell   Hii/eV     exponent
  1     Wed Apr 25 08:07:45 CEST 2018   EN: 2.200 GM2: 0.406  GM3: 0.0800  RAES: 1.40
     1s    -10.707211    1.230000
  6     Wed Apr 25 08:07:45 CEST 2018   EN: 2.550 GM2: 0.538  GM3: 0.1500  RAES: 3.00
     2s    -13.970922    2.096432
     2p    -10.063292    1.800000
  7     Wed Apr 25 08:07:45 CEST 2018   EN: 3.040 GM2: 0.461  GM3:-0.0640  RAES: 1.90
     2s    -16.686243    2.339881
     2p    -12.523956    2.014332
  8     Wed Apr 25 08:07:45 CEST 2018   EN: 3.440 GM2: 0.452  GM3:-0.0517  RAES: 1.80
     2s    -20.229985    2.439742
     2p    -15.503117    2.137023
 no old-style atom pair restraining (fixing) potential

molecular fragmentation (1/2 indicates fragments):
111111111111111111111111111111111111111122222222222222222222222222222222
222222222222222222222222222222222222222222222222222222222222222222222222
22222221122222222
# atoms in fragment 1/2:    42   119
 fragment masses (1/2) :      287.36      755.93
CMA distance (Bohr)    :  11.274
constraining FC (au)   :  0.0500
           ------------------------------------------------- 
          |        Self-Consistent Charge Iterations        |
           ------------------------------------------------- 

 Ncao       : 380
 Nao        : 380
 Nshell     : 234
 Nel        : 418
 T(el)      :   500.0
 intcut     :    35.0
 scfconv/Eh :  0.100E-06
   qconv/e  :  0.100E-04
 intneglect :  0.100E-08
 broydamp   :      0.400
 iter      E             dE          RMSdq      gap      omega  full diag
   1   -238.0203242 -0.238020E+03  0.452E+00    2.61       0.0  T
   2   -238.5610002 -0.540676E+00  0.214E+00    1.30       1.0  T
   3   -238.5972209 -0.362207E-01  0.125E+00    1.70       1.0  T
   4   -238.6427142 -0.454933E-01  0.261E-01    1.15       1.0  T
   5   -238.6449010 -0.218679E-02  0.132E-01    1.31       1.0  T
   6   -238.6456508 -0.749788E-03  0.584E-02    1.33       1.0  T
   7   -238.6457908 -0.140004E-03  0.286E-02    1.34       1.0  T
   8   -238.6458243 -0.335312E-04  0.125E-02    1.33       1.0  T
   9   -238.6458310 -0.664040E-05  0.549E-03    1.33       1.4  T
  10   -238.6458319 -0.912992E-06  0.274E-03    1.33       2.9  T
  11   -238.6458322 -0.277234E-06  0.120E-03    1.33       6.6  T
  12   -238.6458322 -0.555935E-07  0.517E-04    1.33      15.2  T
  13   -238.6458322 -0.102908E-07  0.240E-04    1.33      32.8  T
  14   -238.6458322 -0.145303E-08  0.113E-04    1.33      69.5  T
  15   -238.6458322 -0.480810E-09  0.414E-05    1.33     190.3  T
  16   -238.6458322 -0.510454E-10  0.167E-05    1.33     473.2  T
speedup  1.30
cpu  time for SCC    2.22 s
wall time for SCC    1.71 s

   *** convergence criteria satisfied after 16 iterations ***

          eigenvalues
 #    :         197        198        199        200        201        202        203        204
 occ. :        2.000      2.000      2.000      2.000      2.000      2.000      2.000      2.000
 eps  :       -11.033    -10.882    -10.698    -10.540    -10.464    -10.357    -10.318    -10.267
 #    :         205        206        207        208        209        210        211        212
 occ. :        2.000      2.000      2.000      2.000      2.000      0.000      0.000      0.000
 eps  :        -9.996     -9.866     -9.854     -9.839     -9.823     -8.488     -8.130     -8.056
 #    :         213        214        215        216        217        218        219        220
 occ. :        0.000      0.000      0.000      0.000      0.000      0.000      0.000      0.000
 eps  :        -7.741     -7.635     -6.459     -6.430     -6.245     -6.021     -5.898     -5.723


   #   Z            q   n(s)   n(p)   n(d)      C6AA      α(0)
   1   7 N     -0.393  1.324  4.069  0.000    30.177     8.159
   2   6 C      0.023  1.063  2.914  0.000    20.192     6.400
   3   6 C      0.259  1.048  2.693  0.000    22.629     7.790
   4   8 O     -0.496  1.741  4.756  0.000    23.705     6.528
   5   6 C     -0.071  1.057  3.014  0.000    21.862     6.657
   6   6 C     -0.033  1.065  2.968  0.000    28.776     8.798
   7   6 C     -0.007  1.068  2.939  0.000    28.138     8.700
   8   6 C     -0.023  1.079  2.944  0.000    28.465     8.745
   9   7 N     -0.124  1.233  3.891  0.000    23.700     7.230
  10   6 C      0.044  1.065  2.891  0.000    26.895     8.499
  11   6 C     -0.047  1.083  2.963  0.000    29.156     8.854
  12   6 C     -0.057  1.073  2.984  0.000    29.416     8.893
  13   6 C     -0.046  1.079  2.966  0.000    29.136     8.852
  14   6 C     -0.039  1.078  2.962  0.000    28.980     8.828
  15   1 H      0.154  0.846  0.000  0.000     1.372     1.835
  16   1 H      0.074  0.926  0.000  0.000     2.045     2.236
  17   1 H      0.048  0.952  0.000  0.000     2.339     2.392
  18   1 H      0.067  0.933  0.000  0.000     2.116     2.275
  19   1 H      0.039  0.961  0.000  0.000     2.467     2.456
  20   1 H      0.186  0.814  0.000  0.000     1.180     1.702
  21   1 H      0.046  0.954  0.000  0.000     2.377     2.411
  22   1 H      0.016  0.984  0.000  0.000     2.802     2.618
  23   1 H      0.026  0.974  0.000  0.000     2.637     2.539
  24   1 H      0.018  0.982  0.000  0.000     2.765     2.600
  25   7 N     -0.158  1.235  3.923  0.000    24.417     7.339
  26   6 C      0.014  1.066  2.920  0.000    20.339     6.421
  27   6 C      0.197  1.094  2.709  0.000    23.805     7.990
  28   8 O     -0.371  1.769  4.601  0.000    21.109     6.160
  29   6 C     -0.015  1.059  2.956  0.000    20.808     6.487
  30   6 C     -0.120  1.038  3.082  0.000    22.860     6.818
  31   6 C     -0.136  1.043  3.093  0.000    23.163     6.861
  32   1 H      0.211  0.789  0.000  0.000     1.050     1.605
  33   1 H      0.128  0.872  0.000  0.000     1.547     1.945
  34   1 H      0.050  0.950  0.000  0.000     2.326     2.385
  35   1 H      0.058  0.942  0.000  0.000     2.225     2.333
  36   1 H      0.026  0.974  0.000  0.000     2.651     2.546
  37   1 H      0.065  0.935  0.000  0.000     2.143     2.289
  38   1 H      0.068  0.932  0.000  0.000     2.104     2.268
  39   1 H      0.068  0.932  0.000  0.000     2.109     2.271
  40   1 H      0.060  0.940  0.000  0.000     2.196     2.317
  41   8 O     -0.659  1.776  4.883  0.000    26.656     6.968
  42   1 H      0.321  0.679  0.000  0.000     0.661     1.278
  43   1 H      0.316  0.684  0.000  0.000     0.676     1.292
  44   8 O     -0.618  1.745  4.874  0.000    25.632     6.833
  45   1 H      0.327  0.673  0.000  0.000     0.645     1.261
  46   1 H      0.292  0.708  0.000  0.000     0.745     1.356
  47   7 N     -0.402  1.321  4.081  0.000    30.438     8.194
  48   6 C      0.034  1.060  2.906  0.000    20.015     6.373
  49   6 C      0.196  1.094  2.710  0.000    23.827     7.994
  50   8 O     -0.398  1.771  4.628  0.000    21.647     6.238
  51   6 C     -0.079  1.061  3.018  0.000    21.995     6.677
  52   6 C     -0.081  1.059  3.023  0.000    22.046     6.684
  53   6 C     -0.030  1.056  2.974  0.000    21.192     6.569
  54   7 N     -0.143  1.217  3.926  0.000    24.098     7.291
  55   6 C      0.224  1.023  2.754  0.000    23.290     7.901
  56   7 N     -0.245  1.240  4.005  0.000    26.381     7.628
  57   7 N     -0.260  1.240  4.019  0.000    26.736     7.679
  58   1 H      0.171  0.829  0.000  0.000     1.268     1.764
  59   1 H      0.081  0.919  0.000  0.000     1.966     2.193
  60   1 H      0.063  0.937  0.000  0.000     2.159     2.298
  61   1 H      0.068  0.932  0.000  0.000     2.111     2.272
  62   1 H      0.063  0.937  0.000  0.000     2.161     2.299
  63   1 H      0.065  0.935  0.000  0.000     2.146     2.291
  64   1 H      0.079  0.921  0.000  0.000     1.990     2.206
  65   1 H      0.100  0.900  0.000  0.000     1.785     2.089
  66   1 H      0.227  0.773  0.000  0.000     0.978     1.549
  67   1 H      0.266  0.734  0.000  0.000     0.824     1.422
  68   1 H      0.220  0.780  0.000  0.000     1.010     1.574
  69   1 H      0.248  0.752  0.000  0.000     0.889     1.477
  70   1 H      0.246  0.754  0.000  0.000     0.901     1.487
  71   7 N     -0.383  1.311  4.072  0.000    29.915     8.123
  72   6 C      0.023  1.066  2.912  0.000    20.209     6.403
  73   6 C      0.277  1.045  2.678  0.000    22.319     7.736
  74   8 O     -0.515  1.766  4.749  0.000    24.127     6.586
  75   6 C     -0.131  1.050  3.080  0.000    23.070     6.849
  76   1 H      0.144  0.856  0.000  0.000     1.440     1.880
  77   1 H      0.068  0.932  0.000  0.000     2.110     2.271
  78   1 H      0.054  0.946  0.000  0.000     2.273     2.358
  79   1 H      0.075  0.925  0.000  0.000     2.036     2.231
  80   1 H      0.029  0.971  0.000  0.000     2.594     2.519
  81   7 N     -0.211  1.274  3.937  0.000    25.601     7.515
  82   6 C      0.015  1.070  2.915  0.000    20.327     6.419
  83   6 C      0.276  1.044  2.680  0.000    22.339     7.740
  84   8 O     -0.529  1.763  4.766  0.000    24.442     6.628
  85   6 C     -0.023  1.071  2.952  0.000    20.941     6.509
  86   6 C     -0.061  1.054  3.007  0.000    21.680     6.629
  87   6 C     -0.107  1.037  3.070  0.000    22.613     6.781
  88   6 C     -0.117  1.041  3.076  0.000    22.799     6.810
  89   1 H      0.236  0.764  0.000  0.000     0.942     1.520
  90   1 H      0.076  0.924  0.000  0.000     2.024     2.225
  91   1 H      0.055  0.945  0.000  0.000     2.257     2.349
  92   1 H      0.032  0.968  0.000  0.000     2.552     2.498
  93   1 H      0.048  0.952  0.000  0.000     2.341     2.393
  94   1 H      0.060  0.940  0.000  0.000     2.196     2.318
  95   1 H      0.022  0.978  0.000  0.000     2.708     2.573
  96   1 H      0.035  0.965  0.000  0.000     2.513     2.479
  97   1 H      0.049  0.951  0.000  0.000     2.327     2.386
  98   1 H      0.055  0.945  0.000  0.000     2.261     2.351
  99   1 H      0.036  0.964  0.000  0.000     2.510     2.477
 100   7 N     -0.186  1.250  3.936  0.000    25.036     7.431
 101   6 C      0.051  1.050  2.899  0.000    19.731     6.326
 102   6 C      0.209  1.088  2.704  0.000    23.573     7.952
 103   8 O     -0.367  1.738  4.629  0.000    21.025     6.148
 104   6 C     -0.088  1.077  3.012  0.000    22.172     6.702
 105   6 C      0.377  1.009  2.614  0.000    20.617     7.431
 106   8 O     -0.657  1.780  4.877  0.000    27.555     7.038
 107   8 O     -0.629  1.764  4.864  0.000    26.830     6.945
 108   1 H      0.239  0.761  0.000  0.000     0.929     1.510
 109   1 H      0.044  0.956  0.000  0.000     2.402     2.423
 110   1 H      0.056  0.944  0.000  0.000     2.246     2.343
 111   1 H      0.054  0.946  0.000  0.000     2.266     2.354
 112   7 N     -0.381  1.315  4.066  0.000    29.845     8.114
 113   6 C      0.030  1.059  2.911  0.000    20.090     6.385
 114   6 C      0.200  1.099  2.701  0.000    23.750     7.982
 115   8 O     -0.351  1.738  4.612  0.000    20.722     6.103
 116   6 C     -0.082  1.054  3.029  0.000    22.068     6.688
 117   6 C     -0.070  1.050  3.021  0.000    21.850     6.656
 118   6 C     -0.031  1.054  2.978  0.000    21.215     6.572
 119   7 N     -0.139  1.218  3.921  0.000    24.002     7.276
 120   6 C      0.235  1.020  2.745  0.000    23.083     7.866
 121   7 N     -0.236  1.225  4.012  0.000    26.180     7.599
 122   7 N     -0.264  1.267  3.997  0.000    26.852     7.696
 123   1 H      0.149  0.851  0.000  0.000     1.409     1.860
 124   1 H      0.082  0.918  0.000  0.000     1.959     2.189
 125   1 H      0.049  0.951  0.000  0.000     2.336     2.390
 126   1 H      0.082  0.918  0.000  0.000     1.957     2.188
 127   1 H      0.035  0.965  0.000  0.000     2.516     2.481
 128   1 H      0.048  0.952  0.000  0.000     2.342     2.393
 129   1 H      0.106  0.894  0.000  0.000     1.735     2.060
 130   1 H      0.086  0.914  0.000  0.000     1.921     2.167
 131   1 H      0.233  0.767  0.000  0.000     0.954     1.530
 132   1 H      0.241  0.759  0.000  0.000     0.918     1.501
 133   1 H      0.251  0.749  0.000  0.000     0.879     1.468
 134   1 H      0.250  0.750  0.000  0.000     0.885     1.474
 135   1 H      0.246  0.754  0.000  0.000     0.899     1.486
 136   7 N     -0.377  1.320  4.056  0.000    29.731     8.098
 137   6 C      0.029  1.062  2.909  0.000    20.094     6.384
 138   6 C      0.194  1.089  2.717  0.000    23.851     7.998
 139   8 O     -0.392  1.769  4.623  0.000    21.515     6.219
 140   6 C     -0.012  1.062  2.950  0.000    20.759     6.480
 141   6 C     -0.109  1.032  3.077  0.000    22.645     6.785
 142   6 C     -0.135  1.048  3.087  0.000    23.153     6.859
 143   1 H      0.163  0.837  0.000  0.000     1.319     1.799
 144   1 H      0.063  0.937  0.000  0.000     2.159     2.298
 145   1 H      0.049  0.951  0.000  0.000     2.328     2.386
 146   1 H      0.055  0.945  0.000  0.000     2.264     2.353
 147   1 H      0.018  0.982  0.000  0.000     2.769     2.602
 148   1 H      0.046  0.954  0.000  0.000     2.365     2.405
 149   1 H      0.055  0.945  0.000  0.000     2.258     2.350
 150   1 H      0.061  0.939  0.000  0.000     2.186     2.312
 151   1 H      0.068  0.932  0.000  0.000     2.102     2.267
 152   1 H      0.183  0.817  0.000  0.000     1.199     1.715
 153   1 H      0.087  0.913  0.000  0.000     1.907     2.159
 154   1 H      0.195  0.805  0.000  0.000     1.134     1.668
 155   1 H      0.058  0.942  0.000  0.000     2.221     2.330
 156   1 H      0.180  0.820  0.000  0.000     1.214     1.726
 157   1 H      0.086  0.914  0.000  0.000     1.915     2.164
 158   1 H      0.168  0.832  0.000  0.000     1.282     1.773
 159   1 H      0.057  0.943  0.000  0.000     2.236     2.338
 160   1 H      0.183  0.817  0.000  0.000     1.195     1.712
 161   1 H      0.070  0.930  0.000  0.000     2.083     2.257

 Mol. C6AA /au·bohr⁶  :     224168.617612
 Mol. C8AA /au·bohr⁸  :    4922484.419169
 Mol. α(0) /au        :        712.890362

 
molecular dipole:
                 x           y           z       tot (Debye)
 q only:       33.568     106.098       1.434
   full:       34.714     106.805       2.167     285.509
molecular quadrupole (traceless):
                xx          xy          yy          xz          yz          zz
 q only:    -4307.498    5392.311   10952.446     118.007     555.226   -6644.948
  q+dip:    -4318.109    5588.269   11030.588     155.916     678.828   -6712.479
   full:    -4317.271    5589.400   11029.673     159.291     678.525   -6712.402
speedup  1.34
cpu  time for grad    2.79 s
wall time for grad    2.08 s

SCC energy    :    -238.6580992
rep           :       3.0513829
ES            :       0.7795695
AES           :      -0.0327554
AXC           :       0.1045461
disp          :      -0.1684661
XB            :       0.0000000
fix           :       0.0000000
Gborn         :       0.0000000
Gsasa         :       0.0000000
Ghb           :       0.0000000
Gshift        :       0.0000000
Gsolv         :      -0.2747500     -172.41
Etot ala COSMO:    -238.6580992
grad norm     :       0.5342713
total E       :    -235.5971469
atomizationE  :      43.1685484    27088.67
(atE without considering molecular charge,
 total energy contains solvation terms)
H-L gap (eV)  :          1.3347

------------------------------------------------------------------------
 * finished run on 2019/05/04 at 19:52:00.294     
------------------------------------------------------------------------
 total:
 * wall-time:     0 d,  0 h,  0 min,  2.545 sec
 *  cpu-time:     0 d,  0 h,  0 min,  3.100 sec
 * ratio c/w:     1.218 speedup
 SCF:
 * wall-time:     0 d,  0 h,  0 min,  2.206 sec
 *  cpu-time:     0 d,  0 h,  0 min,  2.915 sec
 * ratio c/w:     1.321 speedup

