      -----------------------------------------------------------      
     |                   =====================                   |     
     |                           x T B                           |     
     |                   =====================                   |     
     |                         S. Grimme                         |     
     |          Mulliken Center for Theoretical Chemistry        |     
     |                    University of Bonn                     |     
     |                 Version 6.0.1 (SAW181210)                 |     
      -----------------------------------------------------------      

   This program is distributed in the hope that it will be useful,
   but WITHOUT ANY WARRANTY; without even the implied warranty of
   MERCHANTABILITY or FITNESS FOR A PARTICULAR PURPOSE.
   
   FOR NON-COMMERCIAL, ACADEMIA USE ONLY.
   
   Cite this work as:
   S. Grimme, C. Bannwarth, P. Shushkov, J. Comput. Theory Chem., 2017,
   13, 1989-2009.
   C. Bannwarth, S. Ehlert and S. Grimme., ChemRxiv, 2018, preprint.
   http://doi.org/10.26434/chemrxiv.7246238.v1
   
   for sTDA-xTB:
   S. Grimme and C. Bannwarth, J. Chem. Phys., 2016, 145, 054103.
   
   in the mass-spec context:
   V. Asgeirsson, C. Bauer and S. Grimme, Chem. Sci., 2017, 8, 4879.
   
   if GBSA is used:
   P. Shushkov, F. März and S. Grimme, unpublished.
   
   for ANC optimizer:
   S. Grimme, unpublished.
   Rational Function algorithm used in ANCopt:
   F. Eckert, P. Pulay, H.-J. Werner, J. Comput. Chem., 1997, 18, 1473.
   
   with help from (in alphabetical order)
   C. Bannwarth, F. Bohle, G. Brandenburg, E. Caldeweyher, M. Checinski,
   S. Dohm, S. Ehlert, S. Ehrlich, F. März, H. Neugebauer, J. Pisarek,
   P. Pracht, P. Shushkov, and S. Spicher.
   
 * started run on 2019/05/04 at 19:52:08.629     
========================================================================
 # omp threads = 2
========================================================================
number of atoms            : 51
number of electrons        : 144
charge                     : -1
spin                       : .0
first test random number   : .0220

########################################################################
# WARNING! Please study the warnings concerning your input carefully
#  - Process number higher than OMP_NUM_THREADS, I hope you know what you are doing.
########################################################################

           ------------------------------------------------- 
          |                 G F N 2 - x T B                 |
          | Geometry, Frequencies, Noncovalent interactions |
          |            JCTC 2018 parametrisation            |
           ------------------------------------------------- 
 
      method parameters     
 k(s)        :  1.8500
 k(p)        :  2.2300
 k(d)        :  2.2300
 k(f)        :  2.0000
 kEN (H0ij)  : -2.0000
 D4 a1       :  0.5200
 D4 a2       :  5.0000
 D4 s6       :  1.0000
 D4 s8       :  2.7000
 D4 s9       :  5.0000
 alphaj      :  2.0000

 Solvent             : h2o
 Using internal parameter file: .param_gbsa2_h2o
 Gsolv ref. state (COSMO-RS): gsolv [1 M gas/solution]
 temperature (mdtemp)       :    298.150000000000     
 dielectric constant        :    80.2000000000000     
 rho                        :    1.00000000000000     
 mass                       :    18.0000000000000     
 surface tension            :    15.5689454083859     
 probe radius               :   0.975313790000000     
 vdW radii scaling          :    1.00000000000000     
 Gshift (Eh)                :   1.857443126794793E-003
 c1                         :    1.55243817000000     
 soset                      :   0.130326360000000     
 HB correction              :  T

            Z     q(EN)     CN     RAES       Cart. coordinates
     1  N   5.0   -0.24    3.19    1.95    40.44958    95.41415    10.06090
     2  C   4.0    0.02    4.21    4.02    41.30374    95.15526    12.66872
     3  C   4.0    0.06    3.21    3.04    40.88044    97.56088    14.19751
     4  O   6.0   -0.31    1.14    1.80    40.10187    97.46640    16.44817
     5  C   4.0   -0.05    4.30    4.20    44.15534    94.49197    12.63849
     6  C   4.0   -0.02    3.56    3.14    45.06429    93.95151    15.32379
     7  C   4.0   -0.06    3.45    3.09    44.60131    91.64226    16.49731
     8  C   4.0   -0.05    3.46    3.10    46.32096    95.84690    16.64660
     9  C   4.0   -0.06    3.38    3.07    45.48381    91.21329    18.92372
    10  C   4.0   -0.05    3.38    3.07    47.23370    95.37069    19.05222
    11  C   4.0   -0.05    3.38    3.07    46.81796    93.05955    20.17849
    12  H   1.0    0.06    1.02    1.43    41.68924    95.07400     8.63605
    13  H   1.0    0.04    1.05    1.44    40.20770    93.66805    13.61737
    14  H   1.0    0.02    1.03    1.43    44.38777    92.85924    11.40450
    15  H   1.0    0.02    1.03    1.43    45.15500    96.09823    11.82968
    16  H   1.0    0.03    1.03    1.43    43.53173    90.20796    15.52032
    17  H   1.0    0.04    1.03    1.43    46.54962    97.67993    15.78299
    18  H   1.0    0.03    1.03    1.43    45.07941    89.42372    19.81189
    19  H   1.0    0.05    1.03    1.43    48.18990    96.85223    20.07645
    20  H   1.0    0.04    1.03    1.43    47.47936    92.74775    22.08145
    21  N   5.0   -0.21    3.18    1.95    36.78918    98.06544    20.75108
    22  C   4.0    0.03    4.26    4.11    37.95704    98.61157    23.29087
    23  C   4.0    0.24    3.16    3.03    38.86410   101.40269    23.68205
    24  O   6.0   -0.31    1.22    1.80    39.97904   102.32488    21.81878
    25  C   4.0   -0.03    4.36    4.32    40.37966    97.01475    23.44205
    26  C   4.0   -0.02    3.57    3.15    39.70503    94.29544    23.69905
    27  C   4.0   -0.06    3.45    3.10    38.62033    93.44128    25.93082
    28  C   4.0   -0.05    3.46    3.10    39.94503    92.64381    21.65059
    29  C   4.0   -0.06    3.43    3.09    37.90601    90.89771    26.12924
    30  C   4.0   -0.06    3.41    3.08    39.21181    90.12859    21.83578
    31  C   4.0    0.05    3.43    3.09    38.18758    89.26687    24.08456
    32  O   6.0   -0.28    2.09    1.84    37.38445    86.83291    24.39825
    33  O   6.0   -0.32    1.14    1.80    38.58253   102.52897    25.75130
    34  H   1.0    0.12    1.05    1.44    37.83798    98.43771    19.20340
    35  H   1.0    0.03    1.04    1.43    36.57754    98.12402    24.74029
    36  H   1.0    0.06    1.03    1.43    41.48326    97.37191    21.73563
    37  H   1.0    0.04    1.03    1.43    41.45303    97.67427    25.08044
    38  H   1.0    0.04    1.03    1.43    38.30852    94.74141    27.47095
    39  H   1.0    0.06    1.03    1.43    40.68958    93.37325    19.89692
    40  H   1.0    0.04    1.03    1.43    36.97816    90.22686    27.81110
    41  H   1.0    0.04    1.03    1.43    39.37622    88.88515    20.22574
    42  H   1.0    0.09    1.01    1.43    37.27862    85.96930    22.72773
    43  O   6.0   -0.33    1.96    1.82    45.44602   102.36079    21.03265
    44  H   1.0    0.11    0.96    1.43    45.83530   102.33244    19.23363
    45  H   1.0    0.15    0.99    1.43    43.62054   102.29465    21.18572
    46  O   6.0   -0.33    1.92    1.82    48.24659    99.40903    24.50975
    47  H   1.0    0.10    0.97    1.43    49.79428   100.35768    24.59856
    48  H   1.0    0.14    1.01    1.43    47.16378   100.36146    23.37780
    49  H   1.0    0.07    1.07    1.44    39.16615    94.33567     9.77415
    50  H   1.0    0.04    1.04    1.43    41.22092    99.24818    13.41767
    51  H   1.0    0.09    1.07    1.44    36.40473    96.41200    20.64672

  Z AO/shell   Hii/eV     exponent
  1     Wed Apr 25 08:07:45 CEST 2018   EN: 2.200 GM2: 0.406  GM3: 0.0800  RAES: 1.40
     1s    -10.707211    1.230000
  6     Wed Apr 25 08:07:45 CEST 2018   EN: 2.550 GM2: 0.538  GM3: 0.1500  RAES: 3.00
     2s    -13.970922    2.096432
     2p    -10.063292    1.800000
  7     Wed Apr 25 08:07:45 CEST 2018   EN: 3.040 GM2: 0.461  GM3:-0.0640  RAES: 1.90
     2s    -16.686243    2.339881
     2p    -12.523956    2.014332
  8     Wed Apr 25 08:07:45 CEST 2018   EN: 3.440 GM2: 0.452  GM3:-0.0517  RAES: 1.80
     2s    -20.229985    2.439742
     2p    -15.503117    2.137023
 no old-style atom pair restraining (fixing) potential

molecular fragmentation (1/2 indicates fragments):
111111111111111111112222222222222222222222222222112
# atoms in fragment 1/2:    22    29
 fragment masses (1/2) :      149.19      216.21
CMA distance (Bohr)    :   8.774
constraining FC (au)   :  0.0500
           ------------------------------------------------- 
          |        Self-Consistent Charge Iterations        |
           ------------------------------------------------- 

 Ncao       : 129
 Nao        : 129
 Nshell     : 77
 Nel        : 144
 T(el)      :   500.0
 intcut     :    35.0
 scfconv/Eh :  0.100E-06
   qconv/e  :  0.100E-04
 intneglect :  0.100E-08
 broydamp   :      0.400
 iter      E             dE          RMSdq      gap      omega  full diag
   1    -82.6817000 -0.826817E+02  0.512E+00    3.17       0.0  T
   2    -82.8347356 -0.153036E+00  0.260E+00    1.69       1.0  T
   3    -82.8379985 -0.326285E-02  0.137E+00    1.93       1.0  T
   4    -82.8634595 -0.254610E-01  0.312E-01    1.05       1.0  T
   5    -82.8643125 -0.853028E-03  0.144E-01    1.17       1.0  T
   6    -82.8645571 -0.244576E-03  0.581E-02    1.18       1.0  T
   7    -82.8645960 -0.388742E-04  0.279E-02    1.18       1.0  T
   8    -82.8646051 -0.912062E-05  0.123E-02    1.19       1.1  T
   9    -82.8646064 -0.126429E-05  0.562E-03    1.20       2.5  T
  10    -82.8646069 -0.520025E-06  0.254E-03    1.20       5.5  T
  11    -82.8646069 -0.190746E-07  0.140E-03    1.20      10.0  T
  12    -82.8646070 -0.549020E-07  0.436E-04    1.20      32.1  T
  13    -82.8646070 -0.128820E-08  0.232E-04    1.20      60.3  T
  14    -82.8646070 -0.743412E-09  0.966E-05    1.20     144.9  T
  15    -82.8646070 -0.207692E-09  0.268E-05    1.20     521.8  T
speedup  1.45
cpu  time for SCC    0.25 s
wall time for SCC    0.17 s

   *** convergence criteria satisfied after 15 iterations ***

          eigenvalues
 #    :          60         61         62         63         64         65         66         67
 occ. :        2.000      2.000      2.000      2.000      2.000      2.000      2.000      2.000
 eps  :       -11.614    -11.472    -11.388    -11.347    -10.949    -10.881    -10.830    -10.572
 #    :          68         69         70         71         72         73         74         75
 occ. :        2.000      2.000      2.000      2.000      2.000      0.000      0.000      0.000
 eps  :       -10.267    -10.147    -10.074     -9.781     -9.267     -8.071     -6.115     -6.004
 #    :          76         77         78         79         80         81         82         83
 occ. :        0.000      0.000      0.000      0.000      0.000      0.000      0.000      0.000
 eps  :        -5.989     -5.708     -4.566     -2.506     -2.477      0.465      0.847      1.362


   #   Z            q   n(s)   n(p)   n(d)      C6AA      α(0)
   1   7 N     -0.395  1.316  4.079  0.000    30.234     8.166
   2   6 C      0.049  1.057  2.894  0.000    19.765     6.333
   3   6 C      0.196  1.098  2.705  0.000    23.814     7.992
   4   8 O     -0.402  1.784  4.618  0.000    21.726     6.249
   5   6 C     -0.074  1.065  3.009  0.000    21.915     6.664
   6   6 C      0.006  1.087  2.907  0.000    27.891     8.663
   7   6 C     -0.041  1.079  2.962  0.000    29.018     8.834
   8   6 C     -0.041  1.081  2.960  0.000    29.007     8.832
   9   6 C     -0.030  1.079  2.951  0.000    28.749     8.793
  10   6 C     -0.030  1.081  2.949  0.000    28.751     8.793
  11   6 C     -0.030  1.077  2.953  0.000    28.748     8.793
  12   1 H      0.179  0.821  0.000  0.000     1.218     1.729
  13   1 H      0.050  0.950  0.000  0.000     2.325     2.385
  14   1 H      0.074  0.926  0.000  0.000     2.045     2.236
  15   1 H      0.060  0.940  0.000  0.000     2.200     2.319
  16   1 H      0.044  0.956  0.000  0.000     2.400     2.422
  17   1 H      0.023  0.977  0.000  0.000     2.685     2.562
  18   1 H      0.039  0.961  0.000  0.000     2.466     2.456
  19   1 H      0.036  0.964  0.000  0.000     2.500     2.472
  20   1 H      0.029  0.971  0.000  0.000     2.598     2.520
  21   7 N     -0.420  1.335  4.086  0.000    30.942     8.261
  22   6 C      0.031  1.080  2.889  0.000    20.083     6.385
  23   6 C      0.364  1.034  2.602  0.000    20.823     7.468
  24   8 O     -0.636  1.760  4.876  0.000    27.020     6.969
  25   6 C     -0.041  1.047  2.994  0.000    21.295     6.567
  26   6 C      0.004  1.085  2.912  0.000    27.939     8.670
  27   6 C     -0.041  1.085  2.957  0.000    29.029     8.835
  28   6 C     -0.040  1.083  2.957  0.000    28.986     8.829
  29   6 C     -0.063  1.077  2.985  0.000    29.557     8.915
  30   6 C     -0.075  1.078  2.997  0.000    29.880     8.963
  31   6 C      0.141  1.046  2.813  0.000    24.921     8.181
  32   8 O     -0.439  1.729  4.710  0.000    21.626     6.278
  33   8 O     -0.655  1.780  4.875  0.000    27.506     7.032
  34   1 H      0.166  0.834  0.000  0.000     1.295     1.783
  35   1 H     -0.001  1.001  0.000  0.000     3.082     2.745
  36   1 H      0.029  0.971  0.000  0.000     2.598     2.520
  37   1 H      0.006  0.994  0.000  0.000     2.962     2.692
  38   1 H      0.022  0.978  0.000  0.000     2.702     2.571
  39   1 H      0.032  0.968  0.000  0.000     2.552     2.498
  40   1 H      0.049  0.951  0.000  0.000     2.327     2.386
  41   1 H      0.050  0.950  0.000  0.000     2.323     2.383
  42   1 H      0.353  0.647  0.000  0.000     0.582     1.199
  43   8 O     -0.625  1.754  4.871  0.000    25.799     6.855
  44   1 H      0.327  0.673  0.000  0.000     0.644     1.261
  45   1 H      0.303  0.697  0.000  0.000     0.713     1.326
  46   8 O     -0.657  1.772  4.885  0.000    26.598     6.961
  47   1 H      0.330  0.670  0.000  0.000     0.637     1.254
  48   1 H      0.306  0.694  0.000  0.000     0.704     1.318
  49   1 H      0.188  0.812  0.000  0.000     1.168     1.693
  50   1 H      0.079  0.921  0.000  0.000     1.993     2.208
  51   1 H      0.173  0.827  0.000  0.000     1.256     1.755

 Mol. C6AA /au·bohr⁶  :      27566.137703
 Mol. C8AA /au·bohr⁸  :     632299.706951
 Mol. α(0) /au        :        255.976313

 
molecular dipole:
                 x           y           z       tot (Debye)
 q only:      -38.925    -102.980     -26.940
   full:      -38.834    -103.064     -27.332     288.439
molecular quadrupole (traceless):
                xx          xy          yy          xz          yz          zz
 q only:     4121.673   -6011.018   -9488.462   -1590.689   -4117.068    5366.789
  q+dip:     4139.355   -5997.266   -9498.048   -1614.222   -4171.582    5358.693
   full:     4144.196   -5999.400   -9501.017   -1613.085   -4171.812    5356.821
speedup  1.52
cpu  time for grad    0.32 s
wall time for grad    0.21 s

SCC energy    :     -82.8669135
rep           :       1.0958629
ES            :       0.3945043
AES           :      -0.0073109
AXC           :       0.0298375
disp          :      -0.0525852
XB            :       0.0000000
fix           :       0.0000000
Gborn         :       0.0000000
Gsasa         :       0.0000000
Ghb           :       0.0000000
Gshift        :       0.0000000
Gsolv         :      -0.1480682      -92.91
Etot ala COSMO:     -82.8669135
grad norm     :       0.3201185
total E       :     -81.7691344
atomizationE  :      15.0641252     9452.88
(atE without considering molecular charge,
 total energy contains solvation terms)
H-L gap (eV)  :          1.1958

------------------------------------------------------------------------
 * finished run on 2019/05/04 at 19:52:09.014     
------------------------------------------------------------------------
 total:
 * wall-time:     0 d,  0 h,  0 min,  0.384 sec
 *  cpu-time:     0 d,  0 h,  0 min,  0.438 sec
 * ratio c/w:     1.140 speedup
 SCF:
 * wall-time:     0 d,  0 h,  0 min,  0.225 sec
 *  cpu-time:     0 d,  0 h,  0 min,  0.350 sec
 * ratio c/w:     1.558 speedup

