      -----------------------------------------------------------      
     |                   =====================                   |     
     |                           x T B                           |     
     |                   =====================                   |     
     |                         S. Grimme                         |     
     |          Mulliken Center for Theoretical Chemistry        |     
     |                    University of Bonn                     |     
     |                 Version 6.0.1 (SAW181210)                 |     
      -----------------------------------------------------------      

   This program is distributed in the hope that it will be useful,
   but WITHOUT ANY WARRANTY; without even the implied warranty of
   MERCHANTABILITY or FITNESS FOR A PARTICULAR PURPOSE.
   
   FOR NON-COMMERCIAL, ACADEMIA USE ONLY.
   
   Cite this work as:
   S. Grimme, C. Bannwarth, P. Shushkov, J. Comput. Theory Chem., 2017,
   13, 1989-2009.
   C. Bannwarth, S. Ehlert and S. Grimme., ChemRxiv, 2018, preprint.
   http://doi.org/10.26434/chemrxiv.7246238.v1
   
   for sTDA-xTB:
   S. Grimme and C. Bannwarth, J. Chem. Phys., 2016, 145, 054103.
   
   in the mass-spec context:
   V. Asgeirsson, C. Bauer and S. Grimme, Chem. Sci., 2017, 8, 4879.
   
   if GBSA is used:
   P. Shushkov, F. März and S. Grimme, unpublished.
   
   for ANC optimizer:
   S. Grimme, unpublished.
   Rational Function algorithm used in ANCopt:
   F. Eckert, P. Pulay, H.-J. Werner, J. Comput. Chem., 1997, 18, 1473.
   
   with help from (in alphabetical order)
   C. Bannwarth, F. Bohle, G. Brandenburg, E. Caldeweyher, M. Checinski,
   S. Dohm, S. Ehlert, S. Ehrlich, F. März, H. Neugebauer, J. Pisarek,
   P. Pracht, P. Shushkov, and S. Spicher.
   
 * started run on 2019/05/04 at 19:52:07.245     
========================================================================
 # omp threads = 2
========================================================================
number of atoms            : 89
number of electrons        : 266
charge                     : -3
spin                       : .0
first test random number   : .2828

########################################################################
# WARNING! Please study the warnings concerning your input carefully
#  - Process number higher than OMP_NUM_THREADS, I hope you know what you are doing.
########################################################################

           ------------------------------------------------- 
          |                 G F N 2 - x T B                 |
          | Geometry, Frequencies, Noncovalent interactions |
          |            JCTC 2018 parametrisation            |
           ------------------------------------------------- 
 
      method parameters     
 k(s)        :  1.8500
 k(p)        :  2.2300
 k(d)        :  2.2300
 k(f)        :  2.0000
 kEN (H0ij)  : -2.0000
 D4 a1       :  0.5200
 D4 a2       :  5.0000
 D4 s6       :  1.0000
 D4 s8       :  2.7000
 D4 s9       :  5.0000
 alphaj      :  2.0000

 Solvent             : h2o
 Using internal parameter file: .param_gbsa2_h2o
 Gsolv ref. state (COSMO-RS): gsolv [1 M gas/solution]
 temperature (mdtemp)       :    298.150000000000     
 dielectric constant        :    80.2000000000000     
 rho                        :    1.00000000000000     
 mass                       :    18.0000000000000     
 surface tension            :    15.5689454083859     
 probe radius               :   0.975313790000000     
 vdW radii scaling          :    1.00000000000000     
 Gshift (Eh)                :   1.857443126794793E-003
 c1                         :    1.55243817000000     
 soset                      :   0.130326360000000     
 HB correction              :  T

            Z     q(EN)     CN     RAES       Cart. coordinates
     1  N   5.0   -0.25    3.20    1.96    38.48994    35.43803    43.68668
     2  C   4.0    0.03    4.23    4.05    37.56775    35.90479    46.20947
     3  C   4.0    0.04    3.21    3.04    35.14512    34.46293    46.71780
     4  O   6.0   -0.34    1.12    1.80    34.31364    34.21160    48.87398
     5  C   4.0   -0.03    4.25    4.10    37.18981    38.71859    46.76127
     6  C   4.0    0.24    3.09    3.02    39.70125    40.26439    46.80095
     7  O   6.0   -0.33    1.17    1.80    41.73649    39.16457    47.20724
     8  O   6.0   -0.31    1.17    1.80    39.44425    42.57931    46.35498
     9  H   1.0    0.07    1.02    1.43    38.59765    36.91013    42.46214
    10  H   1.0    0.04    1.06    1.44    38.96426    35.17914    47.57007
    11  H   1.0    0.04    1.02    1.43    35.90668    39.55196    45.38177
    12  H   1.0    0.05    1.03    1.43    36.36967    38.88489    48.64722
    13  N   5.0   -0.24    3.19    1.95    33.11178    56.91099    38.53907
    14  C   4.0    0.02    4.21    4.01    31.88724    57.93711    40.77462
    15  C   4.0    0.07    3.24    3.04    33.61256    59.57361    42.37710
    16  O   6.0   -0.36    1.13    1.80    32.68848    60.83784    44.09864
    17  C   4.0   -0.04    4.24    4.09    30.84600    55.81684    42.51694
    18  C   4.0    0.24    3.10    3.02    32.85667    53.92333    43.51661
    19  O   6.0   -0.33    1.31    1.80    35.15835    54.40710    43.23504
    20  O   6.0   -0.33    1.16    1.80    32.01385    51.99959    44.60698
    21  H   1.0    0.08    1.02    1.43    34.01696    55.23669    38.65623
    22  H   1.0    0.01    1.05    1.44    30.34522    59.15409    40.11888
    23  H   1.0    0.04    1.03    1.43    29.99751    56.71446    44.16667
    24  H   1.0    0.02    1.03    1.43    29.43815    54.70946    41.50594
    25  N   5.0   -0.25    3.22    1.96    44.41045    56.56517    41.30941
    26  C   4.0    0.03    4.26    4.11    43.49960    54.46946    39.86377
    27  C   4.0    0.04    3.19    3.03    43.63566    55.08173    37.03485
    28  O   6.0   -0.36    1.10    1.80    44.10809    53.38476    35.45693
    29  C   4.0   -0.04    4.28    4.16    40.91635    53.56995    40.71037
    30  C   4.0    0.15    3.22    3.04    41.21870    51.85408    43.07441
    31  O   6.0   -0.32    1.22    1.80    43.23882    50.78261    43.48070
    32  N   5.0   -0.18    3.19    1.95    39.11733    51.50259    44.39155
    33  H   1.0    0.06    1.03    1.43    43.26150    57.42310    42.56608
    34  H   1.0    0.05    1.07    1.44    44.81296    52.86886    40.14534
    35  H   1.0    0.04    1.03    1.43    39.70314    55.15354    41.20925
    36  H   1.0    0.04    1.02    1.43    40.00739    52.47580    39.21559
    37  H   1.0    0.10    1.04    1.43    39.34787    50.96591    46.21325
    38  H   1.0    0.12    1.12    1.45    37.59988    52.68934    44.05707
    39  O   6.0   -0.32    2.01    1.83    36.53029    48.25604    48.68690
    40  H   1.0    0.14    0.97    1.43    37.31453    46.96725    47.65889
    41  H   1.0    0.14    0.97    1.43    35.53252    49.29917    47.57385
    42  O   6.0   -0.34    1.92    1.82    32.06109    42.64356    45.61987
    43  H   1.0    0.13    0.97    1.43    33.77318    43.18591    45.88633
    44  H   1.0    0.11    0.97    1.43    31.04631    44.14967    45.47814
    45  O   6.0   -0.38    1.40    1.80    39.58865    51.35432    51.33818
    46  H   1.0    0.08    0.36    1.40    42.11505    51.01492    51.32118
    47  H   1.0    0.17    1.01    1.43    39.07139    49.81627    50.54450
    48  O   6.0   -0.33    1.96    1.82    34.06516    45.82616    52.83863
    49  H   1.0    0.12    0.96    1.43    33.45499    44.25628    52.10163
    50  H   1.0    0.15    1.00    1.43    35.18471    46.59691    51.62920
    51  O   6.0   -0.34    1.92    1.82    28.53732    51.11853    50.53316
    52  H   1.0    0.13    0.97    1.43    29.81140    50.97912    49.24626
    53  H   1.0    0.10    0.97    1.43    27.45543    52.47086    49.98325
    54  N   5.0   -0.24    3.23    1.96    32.98936    54.70794    58.65142
    55  C   4.0    0.03    4.20    4.00    32.42695    52.41283    57.23980
    56  C   4.0    0.07    3.26    3.05    32.99731    50.13237    58.85551
    57  O   6.0   -0.33    1.14    1.80    34.30975    50.32714    60.80004
    58  C   4.0    0.03    4.14    3.89    34.02722    52.24135    54.81906
    59  O   6.0   -0.25    2.06    1.83    36.53392    51.69418    55.48802
    60  H   1.0    0.08    1.04    1.43    34.39609    54.57310    59.92699
    61  H   1.0    0.02    1.05    1.44    30.43985    52.49845    56.67477
    62  H   1.0    0.05    1.01    1.43    33.27148    50.72708    53.61153
    63  H   1.0    0.03    1.01    1.43    33.93082    54.04482    53.79483
    64  H   1.0    0.14    1.05    1.44    37.64561    51.65085    53.93845
    65  N   5.0   -0.21    3.21    1.96    36.67058    45.27052    57.57617
    66  C   4.0    0.04    4.23    4.06    39.33454    44.72687    57.61208
    67  C   4.0    0.06    3.18    3.03    40.86262    46.66086    59.14275
    68  O   6.0   -0.35    1.10    1.80    42.62499    45.93271    60.55060
    69  C   4.0   -0.04    4.24    4.08    40.43807    44.41043    54.95323
    70  C   4.0   -0.03    4.19    3.97    39.23811    42.11600    53.66255
    71  C   4.0    0.24    3.11    3.03    39.85224    39.58587    54.93244
    72  O   6.0   -0.33    1.18    1.80    42.04510    39.24592    55.73180
    73  O   6.0   -0.33    1.16    1.80    38.08424    38.05233    55.39165
    74  H   1.0    0.10    1.06    1.44    35.82545    45.88017    55.97179
    75  H   1.0    0.05    1.06    1.44    39.58285    42.91728    58.61552
    76  H   1.0    0.05    1.02    1.43    40.13275    46.12601    53.84018
    77  H   1.0    0.05    1.03    1.43    42.47271    44.12533    55.11008
    78  H   1.0    0.05    1.03    1.43    37.18713    42.33493    53.59641
    79  H   1.0    0.06    1.02    1.43    39.90668    41.99357    51.70101
    80  H   1.0    0.07    1.07    1.44    40.07427    34.82469    43.76578
    81  H   1.0    0.02    1.05    1.44    34.18622    33.69129    45.28388
    82  H   1.0    0.06    1.07    1.44    31.95508    56.67957    37.31390
    83  H   1.0    0.04    1.04    1.43    35.46927    59.61385    42.02775
    84  H   1.0    0.07    1.08    1.44    45.74663    56.07475    42.24036
    85  H   1.0    0.02    1.04    1.43    43.34563    56.85040    36.43589
    86  H   1.0    0.07    1.08    1.44    33.44432    55.94114    57.57217
    87  H   1.0    0.04    1.04    1.44    32.31882    48.43681    58.36995
    88  H   1.0    0.08    1.08    1.44    35.79929    43.86738    57.98189
    89  H   1.0    0.05    1.04    1.43    40.45286    48.50136    59.01737

  Z AO/shell   Hii/eV     exponent
  1     Wed Apr 25 08:07:45 CEST 2018   EN: 2.200 GM2: 0.406  GM3: 0.0800  RAES: 1.40
     1s    -10.707211    1.230000
  6     Wed Apr 25 08:07:45 CEST 2018   EN: 2.550 GM2: 0.538  GM3: 0.1500  RAES: 3.00
     2s    -13.970922    2.096432
     2p    -10.063292    1.800000
  7     Wed Apr 25 08:07:45 CEST 2018   EN: 3.040 GM2: 0.461  GM3:-0.0640  RAES: 1.90
     2s    -16.686243    2.339881
     2p    -12.523956    2.014332
  8     Wed Apr 25 08:07:45 CEST 2018   EN: 3.440 GM2: 0.452  GM3:-0.0517  RAES: 1.80
     2s    -20.229985    2.439742
     2p    -15.503117    2.137023
 no old-style atom pair restraining (fixing) potential

molecular fragmentation (1/2 indicates fragments):
111111111111222222222222222222222222222222222222222222222222222222222222
22222221122222222
# atoms in fragment 1/2:    14    75
 fragment masses (1/2) :      116.10      541.51
CMA distance (Bohr)    :  13.041
constraining FC (au)   :  0.0500
           ------------------------------------------------- 
          |        Self-Consistent Charge Iterations        |
           ------------------------------------------------- 

 Ncao       : 221
 Nao        : 221
 Nshell     : 133
 Nel        : 266
 T(el)      :   500.0
 intcut     :    35.0
 scfconv/Eh :  0.100E-06
   qconv/e  :  0.100E-04
 intneglect :  0.100E-08
 broydamp   :      0.400
 iter      E             dE          RMSdq      gap      omega  full diag
   1   -158.0820926 -0.158082E+03  0.593E+00    3.40       0.0  T
   2   -158.6746891 -0.592597E+00  0.266E+00    1.99       1.0  T
   3   -158.7228973 -0.482082E-01  0.161E+00    2.15       1.0  T
   4   -158.7640274 -0.411300E-01  0.342E-01    1.54       1.0  T
   5   -158.7656774 -0.165002E-02  0.164E-01    1.67       1.0  T
   6   -158.7661288 -0.451367E-03  0.596E-02    1.66       1.0  T
   7   -158.7661755 -0.467134E-04  0.272E-02    1.66       1.0  T
   8   -158.7661924 -0.169061E-04  0.842E-03    1.66       1.3  T
   9   -158.7661933 -0.931032E-06  0.420E-03    1.67       2.5  T
  10   -158.7661938 -0.458866E-06  0.144E-03    1.67       7.3  T
  11   -158.7661938 -0.194285E-07  0.521E-04    1.67      20.4  T
  12   -158.7661938 -0.394110E-08  0.174E-04    1.67      60.8  T
  13   -158.7661938 -0.325031E-09  0.914E-05    1.67     116.0  T
  14   -158.7661938 -0.113346E-09  0.297E-05    1.67     356.9  T
speedup  1.72
cpu  time for SCC    0.49 s
wall time for SCC    0.28 s

   *** convergence criteria satisfied after 14 iterations ***

          eigenvalues
 #    :         121        122        123        124        125        126        127        128
 occ. :        2.000      2.000      2.000      2.000      2.000      2.000      2.000      2.000
 eps  :       -10.815    -10.810    -10.572    -10.473    -10.348    -10.330    -10.253    -10.184
 #    :         129        130        131        132        133        134        135        136
 occ. :        2.000      2.000      2.000      2.000      2.000      0.000      0.000      0.000
 eps  :        -9.981     -9.953     -9.853     -9.749     -9.631     -7.963     -7.817     -7.713
 #    :         137        138        139        140        141        142        143        144
 occ. :        0.000      0.000      0.000      0.000      0.000      0.000      0.000      0.000
 eps  :        -7.691     -7.379     -5.998     -5.915     -5.194     -4.868     -4.519     -0.152


   #   Z            q   n(s)   n(p)   n(d)      C6AA      α(0)
   1   7 N     -0.380  1.297  4.083  0.000    29.826     8.111
   2   6 C      0.055  1.048  2.898  0.000    19.674     6.318
   3   6 C      0.196  1.093  2.711  0.000    23.827     7.994
   4   8 O     -0.402  1.763  4.639  0.000    21.724     6.249
   5   6 C     -0.085  1.073  3.012  0.000    22.129     6.697
   6   6 C      0.374  1.024  2.602  0.000    20.664     7.439
   7   8 O     -0.633  1.773  4.860  0.000    26.955     6.961
   8   8 O     -0.654  1.768  4.886  0.000    27.477     7.028
   9   1 H      0.158  0.842  0.000  0.000     1.349     1.819
  10   1 H      0.041  0.959  0.000  0.000     2.431     2.439
  11   1 H      0.043  0.957  0.000  0.000     2.413     2.429
  12   1 H      0.017  0.983  0.000  0.000     2.787     2.611
  13   7 N     -0.385  1.305  4.081  0.000    29.972     8.131
  14   6 C      0.043  1.058  2.898  0.000    19.866     6.350
  15   6 C      0.210  1.088  2.702  0.000    23.547     7.947
  16   8 O     -0.397  1.754  4.643  0.000    21.623     6.235
  17   6 C     -0.095  1.074  3.021  0.000    22.303     6.724
  18   6 C      0.364  1.028  2.607  0.000    20.819     7.467
  19   8 O     -0.604  1.762  4.842  0.000    26.217     6.865
  20   8 O     -0.639  1.775  4.864  0.000    27.104     6.980
  21   1 H      0.145  0.855  0.000  0.000     1.433     1.875
  22   1 H      0.077  0.923  0.000  0.000     2.007     2.215
  23   1 H      0.044  0.956  0.000  0.000     2.400     2.423
  24   1 H      0.046  0.954  0.000  0.000     2.372     2.408
  25   7 N     -0.381  1.295  4.087  0.000    29.852     8.115
  26   6 C      0.048  1.046  2.905  0.000    19.778     6.335
  27   6 C      0.191  1.102  2.707  0.000    23.920     8.010
  28   8 O     -0.392  1.771  4.621  0.000    21.522     6.220
  29   6 C     -0.093  1.065  3.028  0.000    22.271     6.718
  30   6 C      0.292  1.039  2.669  0.000    22.039     7.687
  31   8 O     -0.520  1.757  4.762  0.000    24.222     6.599
  32   7 N     -0.316  1.313  4.003  0.000    28.127     7.877
  33   1 H      0.165  0.835  0.000  0.000     1.300     1.786
  34   1 H      0.069  0.931  0.000  0.000     2.097     2.265
  35   1 H      0.071  0.929  0.000  0.000     2.076     2.253
  36   1 H      0.059  0.941  0.000  0.000     2.214     2.327
  37   1 H      0.202  0.798  0.000  0.000     1.098     1.641
  38   1 H      0.247  0.753  0.000  0.000     0.894     1.481
  39   8 O     -0.591  1.738  4.853  0.000    24.978     6.745
  40   1 H      0.307  0.693  0.000  0.000     0.701     1.315
  41   1 H      0.327  0.673  0.000  0.000     0.646     1.262
  42   8 O     -0.633  1.761  4.872  0.000    25.989     6.881
  43   1 H      0.288  0.712  0.000  0.000     0.758     1.367
  44   1 H      0.344  0.656  0.000  0.000     0.603     1.220
  45   8 O     -0.611  1.835  4.776  0.000    26.293     6.879
  46   1 H      0.337  0.663  0.000  0.000     1.486     2.224
  47   1 H      0.291  0.709  0.000  0.000     0.749     1.359
  48   8 O     -0.609  1.748  4.861  0.000    25.406     6.803
  49   1 H      0.304  0.696  0.000  0.000     0.709     1.322
  50   1 H      0.310  0.690  0.000  0.000     0.692     1.307
  51   8 O     -0.635  1.764  4.871  0.000    26.045     6.888
  52   1 H      0.296  0.704  0.000  0.000     0.732     1.344
  53   1 H      0.339  0.661  0.000  0.000     0.616     1.232
  54   7 N     -0.382  1.310  4.072  0.000    29.876     8.118
  55   6 C      0.035  1.055  2.909  0.000    20.000     6.371
  56   6 C      0.209  1.083  2.708  0.000    23.562     7.950
  57   8 O     -0.375  1.759  4.616  0.000    21.191     6.172
  58   6 C      0.090  1.039  2.871  0.000    19.287     6.291
  59   8 O     -0.497  1.730  4.767  0.000    22.827     6.449
  60   1 H      0.174  0.826  0.000  0.000     1.247     1.749
  61   1 H      0.075  0.925  0.000  0.000     2.033     2.229
  62   1 H      0.027  0.973  0.000  0.000     2.632     2.537
  63   1 H      0.028  0.972  0.000  0.000     2.618     2.530
  64   1 H      0.325  0.675  0.000  0.000     0.652     1.269
  65   7 N     -0.389  1.297  4.092  0.000    30.069     8.144
  66   6 C      0.058  1.050  2.893  0.000    19.630     6.311
  67   6 C      0.195  1.103  2.702  0.000    23.830     7.994
  68   8 O     -0.389  1.764  4.624  0.000    21.454     6.210
  69   6 C     -0.040  1.052  2.988  0.000    21.293     6.570
  70   6 C     -0.072  1.059  3.013  0.000    21.869     6.658
  71   6 C      0.368  1.029  2.603  0.000    20.753     7.455
  72   8 O     -0.649  1.769  4.880  0.000    27.342     7.011
  73   8 O     -0.668  1.776  4.892  0.000    27.846     7.075
  74   1 H      0.183  0.817  0.000  0.000     1.196     1.713
  75   1 H      0.031  0.969  0.000  0.000     2.570     2.507
  76   1 H      0.039  0.961  0.000  0.000     2.460     2.453
  77   1 H      0.027  0.973  0.000  0.000     2.622     2.532
  78   1 H      0.025  0.975  0.000  0.000     2.657     2.549
  79   1 H     -0.003  1.003  0.000  0.000     3.116     2.761
  80   1 H      0.184  0.816  0.000  0.000     1.190     1.708
  81   1 H      0.091  0.909  0.000  0.000     1.866     2.136
  82   1 H      0.194  0.806  0.000  0.000     1.137     1.670
  83   1 H      0.070  0.930  0.000  0.000     2.088     2.260
  84   1 H      0.185  0.815  0.000  0.000     1.183     1.704
  85   1 H      0.096  0.904  0.000  0.000     1.824     2.112
  86   1 H      0.185  0.815  0.000  0.000     1.185     1.705
  87   1 H      0.064  0.936  0.000  0.000     2.148     2.292
  88   1 H      0.168  0.832  0.000  0.000     1.282     1.774
  89   1 H      0.090  0.910  0.000  0.000     1.880     2.144

 Mol. C6AA /au·bohr⁶  :      73045.054581
 Mol. C8AA /au·bohr⁸  :    1552821.274418
 Mol. α(0) /au        :        398.289574

 
molecular dipole:
                 x           y           z       tot (Debye)
 q only:     -116.742    -130.820    -152.225
   full:     -116.826    -131.125    -153.616     593.063
molecular quadrupole (traceless):
                xx          xy          yy          xz          yz          zz
 q only:     2259.032   -7590.326     386.395   -8878.433   -9880.549   -2645.426
  q+dip:     2350.036   -7619.798     430.255   -8945.013  -10005.286   -2780.291
   full:     2350.307   -7620.543     428.886   -8946.682  -10004.092   -2779.193
speedup  1.68
cpu  time for grad    0.65 s
wall time for grad    0.39 s

SCC energy    :    -158.7647454
rep           :       1.5872256
ES            :       1.2739977
AES           :      -0.0366016
AXC           :       0.0310541
disp          :      -0.0759717
XB            :       0.0000000
fix           :       0.0000000
Gborn         :       0.0000000
Gsasa         :       0.0000000
Ghb           :       0.0000000
Gshift        :       0.0000000
Gsolv         :      -0.5401322     -338.94
Etot ala COSMO:    -158.7647454
grad norm     :       0.5399499
total E       :    -157.1752003
atomizationE  :      24.0425576    15086.93
(atE without considering molecular charge,
 total energy contains solvation terms)
H-L gap (eV)  :          1.6681

------------------------------------------------------------------------
 * finished run on 2019/05/04 at 19:52:08.055     
------------------------------------------------------------------------
 total:
 * wall-time:     0 d,  0 h,  0 min,  0.807 sec
 *  cpu-time:     0 d,  0 h,  0 min,  0.884 sec
 * ratio c/w:     1.095 speedup
 SCF:
 * wall-time:     0 d,  0 h,  0 min,  0.481 sec
 *  cpu-time:     0 d,  0 h,  0 min,  0.734 sec
 * ratio c/w:     1.527 speedup

