      -----------------------------------------------------------      
     |                   =====================                   |     
     |                           x T B                           |     
     |                   =====================                   |     
     |                         S. Grimme                         |     
     |          Mulliken Center for Theoretical Chemistry        |     
     |                    University of Bonn                     |     
     |                 Version 6.0.1 (SAW181210)                 |     
      -----------------------------------------------------------      

   This program is distributed in the hope that it will be useful,
   but WITHOUT ANY WARRANTY; without even the implied warranty of
   MERCHANTABILITY or FITNESS FOR A PARTICULAR PURPOSE.
   
   FOR NON-COMMERCIAL, ACADEMIA USE ONLY.
   
   Cite this work as:
   S. Grimme, C. Bannwarth, P. Shushkov, J. Comput. Theory Chem., 2017,
   13, 1989-2009.
   C. Bannwarth, S. Ehlert and S. Grimme., ChemRxiv, 2018, preprint.
   http://doi.org/10.26434/chemrxiv.7246238.v1
   
   for sTDA-xTB:
   S. Grimme and C. Bannwarth, J. Chem. Phys., 2016, 145, 054103.
   
   in the mass-spec context:
   V. Asgeirsson, C. Bauer and S. Grimme, Chem. Sci., 2017, 8, 4879.
   
   if GBSA is used:
   P. Shushkov, F. März and S. Grimme, unpublished.
   
   for ANC optimizer:
   S. Grimme, unpublished.
   Rational Function algorithm used in ANCopt:
   F. Eckert, P. Pulay, H.-J. Werner, J. Comput. Chem., 1997, 18, 1473.
   
   with help from (in alphabetical order)
   C. Bannwarth, F. Bohle, G. Brandenburg, E. Caldeweyher, M. Checinski,
   S. Dohm, S. Ehlert, S. Ehrlich, F. März, H. Neugebauer, J. Pisarek,
   P. Pracht, P. Shushkov, and S. Spicher.
   
 * started run on 2019/05/04 at 19:52:10.649     
========================================================================
 # omp threads = 2
========================================================================
number of atoms            : 54
number of electrons        : 150
charge                     : 0
spin                       : .0
first test random number   : .8643

########################################################################
# WARNING! Please study the warnings concerning your input carefully
#  - Process number higher than OMP_NUM_THREADS, I hope you know what you are doing.
########################################################################

           ------------------------------------------------- 
          |                 G F N 2 - x T B                 |
          | Geometry, Frequencies, Noncovalent interactions |
          |            JCTC 2018 parametrisation            |
           ------------------------------------------------- 
 
      method parameters     
 k(s)        :  1.8500
 k(p)        :  2.2300
 k(d)        :  2.2300
 k(f)        :  2.0000
 kEN (H0ij)  : -2.0000
 D4 a1       :  0.5200
 D4 a2       :  5.0000
 D4 s6       :  1.0000
 D4 s8       :  2.7000
 D4 s9       :  5.0000
 alphaj      :  2.0000

 Solvent             : h2o
 Using internal parameter file: .param_gbsa2_h2o
 Gsolv ref. state (COSMO-RS): gsolv [1 M gas/solution]
 temperature (mdtemp)       :    298.150000000000     
 dielectric constant        :    80.2000000000000     
 rho                        :    1.00000000000000     
 mass                       :    18.0000000000000     
 surface tension            :    15.5689454083859     
 probe radius               :   0.975313790000000     
 vdW radii scaling          :    1.00000000000000     
 Gshift (Eh)                :   1.857443126794793E-003
 c1                         :    1.55243817000000     
 soset                      :   0.130326360000000     
 HB correction              :  T

            Z     q(EN)     CN     RAES       Cart. coordinates
     1  N   5.0   -0.21    3.18    1.95    37.30697    35.97093    34.10388
     2  C   4.0    0.03    4.19    3.99    35.47771    35.53441    36.15424
     3  C   4.0    0.08    3.18    3.03    36.69092    33.93759    38.26884
     4  O   6.0   -0.28    1.12    1.80    35.38134    32.75840    39.80141
     5  C   4.0   -0.03    4.32    4.23    33.08532    34.20971    35.15079
     6  C   4.0   -0.02    3.54    3.13    31.49417    35.80653    33.43681
     7  C   4.0   -0.04    3.49    3.11    30.30931    37.95326    34.37412
     8  C   4.0   -0.04    3.44    3.09    31.35055    35.31709    30.85356
     9  C   4.0   -0.03    3.43    3.09    28.90525    39.56141    32.86800
    10  C   4.0   -0.04    3.43    3.09    29.66303    36.71926    29.40225
    11  C   4.0    0.07    3.44    3.09    28.44793    38.84332    30.37734
    12  O   6.0   -0.25    2.16    1.85    26.94938    40.37966    28.99407
    13  H   1.0    0.09    1.02    1.43    37.49405    34.58954    32.79619
    14  H   1.0    0.05    1.05    1.44    35.02418    37.38634    36.95926
    15  H   1.0    0.05    1.03    1.43    33.68059    32.49762    34.16247
    16  H   1.0    0.06    1.03    1.43    31.99495    33.64468    36.81186
    17  H   1.0    0.06    1.03    1.43    30.57010    38.42380    36.34321
    18  H   1.0    0.05    1.03    1.43    32.37856    33.75806    30.04097
    19  H   1.0    0.07    1.03    1.43    28.09834    41.26217    33.63523
    20  H   1.0    0.06    1.03    1.43    29.46083    36.24683    27.42937
    21  H   1.0    0.12    1.03    1.43    26.59789    39.65401    27.34811
    22  N   5.0   -0.19    3.24    1.97    23.58378    51.21346    24.38691
    23  C   4.0    0.04    4.22    4.04    25.08611    51.20968    26.65458
    24  C   4.0    0.09    3.28    3.05    26.39758    53.77782    26.87190
    25  O   6.0   -0.28    1.14    1.80    27.20261    54.81339    24.92360
    26  C   4.0   -0.03    4.31    4.21    27.24607    49.21791    26.32388
    27  C   4.0    0.06    3.79    3.33    29.21327    49.47114    28.30620
    28  N   5.0   -0.18    2.60    1.91    29.07154    48.37887    30.64758
    29  C   4.0   -0.00    3.63    3.19    31.37890    50.83552    28.14558
    30  C   4.0    0.07    3.63    3.19    31.12757    49.08941    31.85511
    31  N   5.0   -0.11    3.45    2.05    32.58077    50.60308    30.38868
    32  H   1.0    0.10    1.03    1.43    24.46250    51.82762    22.79765
    33  H   1.0    0.06    1.04    1.43    23.89747    50.80528    28.28731
    34  H   1.0    0.05    1.03    1.43    26.42782    47.33197    26.36357
    35  H   1.0    0.05    1.04    1.43    28.11534    49.55806    24.48896
    36  H   1.0    0.06    1.02    1.43    32.13479    51.95801    26.63947
    37  H   1.0    0.05    1.02    1.43    31.62834    48.55084    33.73917
    38  H   1.0    0.08    1.04    1.43    34.29664    51.34574    30.84411
    39  O   6.0   -0.30    1.94    1.82    25.11257    44.84698    31.24473
    40  H   1.0    0.15    1.01    1.43    25.82877    43.29362    30.64191
    41  H   1.0    0.14    1.04    1.43    26.44671    46.10553    31.12001
    42  O   6.0   -0.30    1.92    1.82    23.49685    52.30383    32.75273
    43  H   1.0    0.13    0.97    1.43    24.35479    50.93756    33.58799
    44  H   1.0    0.13    0.97    1.43    22.79576    53.39610    34.04908
    45  O   6.0   -0.28    1.92    1.82    19.94417    46.24537    33.40280
    46  H   1.0    0.14    0.97    1.43    21.48429    45.35153    33.79397
    47  H   1.0    0.14    0.97    1.43    20.47140    47.93290    32.95682
    48  O   6.0   -0.30    1.91    1.82    30.93670    44.30274    37.03863
    49  H   1.0    0.12    0.96    1.43    31.53386    42.98749    38.17624
    50  H   1.0    0.13    0.97    1.43    29.58177    45.13799    37.91735
    51  H   1.0    0.10    1.07    1.44    36.86365    37.36388    33.23456
    52  H   1.0    0.06    1.04    1.43    38.57220    33.84185    38.41940
    53  H   1.0    0.09    1.08    1.44    23.05627    49.63149    24.05274
    54  H   1.0    0.06    1.04    1.43    26.59605    54.59730    28.56309

  Z AO/shell   Hii/eV     exponent
  1     Wed Apr 25 08:07:45 CEST 2018   EN: 2.200 GM2: 0.406  GM3: 0.0800  RAES: 1.40
     1s    -10.707211    1.230000
  6     Wed Apr 25 08:07:45 CEST 2018   EN: 2.550 GM2: 0.538  GM3: 0.1500  RAES: 3.00
     2s    -13.970922    2.096432
     2p    -10.063292    1.800000
  7     Wed Apr 25 08:07:45 CEST 2018   EN: 3.040 GM2: 0.461  GM3:-0.0640  RAES: 1.90
     2s    -16.686243    2.339881
     2p    -12.523956    2.014332
  8     Wed Apr 25 08:07:45 CEST 2018   EN: 3.440 GM2: 0.452  GM3:-0.0517  RAES: 1.80
     2s    -20.229985    2.439742
     2p    -15.503117    2.137023
 no old-style atom pair restraining (fixing) potential

molecular fragmentation (1/2 indicates fragments):
111111111111111111111222222222222222222222222222221122
# atoms in fragment 1/2:    23    31
 fragment masses (1/2) :      165.19      211.22
CMA distance (Bohr)    :  14.619
constraining FC (au)   :  0.0500
           ------------------------------------------------- 
          |        Self-Consistent Charge Iterations        |
           ------------------------------------------------- 

 Ncao       : 132
 Nao        : 132
 Nshell     : 80
 Nel        : 150
 T(el)      :   500.0
 intcut     :    35.0
 scfconv/Eh :  0.100E-06
   qconv/e  :  0.100E-04
 intneglect :  0.100E-08
 broydamp   :      0.400
 iter      E             dE          RMSdq      gap      omega  full diag
   1    -87.3204758 -0.873205E+02  0.503E+00    3.12       0.0  T
   2    -87.4841472 -0.163671E+00  0.251E+00    2.03       1.0  T
   3    -87.4948966 -0.107494E-01  0.129E+00    2.35       1.0  T
   4    -87.5180078 -0.231112E-01  0.329E-01    1.91       1.0  T
   5    -87.5185015 -0.493721E-03  0.130E-01    1.99       1.0  T
   6    -87.5188549 -0.353388E-03  0.448E-02    1.98       1.0  T
   7    -87.5188906 -0.357547E-04  0.213E-02    1.96       1.0  T
   8    -87.5188933 -0.266068E-05  0.830E-03    1.95       1.6  T
   9    -87.5188936 -0.315570E-06  0.327E-03    1.95       4.2  T
  10    -87.5188939 -0.228629E-06  0.128E-03    1.95      10.7  T
  11    -87.5188939 -0.109046E-07  0.623E-04    1.95      21.8  T
  12    -87.5188939 -0.667339E-08  0.228E-04    1.95      59.6  T
  13    -87.5188939 -0.552475E-09  0.103E-04    1.95     132.2  T
  14    -87.5188939 -0.157257E-09  0.476E-05    1.95     285.9  T
  15    -87.5188939 -0.171383E-10  0.212E-05    1.95     641.0  T
speedup  1.99
cpu  time for SCC    0.17 s
wall time for SCC    0.09 s

   *** convergence criteria satisfied after 15 iterations ***

          eigenvalues
 #    :          63         64         65         66         67         68         69         70
 occ. :        2.000      2.000      2.000      2.000      2.000      2.000      2.000      2.000
 eps  :       -11.918    -11.745    -11.534    -11.435    -11.334    -11.101    -11.073    -10.968
 #    :          71         72         73         74         75         76         77         78
 occ. :        2.000      2.000      2.000      2.000      2.000      0.000      0.000      0.000
 eps  :       -10.633    -10.557    -10.458    -10.027     -9.773     -7.821     -7.704     -6.117
 #    :          79         80         81         82         83         84         85         86
 occ. :        0.000      0.000      0.000      0.000      0.000      0.000      0.000      0.000
 eps  :        -5.819     -5.567     -4.623     -2.572      0.620      0.841      1.297      1.587


   #   Z            q   n(s)   n(p)   n(d)      C6AA      α(0)
   1   7 N     -0.392  1.319  4.072  0.000    30.145     8.154
   2   6 C      0.036  1.065  2.899  0.000    19.992     6.370
   3   6 C      0.196  1.097  2.707  0.000    23.815     7.992
   4   8 O     -0.386  1.766  4.621  0.000    21.410     6.204
   5   6 C     -0.070  1.053  3.017  0.000    21.833     6.651
   6   6 C     -0.000  1.078  2.922  0.000    28.032     8.684
   7   6 C     -0.042  1.082  2.960  0.000    29.049     8.839
   8   6 C     -0.044  1.084  2.960  0.000    29.096     8.845
   9   6 C     -0.061  1.079  2.982  0.000    29.515     8.909
  10   6 C     -0.077  1.078  2.999  0.000    29.922     8.970
  11   6 C      0.143  1.043  2.814  0.000    24.888     8.176
  12   8 O     -0.431  1.713  4.718  0.000    21.461     6.254
  13   1 H      0.162  0.838  0.000  0.000     1.321     1.800
  14   1 H      0.081  0.919  0.000  0.000     1.967     2.193
  15   1 H      0.043  0.957  0.000  0.000     2.410     2.428
  16   1 H      0.061  0.939  0.000  0.000     2.183     2.311
  17   1 H      0.040  0.960  0.000  0.000     2.448     2.446
  18   1 H      0.038  0.962  0.000  0.000     2.477     2.461
  19   1 H      0.066  0.934  0.000  0.000     2.131     2.283
  20   1 H      0.037  0.963  0.000  0.000     2.482     2.464
  21   1 H      0.351  0.649  0.000  0.000     0.585     1.202
  22   7 N     -0.385  1.319  4.066  0.000    29.954     8.128
  23   6 C      0.040  1.060  2.901  0.000    19.930     6.360
  24   6 C      0.204  1.091  2.705  0.000    23.659     7.966
  25   8 O     -0.386  1.764  4.623  0.000    21.411     6.204
  26   6 C     -0.073  1.058  3.015  0.000    21.886     6.659
  27   6 C      0.050  1.063  2.887  0.000    26.455     8.394
  28   7 N     -0.293  1.475  3.817  0.000    28.431     7.906
  29   6 C     -0.026  1.060  2.966  0.000    28.604     8.771
  30   6 C      0.082  1.065  2.853  0.000    25.941     8.335
  31   7 N     -0.097  1.245  3.852  0.000    23.127     7.142
  32   1 H      0.163  0.837  0.000  0.000     1.314     1.796
  33   1 H      0.080  0.920  0.000  0.000     1.978     2.199
  34   1 H      0.072  0.928  0.000  0.000     2.066     2.248
  35   1 H      0.047  0.953  0.000  0.000     2.356     2.400
  36   1 H      0.032  0.968  0.000  0.000     2.551     2.498
  37   1 H      0.059  0.941  0.000  0.000     2.205     2.322
  38   1 H      0.208  0.792  0.000  0.000     1.067     1.618
  39   8 O     -0.654  1.753  4.902  0.000    26.526     6.951
  40   1 H      0.302  0.698  0.000  0.000     0.715     1.328
  41   1 H      0.303  0.697  0.000  0.000     0.712     1.326
  42   8 O     -0.645  1.769  4.876  0.000    26.290     6.920
  43   1 H      0.314  0.686  0.000  0.000     0.680     1.295
  44   1 H      0.333  0.667  0.000  0.000     0.630     1.247
  45   8 O     -0.647  1.771  4.876  0.000    26.337     6.926
  46   1 H      0.327  0.673  0.000  0.000     0.645     1.261
  47   1 H      0.316  0.684  0.000  0.000     0.676     1.292
  48   8 O     -0.639  1.773  4.866  0.000    26.143     6.901
  49   1 H      0.313  0.687  0.000  0.000     0.683     1.298
  50   1 H      0.327  0.673  0.000  0.000     0.646     1.263
  51   1 H      0.184  0.816  0.000  0.000     1.193     1.711
  52   1 H      0.083  0.917  0.000  0.000     1.953     2.185
  53   1 H      0.189  0.811  0.000  0.000     1.166     1.691
  54   1 H      0.068  0.932  0.000  0.000     2.109     2.271

 Mol. C6AA /au·bohr⁶  :      27020.977696
 Mol. C8AA /au·bohr⁸  :     601304.761113
 Mol. α(0) /au        :        250.450143

 
molecular dipole:
                 x           y           z       tot (Debye)
 q only:        2.097      -0.058       0.375
   full:        3.023      -0.101       0.331       7.733
molecular quadrupole (traceless):
                xx          xy          yy          xz          yz          zz
 q only:      114.824     149.294     -89.973     108.181      75.235     -24.851
  q+dip:      158.674     216.891    -114.337     144.376      82.355     -44.338
   full:      159.405     216.674    -113.475     144.198      82.137     -45.930
speedup  1.99
cpu  time for grad    0.23 s
wall time for grad    0.11 s

SCC energy    :     -87.5224110
rep           :       1.0866935
ES            :       0.2771107
AES           :      -0.0001175
AXC           :       0.0332297
disp          :      -0.0446367
XB            :       0.0000000
fix           :       0.0000000
Gborn         :       0.0000000
Gsasa         :       0.0000000
Ghb           :       0.0000000
Gshift        :       0.0000000
Gsolv         :      -0.0557314      -34.97
Etot ala COSMO:     -87.5224110
grad norm     :       0.3327265
total E       :     -86.4349594
atomizationE  :      14.5909948     9155.99
(atE without considering molecular charge,
 total energy contains solvation terms)
H-L gap (eV)  :          1.9520

------------------------------------------------------------------------
 * finished run on 2019/05/04 at 19:52:10.986     
------------------------------------------------------------------------
 total:
 * wall-time:     0 d,  0 h,  0 min,  0.335 sec
 *  cpu-time:     0 d,  0 h,  0 min,  0.411 sec
 * ratio c/w:     1.227 speedup
 SCF:
 * wall-time:     0 d,  0 h,  0 min,  0.134 sec
 *  cpu-time:     0 d,  0 h,  0 min,  0.267 sec
 * ratio c/w:     1.989 speedup

