      -----------------------------------------------------------      
     |                   =====================                   |     
     |                           x T B                           |     
     |                   =====================                   |     
     |                         S. Grimme                         |     
     |          Mulliken Center for Theoretical Chemistry        |     
     |                    University of Bonn                     |     
     |                 Version 6.0.1 (SAW181210)                 |     
      -----------------------------------------------------------      

   This program is distributed in the hope that it will be useful,
   but WITHOUT ANY WARRANTY; without even the implied warranty of
   MERCHANTABILITY or FITNESS FOR A PARTICULAR PURPOSE.
   
   FOR NON-COMMERCIAL, ACADEMIA USE ONLY.
   
   Cite this work as:
   S. Grimme, C. Bannwarth, P. Shushkov, J. Comput. Theory Chem., 2017,
   13, 1989-2009.
   C. Bannwarth, S. Ehlert and S. Grimme., ChemRxiv, 2018, preprint.
   http://doi.org/10.26434/chemrxiv.7246238.v1
   
   for sTDA-xTB:
   S. Grimme and C. Bannwarth, J. Chem. Phys., 2016, 145, 054103.
   
   in the mass-spec context:
   V. Asgeirsson, C. Bauer and S. Grimme, Chem. Sci., 2017, 8, 4879.
   
   if GBSA is used:
   P. Shushkov, F. März and S. Grimme, unpublished.
   
   for ANC optimizer:
   S. Grimme, unpublished.
   Rational Function algorithm used in ANCopt:
   F. Eckert, P. Pulay, H.-J. Werner, J. Comput. Chem., 1997, 18, 1473.
   
   with help from (in alphabetical order)
   C. Bannwarth, F. Bohle, G. Brandenburg, E. Caldeweyher, M. Checinski,
   S. Dohm, S. Ehlert, S. Ehrlich, F. März, H. Neugebauer, J. Pisarek,
   P. Pracht, P. Shushkov, and S. Spicher.
   
 * started run on 2019/05/04 at 19:52:11.283     
========================================================================
 # omp threads = 2
========================================================================
number of atoms            : 194
number of electrons        : 498
charge                     : 0
spin                       : .0
first test random number   : .1203

########################################################################
# WARNING! Please study the warnings concerning your input carefully
#  - Process number higher than OMP_NUM_THREADS, I hope you know what you are doing.
########################################################################

           ------------------------------------------------- 
          |                 G F N 2 - x T B                 |
          | Geometry, Frequencies, Noncovalent interactions |
          |            JCTC 2018 parametrisation            |
           ------------------------------------------------- 
 
      method parameters     
 k(s)        :  1.8500
 k(p)        :  2.2300
 k(d)        :  2.2300
 k(f)        :  2.0000
 kEN (H0ij)  : -2.0000
 D4 a1       :  0.5200
 D4 a2       :  5.0000
 D4 s6       :  1.0000
 D4 s8       :  2.7000
 D4 s9       :  5.0000
 alphaj      :  2.0000

 Solvent             : h2o
 Using internal parameter file: .param_gbsa2_h2o
 Gsolv ref. state (COSMO-RS): gsolv [1 M gas/solution]
 temperature (mdtemp)       :    298.150000000000     
 dielectric constant        :    80.2000000000000     
 rho                        :    1.00000000000000     
 mass                       :    18.0000000000000     
 surface tension            :    15.5689454083859     
 probe radius               :   0.975313790000000     
 vdW radii scaling          :    1.00000000000000     
 Gshift (Eh)                :   1.857443126794793E-003
 c1                         :    1.55243817000000     
 soset                      :   0.130326360000000     
 HB correction              :  T

            Z     q(EN)     CN     RAES       Cart. coordinates
     1  N   5.0   -0.16    3.42    2.03    20.52809    39.86566    13.94240
     2  C   4.0    0.03    4.36    4.31    19.59079    38.72993    11.62370
     3  C   4.0    0.07    3.19    3.03    16.82234    39.28929    11.11915
     4  O   6.0   -0.32    1.17    1.80    16.02677    39.41212     8.89494
     5  C   4.0   -0.04    4.32    4.23    19.97251    35.84999    12.13393
     6  C   4.0   -0.04    4.24    4.09    22.41404    35.85377    13.68162
     7  C   4.0   -0.02    4.29    4.18    22.04365    38.13845    15.48252
     8  H   1.0    0.06    1.05    1.44    20.70762    39.35354     9.99476
     9  H   1.0    0.04    1.03    1.43    18.39270    35.15835    13.25076
    10  H   1.0    0.04    1.02    1.43    20.08968    34.78230    10.38971
    11  H   1.0    0.04    1.02    1.43    22.67293    34.08877    14.70207
    12  H   1.0    0.06    1.02    1.43    24.03164    36.16746    12.45140
    13  H   1.0    0.04    1.02    1.43    20.95328    37.55452    17.13981
    14  H   1.0    0.03    1.02    1.43    23.82755    38.97371    16.05322
    15  N   5.0   -0.20    3.24    1.96    16.44817    45.74271     7.86126
    16  C   4.0    0.03    4.36    4.31    17.15493    45.58019     5.19675
    17  C   4.0    0.15    3.43    3.09    15.01009    44.24415     3.70386
    18  O   6.0   -0.29    1.22    1.80    14.26554    45.06807     1.68375
    19  C   4.0   -0.02    4.27    4.15    19.54921    43.92101     4.96431
    20  C   4.0   -0.07    4.12    3.85    20.09724    43.34653     2.16941
    21  C   4.0   -0.07    4.12    3.84    21.75264    45.26839     6.19452
    22  H   1.0    0.09    1.03    1.43    17.41760    44.68257     9.11982
    23  H   1.0    0.05    1.04    1.43    17.41760    47.46803     4.40306
    24  H   1.0    0.06    1.05    1.44    19.17316    42.14278     5.96020
    25  H   1.0    0.04    1.00    1.43    21.92082    42.42057     2.00122
    26  H   1.0    0.05    1.00    1.43    18.66482    42.11632     1.36060
    27  H   1.0    0.05    1.00    1.43    20.11991    45.07941     1.06392
    28  H   1.0    0.05    1.00    1.43    23.43260    44.08542     6.11704
    29  H   1.0    0.04    1.00    1.43    22.13625    47.05040     5.24210
    30  H   1.0    0.04    1.00    1.43    21.36524    45.65578     8.17684
    31  N   5.0   -0.14    3.44    2.04    13.90838    42.19947     4.86415
    32  C   4.0    0.05    4.31    4.22    12.07157    40.71604     3.44686
    33  C   4.0    0.10    3.25    3.04     9.68485    42.31852     2.96309
    34  O   6.0   -0.26    1.10    1.80     8.32235    42.15034     1.06392
    35  C   4.0   -0.03    4.31    4.22    11.21741    38.46726     4.99455
    36  C   4.0   -0.03    4.21    4.02    12.99754    36.15802     4.70731
    37  C   4.0    0.15    3.22    3.04    12.54778    34.81820     2.23744
    38  O   6.0   -0.28    1.24    1.80    11.00009    35.56086     0.71432
    39  N   5.0   -0.18    3.20    1.96    13.84602    32.67714     1.86705
    40  H   1.0    0.11    1.10    1.44    14.71719    41.38122     6.39672
    41  H   1.0    0.07    1.05    1.44    12.82746    40.16046     1.60060
    42  H   1.0    0.05    1.03    1.43    11.10592    39.03040     6.97687
    43  H   1.0    0.07    1.04    1.43     9.32769    37.89090     4.38605
    44  H   1.0    0.05    1.03    1.43    14.95718    36.77596     4.85660
    45  H   1.0    0.05    1.03    1.43    12.63471    34.83521     6.24932
    46  H   1.0    0.10    1.05    1.44    14.97419    31.86834     3.18041
    47  H   1.0    0.10    1.03    1.43    13.59091    31.69448     0.23811
    48  N   5.0   -0.20    3.20    1.96    36.79107    48.68879     1.61761
    49  C   4.0    0.03    4.28    4.16    35.00906    46.56663     1.82548
    50  C   4.0    0.14    3.43    3.09    36.53407    44.15156     2.19586
    51  O   6.0   -0.31    1.24    1.80    38.26695    43.56952     0.75589
    52  C   4.0   -0.05    4.35    4.29    33.41035    46.28506    -0.59526
    53  C   4.0   -0.02    4.18    3.96    31.10678    44.57675    -0.25322
    54  C   4.0   -0.08    4.10    3.79    28.99784    45.84475     1.21131
    55  C   4.0   -0.08    4.11    3.83    30.23750    43.79251    -2.89506
    56  H   1.0    0.09    1.02    1.43    37.70381    48.96280    -0.03968
    57  H   1.0    0.05    1.05    1.44    33.83365    46.90678     3.48843
    58  H   1.0    0.04    1.03    1.43    32.78297    48.15589    -1.20942
    59  H   1.0    0.05    1.03    1.43    34.62734    45.52539    -2.08626
    60  H   1.0    0.04    1.05    1.44    31.69826    42.86465     0.76156
    61  H   1.0    0.04    1.00    1.43    27.32355    44.65233     1.20565
    62  H   1.0    0.05    1.00    1.43    29.55531    46.16789     3.16151
    63  H   1.0    0.04    1.00    1.43    28.51219    47.65133     0.35338
    64  H   1.0    0.04    1.00    1.43    28.54998    42.61710    -2.81947
    65  H   1.0    0.04    1.00    1.43    29.78964    45.44602    -4.03079
    66  H   1.0    0.04    1.00    1.43    31.69637    42.71914    -3.87772
    67  N   5.0   -0.14    3.46    2.05    35.92369    42.67190     4.20275
    68  C   4.0    0.03    4.46    4.48    37.49027    40.50817     4.79801
    69  C   4.0    0.14    3.38    3.07    35.76684    38.36711     5.75233
    70  O   6.0   -0.32    1.29    1.80    33.81287    38.81686     6.91451
    71  C   4.0   -0.02    4.22    4.04    39.47449    41.17524     6.92396
    72  C   4.0   -0.07    4.13    3.86    41.48704    42.82119     5.83169
    73  C   4.0   -0.07    4.06    3.73    38.29719    42.53206     9.30501
    74  H   1.0    0.11    1.09    1.44    34.55553    43.17457     5.44241
    75  H   1.0    0.05    1.06    1.44    38.48994    39.91290     3.09537
    76  H   1.0    0.04    1.05    1.44    40.27951    39.37055     7.53245
    77  H   1.0    0.04    1.01    1.43    42.82686    43.37110     7.27733
    78  H   1.0    0.05    1.00    1.43    42.52639    41.83286     4.36149
    79  H   1.0    0.06    1.01    1.43    40.65745    44.50683     5.00021
    80  H   1.0    0.04    1.00    1.43    39.56519    42.32608    10.89805
    81  H   1.0    0.05    1.00    1.43    37.97971    44.51627     8.88927
    82  H   1.0    0.06    1.00    1.43    36.48494    41.68546     9.76988
    83  N   5.0   -0.15    3.45    2.05    36.76462    36.04463     5.57280
    84  C   4.0    0.04    4.28    4.16    35.55897    33.75617     6.66317
    85  C   4.0    0.09    3.23    3.04    37.68491    32.59399     8.23354
    86  O   6.0   -0.28    1.14    1.80    39.12678    31.07087     7.30946
    87  C   4.0    0.04    4.15    3.90    34.70104    32.03274     4.51645
    88  O   6.0   -0.24    2.06    1.83    33.34232    30.03908     5.61438
    89  H   1.0    0.08    1.06    1.44    38.34065    35.74039     4.52211
    90  H   1.0    0.07    1.05    1.44    33.94326    34.32498     7.80268
    91  H   1.0    0.04    1.01    1.43    33.50673    33.12501     3.20875
    92  H   1.0    0.05    1.01    1.43    36.37533    31.35433     3.49599
    93  H   1.0    0.12    1.02    1.43    33.37256    28.56321     4.54857
    94  N   5.0   -0.20    3.14    1.94    22.92804    30.33955     8.93651
    95  C   4.0    0.00    4.18    3.96    22.96773    31.94960     6.71231
    96  C   4.0    0.15    3.42    3.09    25.07477    33.92436     7.01088
    97  O   6.0   -0.32    1.34    1.80    26.36735    33.95649     8.93273
    98  H   1.0    0.10    1.05    1.44    24.19983    30.82899    10.28389
    99  H   1.0    0.04    1.02    1.43    23.35890    30.78364     5.04179
   100  H   1.0    0.04    1.02    1.43    21.14792    32.90202     6.46853
   101  N   5.0   -0.10    3.65    2.21    25.27697    35.58543     5.16651
   102  C   4.0    0.04    4.57    4.62    27.34244    37.45815     5.17029
   103  C   4.0    0.15    3.50    3.11    26.83222    39.34031     7.21308
   104  O   6.0   -0.31    1.24    1.80    24.62691    39.80330     7.94441
   105  C   4.0   -0.05    4.32    4.23    27.04576    38.95859     2.65129
   106  C   4.0   -0.05    4.21    4.03    25.20894    37.41279     1.02612
   107  C   4.0   -0.02    4.34    4.27    23.82755    35.63645     2.81758
   108  H   1.0    0.05    1.04    1.43    29.17170    36.53218     5.38572
   109  H   1.0    0.04    1.04    1.43    26.25018    40.80674     3.08592
   110  H   1.0    0.04    1.02    1.43    28.86745    39.22504     1.73855
   111  H   1.0    0.04    1.02    1.43    23.88236    38.60710     0.00756
   112  H   1.0    0.04    1.02    1.43    26.24829    36.31675    -0.37795
   113  H   1.0    0.04    1.02    1.43    21.92460    36.34510     3.22576
   114  H   1.0    0.03    1.02    1.43    23.68016    33.74484     2.00500
   115  N   5.0   -0.14    3.54    2.11    28.89202    40.66501     7.87827
   116  C   4.0    0.03    4.44    4.45    28.74462    42.64734     9.72642
   117  C   4.0    0.07    3.26    3.05    29.92948    44.98871     8.51133
   118  O   6.0   -0.31    1.19    1.80    31.87968    44.77706     7.29623
   119  C   4.0   -0.02    4.36    4.30    30.32065    41.84231    12.05645
   120  C   4.0   -0.05    4.21    4.03    28.72005    39.85243    13.41327
   121  C   4.0   -0.08    4.14    3.88    30.78175    44.10809    13.77799
   122  C   4.0   -0.08    4.01    3.63    30.28097    38.56553    15.52788
   123  H   1.0    0.12    1.11    1.44    30.65324    40.10565     7.34914
   124  H   1.0    0.04    1.06    1.44    26.76986    42.98749    10.22531
   125  H   1.0    0.06    1.05    1.44    32.09511    41.02973    11.38749
   126  H   1.0    0.04    1.03    1.43    27.04387    40.77273    14.17861
   127  H   1.0    0.06    1.03    1.43    28.11345    38.41057    12.07157
   128  H   1.0    0.04    1.00    1.43    31.71338    43.52417    15.51087
   129  H   1.0    0.05    1.00    1.43    31.98172    45.50271    12.85014
   130  H   1.0    0.04    1.00    1.43    28.98651    45.00382    14.22586
   131  H   1.0    0.04    1.00    1.43    29.24918    36.93658    16.23275
   132  H   1.0    0.05    1.00    1.43    32.06298    37.90223    14.75309
   133  H   1.0    0.04    1.00    1.43    30.63435    39.88456    17.05478
   134  O   6.0   -0.31    1.96    1.82    17.70673    29.51374     3.35048
   135  H   1.0    0.11    0.97    1.43    18.87458    30.75529     2.72687
   136  H   1.0    0.12    0.96    1.43    18.51365    28.78431     4.84526
   137  O   6.0   -0.29    1.92    1.82    30.62490    33.01540    11.64827
   138  H   1.0    0.16    1.03    1.43    29.26619    33.31398    10.46908
   139  H   1.0    0.12    0.97    1.43    29.76129    32.78863    13.25643
   140  N   5.0   -0.19    3.23    1.96    35.39802    35.75080    -8.15228
   141  C   4.0    0.03    4.30    4.20    34.19485    34.22915    -6.16240
   142  C   4.0    0.07    3.25    3.04    31.98833    32.79374    -7.40962
   143  O   6.0   -0.29    1.12    1.80    30.31303    33.91911    -8.60203
   144  C   4.0   -0.02    4.34    4.27    33.13055    35.89494    -4.11393
   145  C   4.0   -0.05    4.15    3.91    35.00777    37.85158    -3.00844
   146  C   4.0   -0.08    4.11    3.82    31.75384    34.28837    -2.13161
   147  C   4.0   -0.07    4.01    3.63    37.53119    36.81437    -2.12783
   148  H   1.0    0.09    1.02    1.43    34.64539    37.48525    -8.47353
   149  H   1.0    0.04    1.05    1.44    35.60109    32.88952    -5.45753
   150  H   1.0    0.05    1.07    1.44    31.66444    37.04726    -5.04746
   151  H   1.0    0.04    1.03    1.43    35.36667    39.26329    -4.47109
   152  H   1.0    0.04    1.02    1.43    34.06389    38.79480    -1.42674
   153  H   1.0    0.04    1.00    1.43    30.91734    35.48779    -0.68597
   154  H   1.0    0.04    1.00    1.43    30.26196    33.17609    -2.99900
   155  H   1.0    0.04    1.00    1.43    33.06399    32.99800    -1.21131
   156  H   1.0    0.05    1.00    1.43    38.67189    38.36106    -1.40785
   157  H   1.0    0.04    1.00    1.43    37.29498    35.43204    -0.62361
   158  H   1.0    0.04    1.00    1.43    38.56011    35.93552    -3.67741
   159  N   5.0   -0.19    3.21    1.96    25.46069    29.63599    -6.81624
   160  C   4.0    0.03    4.19    3.98    23.35343    29.43839    -5.07013
   161  C   4.0    0.09    3.20    3.04    20.87260    29.38515    -6.63105
   162  O   6.0   -0.27    1.15    1.80    20.87565    29.91278    -8.86470
   163  C   4.0   -0.05    4.23    4.06    23.23725    31.47264    -2.99711
   164  C   4.0   -0.02    3.67    3.22    23.00351    34.16784    -3.98732
   165  C   4.0   -0.01    3.60    3.17    24.74620    35.54493    -5.32903
   166  C   4.0    0.01    3.90    3.46    20.86603    35.75735    -3.68686
   167  N   5.0   -0.12    3.48    2.07    23.90256    37.97746    -5.65973
   168  C   4.0    0.03    3.89    3.45    21.53159    38.15348    -4.68085
   169  C   4.0   -0.04    3.39    3.07    18.53446    35.34733    -2.54357
   170  C   4.0   -0.05    3.35    3.07    19.91125    40.25323    -4.50133
   171  C   4.0   -0.03    3.35    3.06    16.88934    37.38041    -2.38861
   172  C   4.0   -0.04    3.37    3.07    17.63541    39.80338    -3.25033
   173  H   1.0    0.11    1.03    1.43    25.15689    30.53635    -8.48865
   174  H   1.0    0.04    1.05    1.44    23.55465    27.62343    -4.08748
   175  H   1.0    0.04    1.03    1.43    21.63496    31.09962    -1.76311
   176  H   1.0    0.04    1.03    1.43    24.96348    31.33243    -1.86705
   177  H   1.0    0.06    1.02    1.43    26.62376    35.05567    -5.91484
   178  H   1.0    0.07    1.05    1.44    24.84504    39.45553    -6.40806
   179  H   1.0    0.05    1.02    1.43    17.98236    33.52949    -1.79524
   180  H   1.0    0.05    1.02    1.43    20.44552    42.12842    -5.10226
   181  H   1.0    0.07    1.03    1.43    15.06612    37.24642    -1.47021
   182  H   1.0    0.06    1.02    1.43    16.33764    41.36710    -2.91396
   183  H   1.0    0.09    1.18    1.46    21.80522    40.92816    13.57825
   184  H   1.0    0.05    1.04    1.43    15.63445    39.55959    12.56377
   185  H   1.0    0.09    1.07    1.44    16.63604    47.34430     8.40178
   186  H   1.0    0.06    1.05    1.44     9.13832    43.60678     4.23303
   187  H   1.0    0.09    1.07    1.44    35.96928    50.15023     1.90294
   188  H   1.0    0.06    1.05    1.44    37.89968    33.08726    10.04506
   189  H   1.0    0.09    1.07    1.44    21.38886    30.40463     9.65709
   190  H   1.0    0.04    1.04    1.43    29.10681    46.67772     8.71505
   191  H   1.0    0.09    1.07    1.44    37.02965    36.01847    -7.75390
   192  H   1.0    0.05    1.04    1.43    31.88453    30.91225    -7.26728
   193  H   1.0    0.09    1.08    1.44    26.73287    30.48860    -6.07655
   194  H   1.0    0.05    1.04    1.43    19.24301    28.91196    -5.79944

  Z AO/shell   Hii/eV     exponent
  1     Wed Apr 25 08:07:45 CEST 2018   EN: 2.200 GM2: 0.406  GM3: 0.0800  RAES: 1.40
     1s    -10.707211    1.230000
  6     Wed Apr 25 08:07:45 CEST 2018   EN: 2.550 GM2: 0.538  GM3: 0.1500  RAES: 3.00
     2s    -13.970922    2.096432
     2p    -10.063292    1.800000
  7     Wed Apr 25 08:07:45 CEST 2018   EN: 3.040 GM2: 0.461  GM3:-0.0640  RAES: 1.90
     2s    -16.686243    2.339881
     2p    -12.523956    2.014332
  8     Wed Apr 25 08:07:45 CEST 2018   EN: 3.440 GM2: 0.452  GM3:-0.0517  RAES: 1.80
     2s    -20.229985    2.439742
     2p    -15.503117    2.137023
 no old-style atom pair restraining (fixing) potential

molecular fragmentation (1/2 indicates fragments):
111111111111112222222222222222222222222222222222222222222222222222222222
222222222222222222222222222222222222222222222222222222222222222222222222
22222222222222222222222222222222222222112222222222
# atoms in fragment 1/2:    16   178
 fragment masses (1/2) :       99.13     1139.44
CMA distance (Bohr)    :  11.944
constraining FC (au)   :  0.0500
           ------------------------------------------------- 
          |        Self-Consistent Charge Iterations        |
           ------------------------------------------------- 

 Ncao       : 455
 Nao        : 455
 Nshell     : 281
 Nel        : 498
 T(el)      :   500.0
 intcut     :    35.0
 scfconv/Eh :  0.100E-06
   qconv/e  :  0.100E-04
 intneglect :  0.100E-08
 broydamp   :      0.400
 iter      E             dE          RMSdq      gap      omega  full diag
   1   -282.6405368 -0.282641E+03  0.442E+00    2.71       0.0  T
   2   -283.2814411 -0.640904E+00  0.208E+00    1.61       1.0  T
   3   -283.3245820 -0.431409E-01  0.121E+00    2.01       1.0  T
   4   -283.3733640 -0.487820E-01  0.242E-01    1.54       1.0  T
   5   -283.3757140 -0.234996E-02  0.112E-01    1.64       1.0  T
   6   -283.3763388 -0.624787E-03  0.485E-02    1.64       1.0  T
   7   -283.3764992 -0.160451E-03  0.219E-02    1.62       1.0  T
   8   -283.3765214 -0.221964E-04  0.101E-02    1.62       1.0  T
   9   -283.3765263 -0.490769E-05  0.369E-03    1.62       1.9  T
  10   -283.3765271 -0.729152E-06  0.169E-03    1.62       4.3  T
  11   -283.3765271 -0.786616E-07  0.762E-04    1.62       9.4  T
  12   -283.3765272 -0.239055E-07  0.351E-04    1.62      20.5  T
  13   -283.3765272 -0.597623E-08  0.138E-04    1.62      52.2  T
  14   -283.3765272 -0.798366E-09  0.793E-05    1.62      90.5  T
  15   -283.3765272 -0.236525E-09  0.334E-05    1.62     214.9  T
speedup  2.00
cpu  time for SCC    3.21 s
wall time for SCC    1.60 s

   *** convergence criteria satisfied after 15 iterations ***

          eigenvalues
 #    :         237        238        239        240        241        242        243        244
 occ. :        2.000      2.000      2.000      2.000      2.000      2.000      2.000      2.000
 eps  :       -10.894    -10.886    -10.814    -10.811    -10.726    -10.343    -10.080    -10.068
 #    :         245        246        247        248        249        250        251        252
 occ. :        2.000      2.000      2.000      2.000      2.000      0.000      0.000      0.000
 eps  :       -10.040     -9.952     -9.945     -9.901     -9.816     -8.201     -8.088     -8.083
 #    :         253        254        255        256        257        258        259        260
 occ. :        0.000      0.000      0.000      0.000      0.000      0.000      0.000      0.000
 eps  :        -7.923     -7.711     -7.483     -6.542     -6.378     -6.266     -5.962     -5.930


   #   Z            q   n(s)   n(p)   n(d)      C6AA      α(0)
   1   7 N     -0.307  1.336  3.972  0.000    27.902     7.845
   2   6 C      0.034  1.062  2.904  0.000    19.993     6.365
   3   6 C      0.189  1.100  2.711  0.000    23.946     8.014
   4   8 O     -0.388  1.756  4.632  0.000    21.446     6.209
   5   6 C     -0.050  1.057  2.993  0.000    21.451     6.590
   6   6 C     -0.059  1.052  3.007  0.000    21.620     6.616
   7   6 C      0.005  1.052  2.944  0.000    20.554     6.464
   8   1 H      0.064  0.936  0.000  0.000     2.152     2.294
   9   1 H      0.048  0.952  0.000  0.000     2.339     2.392
  10   1 H      0.041  0.959  0.000  0.000     2.433     2.439
  11   1 H      0.041  0.959  0.000  0.000     2.435     2.440
  12   1 H      0.047  0.953  0.000  0.000     2.362     2.403
  13   1 H      0.041  0.959  0.000  0.000     2.430     2.438
  14   1 H      0.038  0.962  0.000  0.000     2.481     2.463
  15   7 N     -0.393  1.317  4.076  0.000    30.183     8.159
  16   6 C      0.027  1.069  2.904  0.000    20.139     6.392
  17   6 C      0.272  1.058  2.670  0.000    22.402     7.750
  18   8 O     -0.503  1.758  4.745  0.000    23.860     6.549
  19   6 C     -0.015  1.065  2.950  0.000    20.804     6.487
  20   6 C     -0.106  1.038  3.067  0.000    22.576     6.775
  21   6 C     -0.106  1.037  3.069  0.000    22.579     6.775
  22   1 H      0.156  0.844  0.000  0.000     1.358     1.826
  23   1 H      0.039  0.961  0.000  0.000     2.461     2.453
  24   1 H      0.042  0.958  0.000  0.000     2.424     2.435
  25   1 H      0.046  0.954  0.000  0.000     2.370     2.408
  26   1 H      0.026  0.974  0.000  0.000     2.646     2.544
  27   1 H      0.037  0.963  0.000  0.000     2.496     2.470
  28   1 H      0.045  0.955  0.000  0.000     2.384     2.415
  29   1 H      0.040  0.960  0.000  0.000     2.445     2.445
  30   1 H      0.040  0.960  0.000  0.000     2.449     2.447
  31   7 N     -0.199  1.268  3.931  0.000    25.323     7.474
  32   6 C      0.046  1.054  2.900  0.000    19.814     6.339
  33   6 C      0.206  1.092  2.702  0.000    23.626     7.961
  34   8 O     -0.390  1.768  4.622  0.000    21.483     6.214
  35   6 C     -0.062  1.051  3.011  0.000    21.684     6.628
  36   6 C     -0.102  1.060  3.043  0.000    22.452     6.746
  37   6 C      0.294  1.032  2.674  0.000    22.013     7.682
  38   8 O     -0.514  1.757  4.757  0.000    24.098     6.582
  39   7 N     -0.293  1.267  4.025  0.000    27.544     7.795
  40   1 H      0.240  0.760  0.000  0.000     0.923     1.505
  41   1 H      0.072  0.928  0.000  0.000     2.068     2.249
  42   1 H      0.077  0.923  0.000  0.000     2.012     2.218
  43   1 H      0.063  0.937  0.000  0.000     2.160     2.298
  44   1 H      0.080  0.920  0.000  0.000     1.976     2.198
  45   1 H      0.083  0.917  0.000  0.000     1.947     2.182
  46   1 H      0.236  0.764  0.000  0.000     0.938     1.517
  47   1 H      0.213  0.787  0.000  0.000     1.042     1.599
  48   7 N     -0.394  1.321  4.073  0.000    30.196     8.161
  49   6 C      0.028  1.063  2.909  0.000    20.123     6.390
  50   6 C      0.272  1.053  2.675  0.000    22.395     7.750
  51   8 O     -0.494  1.751  4.743  0.000    23.647     6.520
  52   6 C     -0.070  1.062  3.008  0.000    21.827     6.650
  53   6 C     -0.009  1.055  2.953  0.000    20.695     6.470
  54   6 C     -0.112  1.039  3.073  0.000    22.688     6.792
  55   6 C     -0.112  1.042  3.070  0.000    22.693     6.791
  56   1 H      0.156  0.844  0.000  0.000     1.360     1.827
  57   1 H      0.048  0.952  0.000  0.000     2.341     2.393
  58   1 H      0.038  0.962  0.000  0.000     2.471     2.458
  59   1 H      0.039  0.961  0.000  0.000     2.460     2.453
  60   1 H      0.019  0.981  0.000  0.000     2.756     2.596
  61   1 H      0.040  0.960  0.000  0.000     2.448     2.447
  62   1 H      0.033  0.967  0.000  0.000     2.542     2.493
  63   1 H      0.043  0.957  0.000  0.000     2.406     2.426
  64   1 H      0.040  0.960  0.000  0.000     2.454     2.450
  65   1 H      0.040  0.960  0.000  0.000     2.450     2.448
  66   1 H      0.035  0.965  0.000  0.000     2.522     2.483
  67   7 N     -0.182  1.248  3.935  0.000    24.947     7.418
  68   6 C      0.014  1.071  2.915  0.000    20.344     6.423
  69   6 C      0.269  1.049  2.682  0.000    22.457     7.760
  70   8 O     -0.460  1.729  4.731  0.000    22.926     6.420
  71   6 C     -0.016  1.071  2.945  0.000    20.829     6.492
  72   6 C     -0.112  1.034  3.078  0.000    22.683     6.790
  73   6 C     -0.120  1.044  3.075  0.000    22.866     6.820
  74   1 H      0.224  0.776  0.000  0.000     0.990     1.559
  75   1 H      0.075  0.925  0.000  0.000     2.027     2.227
  76   1 H      0.038  0.962  0.000  0.000     2.470     2.458
  77   1 H      0.054  0.946  0.000  0.000     2.270     2.356
  78   1 H      0.041  0.959  0.000  0.000     2.434     2.440
  79   1 H      0.047  0.953  0.000  0.000     2.356     2.400
  80   1 H      0.055  0.945  0.000  0.000     2.261     2.352
  81   1 H      0.051  0.949  0.000  0.000     2.302     2.373
  82   1 H      0.046  0.954  0.000  0.000     2.376     2.411
  83   7 N     -0.176  1.253  3.923  0.000    24.803     7.397
  84   6 C      0.020  1.069  2.911  0.000    20.259     6.411
  85   6 C      0.209  1.082  2.710  0.000    23.576     7.952
  86   8 O     -0.342  1.746  4.596  0.000    20.552     6.078
  87   6 C      0.083  1.033  2.884  0.000    19.415     6.313
  88   8 O     -0.482  1.722  4.760  0.000    22.515     6.405
  89   1 H      0.206  0.794  0.000  0.000     1.076     1.625
  90   1 H      0.111  0.889  0.000  0.000     1.686     2.030
  91   1 H      0.042  0.958  0.000  0.000     2.417     2.431
  92   1 H      0.048  0.952  0.000  0.000     2.343     2.394
  93   1 H      0.352  0.648  0.000  0.000     0.583     1.199
  94   7 N     -0.388  1.315  4.073  0.000    30.030     8.139
  95   6 C     -0.013  1.049  2.963  0.000    20.895     6.524
  96   6 C      0.264  1.041  2.695  0.000    22.543     7.775
  97   8 O     -0.507  1.741  4.765  0.000    23.938     6.560
  98   1 H      0.166  0.834  0.000  0.000     1.299     1.785
  99   1 H      0.062  0.938  0.000  0.000     2.174     2.306
 100   1 H      0.042  0.958  0.000  0.000     2.419     2.432
 101   7 N     -0.078  1.233  3.846  0.000    22.765     7.086
 102   6 C      0.023  1.066  2.911  0.000    20.174     6.392
 103   6 C      0.273  1.041  2.686  0.000    22.383     7.749
 104   8 O     -0.501  1.755  4.746  0.000    23.812     6.542
 105   6 C     -0.059  1.057  3.002  0.000    21.625     6.618
 106   6 C     -0.067  1.048  3.019  0.000    21.776     6.642
 107   6 C     -0.011  1.055  2.956  0.000    20.826     6.507
 108   1 H      0.061  0.939  0.000  0.000     2.186     2.312
 109   1 H      0.049  0.951  0.000  0.000     2.329     2.386
 110   1 H      0.060  0.940  0.000  0.000     2.194     2.316
 111   1 H      0.062  0.938  0.000  0.000     2.176     2.307
 112   1 H      0.066  0.934  0.000  0.000     2.130     2.283
 113   1 H      0.065  0.935  0.000  0.000     2.144     2.290
 114   1 H      0.069  0.931  0.000  0.000     2.099     2.266
 115   7 N     -0.180  1.251  3.929  0.000    24.896     7.411
 116   6 C      0.025  1.062  2.913  0.000    20.150     6.390
 117   6 C      0.200  1.088  2.711  0.000    23.739     7.980
 118   8 O     -0.351  1.740  4.611  0.000    20.727     6.104
 119   6 C     -0.017  1.071  2.946  0.000    20.836     6.492
 120   6 C     -0.056  1.052  3.004  0.000    21.581     6.613
 121   6 C     -0.121  1.040  3.081  0.000    22.877     6.820
 122   6 C     -0.114  1.040  3.073  0.000    22.738     6.801
 123   1 H      0.238  0.762  0.000  0.000     0.933     1.513
 124   1 H      0.079  0.921  0.000  0.000     1.993     2.208
 125   1 H      0.059  0.941  0.000  0.000     2.212     2.326
 126   1 H      0.036  0.964  0.000  0.000     2.497     2.471
 127   1 H      0.039  0.961  0.000  0.000     2.466     2.456
 128   1 H      0.065  0.935  0.000  0.000     2.141     2.288
 129   1 H      0.038  0.962  0.000  0.000     2.472     2.459
 130   1 H      0.050  0.950  0.000  0.000     2.322     2.383
 131   1 H      0.041  0.959  0.000  0.000     2.439     2.442
 132   1 H      0.047  0.953  0.000  0.000     2.356     2.400
 133   1 H      0.046  0.954  0.000  0.000     2.371     2.408
 134   8 O     -0.616  1.765  4.851  0.000    25.568     6.825
 135   1 H      0.304  0.696  0.000  0.000     0.710     1.323
 136   1 H      0.333  0.667  0.000  0.000     0.631     1.248
 137   8 O     -0.639  1.766  4.873  0.000    26.132     6.899
 138   1 H      0.313  0.687  0.000  0.000     0.684     1.299
 139   1 H      0.304  0.696  0.000  0.000     0.708     1.322
 140   7 N     -0.385  1.323  4.062  0.000    29.964     8.130
 141   6 C      0.038  1.058  2.903  0.000    19.944     6.361
 142   6 C      0.198  1.095  2.707  0.000    23.771     7.985
 143   8 O     -0.372  1.764  4.608  0.000    21.129     6.163
 144   6 C     -0.022  1.065  2.956  0.000    20.925     6.506
 145   6 C     -0.052  1.049  3.002  0.000    21.502     6.602
 146   6 C     -0.115  1.041  3.075  0.000    22.762     6.803
 147   6 C     -0.107  1.033  3.074  0.000    22.606     6.781
 148   1 H      0.158  0.842  0.000  0.000     1.346     1.817
 149   1 H      0.055  0.945  0.000  0.000     2.259     2.351
 150   1 H      0.040  0.960  0.000  0.000     2.445     2.445
 151   1 H      0.031  0.969  0.000  0.000     2.570     2.507
 152   1 H      0.035  0.965  0.000  0.000     2.523     2.484
 153   1 H      0.047  0.953  0.000  0.000     2.355     2.400
 154   1 H      0.035  0.965  0.000  0.000     2.522     2.483
 155   1 H      0.049  0.951  0.000  0.000     2.337     2.391
 156   1 H      0.039  0.961  0.000  0.000     2.459     2.452
 157   1 H      0.037  0.963  0.000  0.000     2.487     2.466
 158   1 H      0.038  0.962  0.000  0.000     2.473     2.459
 159   7 N     -0.375  1.312  4.063  0.000    29.677     8.091
 160   6 C      0.032  1.062  2.905  0.000    20.054     6.380
 161   6 C      0.202  1.086  2.713  0.000    23.712     7.975
 162   8 O     -0.377  1.758  4.618  0.000    21.218     6.176
 163   6 C     -0.075  1.057  3.018  0.000    21.935     6.668
 164   6 C     -0.039  1.069  2.970  0.000    28.915     8.819
 165   6 C     -0.005  1.069  2.936  0.000    28.105     8.695
 166   6 C     -0.020  1.071  2.949  0.000    28.329     8.716
 167   7 N     -0.109  1.226  3.883  0.000    23.391     7.183
 168   6 C      0.043  1.063  2.894  0.000    26.913     8.502
 169   6 C     -0.046  1.079  2.967  0.000    29.137     8.851
 170   6 C     -0.059  1.078  2.982  0.000    29.474     8.901
 171   6 C     -0.046  1.082  2.964  0.000    29.139     8.852
 172   6 C     -0.038  1.084  2.954  0.000    28.948     8.823
 173   1 H      0.159  0.841  0.000  0.000     1.338     1.812
 174   1 H      0.077  0.923  0.000  0.000     2.007     2.215
 175   1 H      0.059  0.941  0.000  0.000     2.216     2.328
 176   1 H      0.060  0.940  0.000  0.000     2.204     2.321
 177   1 H      0.046  0.954  0.000  0.000     2.376     2.410
 178   1 H      0.190  0.810  0.000  0.000     1.159     1.687
 179   1 H      0.036  0.964  0.000  0.000     2.498     2.472
 180   1 H      0.031  0.969  0.000  0.000     2.578     2.511
 181   1 H      0.015  0.985  0.000  0.000     2.806     2.620
 182   1 H      0.006  0.994  0.000  0.000     2.949     2.686
 183   1 H      0.185  0.815  0.000  0.000     1.182     1.703
 184   1 H      0.084  0.916  0.000  0.000     1.934     2.174
 185   1 H      0.184  0.816  0.000  0.000     1.190     1.709
 186   1 H      0.076  0.924  0.000  0.000     2.023     2.224
 187   1 H      0.182  0.818  0.000  0.000     1.203     1.718
 188   1 H      0.083  0.917  0.000  0.000     1.944     2.180
 189   1 H      0.177  0.823  0.000  0.000     1.232     1.738
 190   1 H      0.080  0.920  0.000  0.000     1.980     2.201
 191   1 H      0.182  0.818  0.000  0.000     1.203     1.718
 192   1 H      0.073  0.927  0.000  0.000     2.056     2.242
 193   1 H      0.173  0.827  0.000  0.000     1.252     1.753
 194   1 H      0.064  0.936  0.000  0.000     2.148     2.292

 Mol. C6AA /au·bohr⁶  :     324640.913709
 Mol. C8AA /au·bohr⁸  :    7118555.107011
 Mol. α(0) /au        :        854.452212

 
molecular dipole:
                 x           y           z       tot (Debye)
 q only:        6.171      -1.903       6.127
   full:        6.762      -0.809       6.302      23.585
molecular quadrupole (traceless):
                xx          xy          yy          xz          yz          zz
 q only:      265.442     324.101    -254.962     182.869     358.199     -10.480
  q+dip:      242.779     399.830    -174.814     179.522     360.766     -67.965
   full:      239.955     403.216    -174.853     181.840     361.158     -65.102
speedup  2.00
cpu  time for grad    4.65 s
wall time for grad    2.33 s

SCC energy    :    -283.3864253
rep           :       3.6023871
ES            :       0.6430398
AES           :       0.0168852
AXC           :       0.1172349
disp          :      -0.2240214
XB            :       0.0000000
fix           :       0.0000000
Gborn         :       0.0000000
Gsasa         :       0.0000000
Ghb           :       0.0000000
Gshift        :       0.0000000
Gsolv         :      -0.1093709      -68.63
Etot ala COSMO:    -283.3864253
grad norm     :       0.5680359
total E       :    -279.7644690
atomizationE  :      52.5262393    32960.71
(atE without considering molecular charge,
 total energy contains solvation terms)
H-L gap (eV)  :          1.6152

------------------------------------------------------------------------
 * finished run on 2019/05/04 at 19:52:13.954     
------------------------------------------------------------------------
 total:
 * wall-time:     0 d,  0 h,  0 min,  2.669 sec
 *  cpu-time:     0 d,  0 h,  0 min,  5.075 sec
 * ratio c/w:     1.901 speedup
 SCF:
 * wall-time:     0 d,  0 h,  0 min,  2.447 sec
 *  cpu-time:     0 d,  0 h,  0 min,  4.880 sec
 * ratio c/w:     1.994 speedup

