      -----------------------------------------------------------      
     |                   =====================                   |     
     |                           x T B                           |     
     |                   =====================                   |     
     |                         S. Grimme                         |     
     |          Mulliken Center for Theoretical Chemistry        |     
     |                    University of Bonn                     |     
     |                 Version 6.0.1 (SAW181210)                 |     
      -----------------------------------------------------------      

   This program is distributed in the hope that it will be useful,
   but WITHOUT ANY WARRANTY; without even the implied warranty of
   MERCHANTABILITY or FITNESS FOR A PARTICULAR PURPOSE.
   
   FOR NON-COMMERCIAL, ACADEMIA USE ONLY.
   
   Cite this work as:
   S. Grimme, C. Bannwarth, P. Shushkov, J. Comput. Theory Chem., 2017,
   13, 1989-2009.
   C. Bannwarth, S. Ehlert and S. Grimme., ChemRxiv, 2018, preprint.
   http://doi.org/10.26434/chemrxiv.7246238.v1
   
   for sTDA-xTB:
   S. Grimme and C. Bannwarth, J. Chem. Phys., 2016, 145, 054103.
   
   in the mass-spec context:
   V. Asgeirsson, C. Bauer and S. Grimme, Chem. Sci., 2017, 8, 4879.
   
   if GBSA is used:
   P. Shushkov, F. März and S. Grimme, unpublished.
   
   for ANC optimizer:
   S. Grimme, unpublished.
   Rational Function algorithm used in ANCopt:
   F. Eckert, P. Pulay, H.-J. Werner, J. Comput. Chem., 1997, 18, 1473.
   
   with help from (in alphabetical order)
   C. Bannwarth, F. Bohle, G. Brandenburg, E. Caldeweyher, M. Checinski,
   S. Dohm, S. Ehlert, S. Ehrlich, F. März, H. Neugebauer, J. Pisarek,
   P. Pracht, P. Shushkov, and S. Spicher.
   
 * started run on 2019/05/04 at 19:52:07.178     
========================================================================
 # omp threads = 2
========================================================================
number of atoms            : 58
number of electrons        : 164
charge                     : -1
spin                       : .0
first test random number   : .4366

########################################################################
# WARNING! Please study the warnings concerning your input carefully
#  - Process number higher than OMP_NUM_THREADS, I hope you know what you are doing.
########################################################################

           ------------------------------------------------- 
          |                 G F N 2 - x T B                 |
          | Geometry, Frequencies, Noncovalent interactions |
          |            JCTC 2018 parametrisation            |
           ------------------------------------------------- 
 
      method parameters     
 k(s)        :  1.8500
 k(p)        :  2.2300
 k(d)        :  2.2300
 k(f)        :  2.0000
 kEN (H0ij)  : -2.0000
 D4 a1       :  0.5200
 D4 a2       :  5.0000
 D4 s6       :  1.0000
 D4 s8       :  2.7000
 D4 s9       :  5.0000
 alphaj      :  2.0000

 Solvent             : h2o
 Using internal parameter file: .param_gbsa2_h2o
 Gsolv ref. state (COSMO-RS): gsolv [1 M gas/solution]
 temperature (mdtemp)       :    298.150000000000     
 dielectric constant        :    80.2000000000000     
 rho                        :    1.00000000000000     
 mass                       :    18.0000000000000     
 surface tension            :    15.5689454083859     
 probe radius               :   0.975313790000000     
 vdW radii scaling          :    1.00000000000000     
 Gshift (Eh)                :   1.857443126794793E-003
 c1                         :    1.55243817000000     
 soset                      :   0.130326360000000     
 HB correction              :  T

            Z     q(EN)     CN     RAES       Cart. coordinates
     1  N   5.0   -0.23    3.18    1.95    32.92658    24.68927    47.91400
     2  C   4.0    0.03    4.17    3.94    31.84755    22.82978    49.66956
     3  C   4.0    0.06    3.22    3.04    28.98273    22.94316    49.59964
     4  O   6.0   -0.31    1.13    1.80    27.69582    21.53910    50.93189
     5  C   4.0   -0.02    4.23    4.05    32.66580    23.30221    52.41344
     6  C   4.0    0.25    3.04    3.02    35.55708    23.84078    53.10508
     7  O   6.0   -0.31    1.19    1.80    35.78385    25.33556    54.95134
     8  O   6.0   -0.29    1.16    1.80    37.29752    22.84490    51.96368
     9  H   1.0    0.08    1.03    1.43    34.20971    25.88358    48.66800
    10  H   1.0    0.04    1.04    1.44    32.45604    20.92116    49.11587
    11  H   1.0    0.05    1.03    1.43    31.59622    24.90092    53.18067
    12  H   1.0    0.06    1.03    1.43    32.17825    21.61091    53.49814
    13  O   6.0   -0.30    1.92    1.82    33.73350    22.08901    59.18622
    14  H   1.0    0.15    0.99    1.43    34.61033    22.83545    57.76892
    15  H   1.0    0.13    0.97    1.43    32.04786    21.77909    58.57961
    16  O   6.0   -0.31    1.93    1.82    30.62002    16.20467    56.25714
    17  H   1.0    0.16    1.04    1.43    32.21446    17.06905    56.09840
    18  H   1.0    0.12    0.97    1.43    30.98888    14.45117    55.86030
    19  O   6.0   -0.32    1.91    1.82    39.38626    25.08034    62.82772
    20  H   1.0    0.11    0.96    1.43    41.13065    24.50745    62.65386
    21  H   1.0    0.13    0.97    1.43    38.54856    24.66498    61.27814
    22  N   5.0   -0.23    3.19    1.95    41.71191    15.44577    55.89053
    23  C   4.0    0.04    4.22    4.04    39.64180    17.03808    56.61997
    24  C   4.0    0.09    3.23    3.04    37.42514    17.09155    54.78127
    25  O   6.0   -0.31    1.21    1.80    35.32835    17.74571    55.52204
    26  C   4.0    0.04    4.16    3.92    40.49202    19.79194    56.98658
    27  O   6.0   -0.23    2.09    1.84    41.24721    20.68045    54.63576
    28  H   1.0    0.07    1.03    1.43    43.41306    16.26818    55.60141
    29  H   1.0    0.04    1.06    1.44    38.83386    16.35678    58.41143
    30  H   1.0    0.06    1.01    1.43    38.87906    20.87593    57.73869
    31  H   1.0    0.02    1.01    1.43    42.03364    19.84673    58.37930
    32  H   1.0    0.10    1.01    1.43    42.73395    21.78158    54.73402
    33  N   5.0   -0.23    3.19    1.95    31.99463     8.44151    60.96445
    34  C   4.0    0.02    4.23    4.06    33.72850    10.03494    62.37985
    35  C   4.0    0.07    3.24    3.04    32.59696    10.90208    64.87051
    36  O   6.0   -0.32    1.12    1.80    33.87909    10.79464    66.81504
    37  C   4.0   -0.04    4.34    4.27    34.46350    12.33599    60.81138
    38  C   4.0   -0.01    3.57    3.15    36.14860    14.18888    62.16820
    39  C   4.0   -0.05    3.47    3.10    38.69725    13.62951    62.54615
    40  C   4.0   -0.03    3.48    3.11    35.29379    16.56334    62.82583
    41  C   4.0   -0.06    3.40    3.08    40.32282    15.53423    63.28314
    42  C   4.0   -0.04    3.38    3.07    36.86442    18.34267    63.89352
    43  C   4.0   -0.05    3.38    3.07    39.44338    17.85091    64.04092
    44  H   1.0    0.07    1.03    1.43    31.45926     9.07137    59.23157
    45  H   1.0    0.04    1.05    1.44    35.41260     8.92298    62.86929
    46  H   1.0    0.03    1.03    1.43    35.45378    11.69661    59.11252
    47  H   1.0    0.04    1.04    1.43    32.74291    13.30537    60.22746
    48  H   1.0    0.04    1.03    1.43    39.43590    11.80217    62.02270
    49  H   1.0    0.05    1.03    1.43    33.32883    17.03010    62.51969
    50  H   1.0    0.03    1.03    1.43    42.32564    15.14817    63.35117
    51  H   1.0    0.05    1.03    1.43    36.14592    20.16711    64.45666
    52  H   1.0    0.04    1.03    1.43    40.72915    19.29936    64.68343
    53  H   1.0    0.08    1.07    1.44    33.71506    23.87938    46.64320
    54  H   1.0    0.04    1.05    1.44    28.11337    24.17290    48.45813
    55  H   1.0    0.08    1.08    1.44    41.98321    14.27872    57.09758
    56  H   1.0    0.05    1.04    1.44    37.68242    16.59415    52.97642
    57  H   1.0    0.08    1.07    1.44    32.70834     6.92050    60.70045
    58  H   1.0    0.04    1.04    1.43    30.82432    11.55451    64.92672

  Z AO/shell   Hii/eV     exponent
  1     Wed Apr 25 08:07:45 CEST 2018   EN: 2.200 GM2: 0.406  GM3: 0.0800  RAES: 1.40
     1s    -10.707211    1.230000
  6     Wed Apr 25 08:07:45 CEST 2018   EN: 2.550 GM2: 0.538  GM3: 0.1500  RAES: 3.00
     2s    -13.970922    2.096432
     2p    -10.063292    1.800000
  7     Wed Apr 25 08:07:45 CEST 2018   EN: 3.040 GM2: 0.461  GM3:-0.0640  RAES: 1.90
     2s    -16.686243    2.339881
     2p    -12.523956    2.014332
  8     Wed Apr 25 08:07:45 CEST 2018   EN: 3.440 GM2: 0.452  GM3:-0.0517  RAES: 1.80
     2s    -20.229985    2.439742
     2p    -15.503117    2.137023
 no old-style atom pair restraining (fixing) potential

molecular fragmentation (1/2 indicates fragments):
1111111111112222222222222222222222222222222222222222112222
# atoms in fragment 1/2:    14    44
 fragment masses (1/2) :      116.10      292.33
CMA distance (Bohr)    :  12.021
constraining FC (au)   :  0.0500
           ------------------------------------------------- 
          |        Self-Consistent Charge Iterations        |
           ------------------------------------------------- 

 Ncao       : 142
 Nao        : 142
 Nshell     : 86
 Nel        : 164
 T(el)      :   500.0
 intcut     :    35.0
 scfconv/Eh :  0.100E-06
   qconv/e  :  0.100E-04
 intneglect :  0.100E-08
 broydamp   :      0.400
 iter      E             dE          RMSdq      gap      omega  full diag
   1    -95.8938714 -0.958939E+02  0.555E+00    3.59       0.0  T
   2    -96.1550762 -0.261205E+00  0.266E+00    2.30       1.0  T
   3    -96.1729283 -0.178521E-01  0.146E+00    2.59       1.0  T
   4    -96.1962803 -0.233520E-01  0.331E-01    1.97       1.0  T
   5    -96.1969933 -0.712986E-03  0.137E-01    2.05       1.0  T
   6    -96.1973400 -0.346692E-03  0.522E-02    2.04       1.0  T
   7    -96.1973835 -0.435877E-04  0.259E-02    2.04       1.0  T
   8    -96.1973911 -0.751499E-05  0.869E-03    2.05       1.5  T
   9    -96.1973921 -0.104309E-05  0.384E-03    2.06       3.4  T
  10    -96.1973923 -0.243389E-06  0.142E-03    2.06       9.2  T
  11    -96.1973924 -0.188150E-07  0.621E-04    2.05      21.1  T
  12    -96.1973924 -0.874361E-08  0.221E-04    2.05      59.5  T
  13    -96.1973924 -0.649024E-09  0.108E-04    2.05     122.0  T
  14    -96.1973924 -0.112209E-09  0.394E-05    2.05     332.9  T
  15    -96.1973924 -0.138556E-10  0.173E-05    2.05     757.0  T
speedup  1.46
cpu  time for SCC    0.17 s
wall time for SCC    0.11 s

   *** convergence criteria satisfied after 15 iterations ***

          eigenvalues
 #    :          70         71         72         73         74         75         76         77
 occ. :        2.000      2.000      2.000      2.000      2.000      2.000      2.000      2.000
 eps  :       -11.655    -11.456    -11.364    -11.328    -11.310    -10.946    -10.866    -10.828
 #    :          78         79         80         81         82         83         84         85
 occ. :        2.000      2.000      2.000      2.000      2.000      0.000      0.000      0.000
 eps  :       -10.375    -10.217    -10.185    -10.081     -9.867     -7.812     -7.744     -7.650
 #    :          86         87         88         89         90         91         92         93
 occ. :        0.000      0.000      0.000      0.000      0.000      0.000      0.000      0.000
 eps  :        -6.120     -5.905     -4.658     -2.531      0.469      0.681      0.960      1.319


   #   Z            q   n(s)   n(p)   n(d)      C6AA      α(0)
   1   7 N     -0.391  1.314  4.077  0.000    30.137     8.153
   2   6 C      0.049  1.056  2.895  0.000    19.777     6.335
   3   6 C      0.197  1.092  2.711  0.000    23.791     7.988
   4   8 O     -0.393  1.758  4.635  0.000    21.542     6.223
   5   6 C     -0.091  1.079  3.012  0.000    22.245     6.716
   6   6 C      0.373  1.026  2.602  0.000    20.684     7.442
   7   8 O     -0.661  1.779  4.882  0.000    27.665     7.052
   8   8 O     -0.585  1.758  4.827  0.000    25.753     6.804
   9   1 H      0.148  0.852  0.000  0.000     1.413     1.862
  10   1 H      0.049  0.951  0.000  0.000     2.329     2.387
  11   1 H      0.018  0.982  0.000  0.000     2.771     2.603
  12   1 H      0.032  0.968  0.000  0.000     2.555     2.500
  13   8 O     -0.605  1.745  4.860  0.000    25.303     6.789
  14   1 H      0.280  0.720  0.000  0.000     0.783     1.390
  15   1 H      0.311  0.689  0.000  0.000     0.690     1.305
  16   8 O     -0.646  1.768  4.878  0.000    26.311     6.923
  17   1 H      0.311  0.689  0.000  0.000     0.688     1.303
  18   1 H      0.314  0.686  0.000  0.000     0.679     1.295
  19   8 O     -0.625  1.763  4.863  0.000    25.799     6.855
  20   1 H      0.327  0.673  0.000  0.000     0.646     1.263
  21   1 H      0.298  0.702  0.000  0.000     0.726     1.339
  22   7 N     -0.384  1.305  4.079  0.000    29.930     8.125
  23   6 C      0.041  1.050  2.910  0.000    19.907     6.356
  24   6 C      0.214  1.090  2.696  0.000    23.482     7.936
  25   8 O     -0.390  1.749  4.641  0.000    21.483     6.214
  26   6 C      0.102  1.032  2.865  0.000    19.092     6.257
  27   8 O     -0.476  1.728  4.748  0.000    22.372     6.385
  28   1 H      0.178  0.822  0.000  0.000     1.225     1.734
  29   1 H      0.058  0.942  0.000  0.000     2.220     2.330
  30   1 H      0.014  0.986  0.000  0.000     2.832     2.632
  31   1 H      0.036  0.964  0.000  0.000     2.500     2.473
  32   1 H      0.346  0.654  0.000  0.000     0.597     1.214
  33   7 N     -0.392  1.319  4.073  0.000    30.153     8.155
  34   6 C      0.045  1.053  2.902  0.000    19.828     6.343
  35   6 C      0.203  1.091  2.706  0.000    23.680     7.969
  36   8 O     -0.383  1.763  4.620  0.000    21.339     6.193
  37   6 C     -0.071  1.056  3.015  0.000    21.852     6.653
  38   6 C      0.005  1.084  2.912  0.000    27.909     8.666
  39   6 C     -0.046  1.081  2.965  0.000    29.143     8.853
  40   6 C     -0.035  1.080  2.955  0.000    28.870     8.812
  41   6 C     -0.038  1.077  2.961  0.000    28.954     8.824
  42   6 C     -0.028  1.083  2.945  0.000    28.712     8.787
  43   6 C     -0.039  1.079  2.959  0.000    28.959     8.825
  44   1 H      0.166  0.834  0.000  0.000     1.295     1.783
  45   1 H      0.055  0.945  0.000  0.000     2.261     2.351
  46   1 H      0.057  0.943  0.000  0.000     2.230     2.335
  47   1 H      0.056  0.944  0.000  0.000     2.251     2.346
  48   1 H      0.042  0.958  0.000  0.000     2.419     2.432
  49   1 H      0.028  0.972  0.000  0.000     2.611     2.527
  50   1 H      0.041  0.959  0.000  0.000     2.434     2.440
  51   1 H      0.035  0.965  0.000  0.000     2.510     2.477
  52   1 H      0.038  0.962  0.000  0.000     2.475     2.460
  53   1 H      0.188  0.812  0.000  0.000     1.167     1.692
  54   1 H      0.081  0.919  0.000  0.000     1.965     2.192
  55   1 H      0.193  0.807  0.000  0.000     1.141     1.673
  56   1 H      0.079  0.921  0.000  0.000     1.986     2.204
  57   1 H      0.192  0.808  0.000  0.000     1.148     1.679
  58   1 H      0.076  0.924  0.000  0.000     2.023     2.224

 Mol. C6AA /au·bohr⁶  :      31383.916412
 Mol. C8AA /au·bohr⁸  :     688027.824114
 Mol. α(0) /au        :        267.078341

 
molecular dipole:
                 x           y           z       tot (Debye)
 q only:      -32.902     -24.268     -56.302
   full:      -32.269     -24.093     -56.832     177.045
molecular quadrupole (traceless):
                xx          xy          yy          xz          yz          zz
 q only:      818.057   -1221.999    1558.189   -2773.914   -2029.276   -2376.245
  q+dip:      896.419   -1196.955    1574.794   -2746.011   -2025.546   -2471.213
   full:      893.466   -1194.911    1576.004   -2746.951   -2027.259   -2469.470
speedup  1.49
cpu  time for grad    0.23 s
wall time for grad    0.15 s

SCC energy    :     -96.1984892
rep           :       1.1529576
ES            :       0.4725331
AES           :      -0.0078301
AXC           :       0.0290126
disp          :      -0.0544600
XB            :       0.0000000
fix           :       0.0000000
Gborn         :       0.0000000
Gsasa         :       0.0000000
Ghb           :       0.0000000
Gshift        :       0.0000000
Gsolv         :      -0.1402830      -88.03
Etot ala COSMO:     -96.1984892
grad norm     :       0.3927637
total E       :     -95.0435498
atomizationE  :      15.7888310     9907.64
(atE without considering molecular charge,
 total energy contains solvation terms)
H-L gap (eV)  :          2.0548

------------------------------------------------------------------------
 * finished run on 2019/05/04 at 19:52:07.640     
------------------------------------------------------------------------
 total:
 * wall-time:     0 d,  0 h,  0 min,  0.460 sec
 *  cpu-time:     0 d,  0 h,  0 min,  0.410 sec
 * ratio c/w:     0.892 speedup
 SCF:
 * wall-time:     0 d,  0 h,  0 min,  0.188 sec
 *  cpu-time:     0 d,  0 h,  0 min,  0.256 sec
 * ratio c/w:     1.365 speedup

