      -----------------------------------------------------------      
     |                   =====================                   |     
     |                           x T B                           |     
     |                   =====================                   |     
     |                         S. Grimme                         |     
     |          Mulliken Center for Theoretical Chemistry        |     
     |                    University of Bonn                     |     
     |                 Version 6.0.1 (SAW181210)                 |     
      -----------------------------------------------------------      

   This program is distributed in the hope that it will be useful,
   but WITHOUT ANY WARRANTY; without even the implied warranty of
   MERCHANTABILITY or FITNESS FOR A PARTICULAR PURPOSE.
   
   FOR NON-COMMERCIAL, ACADEMIA USE ONLY.
   
   Cite this work as:
   S. Grimme, C. Bannwarth, P. Shushkov, J. Comput. Theory Chem., 2017,
   13, 1989-2009.
   C. Bannwarth, S. Ehlert and S. Grimme., ChemRxiv, 2018, preprint.
   http://doi.org/10.26434/chemrxiv.7246238.v1
   
   for sTDA-xTB:
   S. Grimme and C. Bannwarth, J. Chem. Phys., 2016, 145, 054103.
   
   in the mass-spec context:
   V. Asgeirsson, C. Bauer and S. Grimme, Chem. Sci., 2017, 8, 4879.
   
   if GBSA is used:
   P. Shushkov, F. März and S. Grimme, unpublished.
   
   for ANC optimizer:
   S. Grimme, unpublished.
   Rational Function algorithm used in ANCopt:
   F. Eckert, P. Pulay, H.-J. Werner, J. Comput. Chem., 1997, 18, 1473.
   
   with help from (in alphabetical order)
   C. Bannwarth, F. Bohle, G. Brandenburg, E. Caldeweyher, M. Checinski,
   S. Dohm, S. Ehlert, S. Ehrlich, F. März, H. Neugebauer, J. Pisarek,
   P. Pracht, P. Shushkov, and S. Spicher.
   
 * started run on 2019/05/04 at 19:51:23.195     
========================================================================
 # omp threads = 2
========================================================================
number of atoms            : 213
number of electrons        : 580
charge                     : 1
spin                       : .0
first test random number   : .9642

########################################################################
# WARNING! Please study the warnings concerning your input carefully
#  - Process number higher than OMP_NUM_THREADS, I hope you know what you are doing.
########################################################################

           ------------------------------------------------- 
          |                 G F N 2 - x T B                 |
          | Geometry, Frequencies, Noncovalent interactions |
          |            JCTC 2018 parametrisation            |
           ------------------------------------------------- 
 
      method parameters     
 k(s)        :  1.8500
 k(p)        :  2.2300
 k(d)        :  2.2300
 k(f)        :  2.0000
 kEN (H0ij)  : -2.0000
 D4 a1       :  0.5200
 D4 a2       :  5.0000
 D4 s6       :  1.0000
 D4 s8       :  2.7000
 D4 s9       :  5.0000
 alphaj      :  2.0000

 Solvent             : h2o
 Using internal parameter file: .param_gbsa2_h2o
 Gsolv ref. state (COSMO-RS): gsolv [1 M gas/solution]
 temperature (mdtemp)       :    298.150000000000     
 dielectric constant        :    80.2000000000000     
 rho                        :    1.00000000000000     
 mass                       :    18.0000000000000     
 surface tension            :    15.5689454083859     
 probe radius               :   0.975313790000000     
 vdW radii scaling          :    1.00000000000000     
 Gshift (Eh)                :   1.857443126794793E-003
 c1                         :    1.55243817000000     
 soset                      :   0.130326360000000     
 HB correction              :  T

            Z     q(EN)     CN     RAES       Cart. coordinates
     1  N   5.0   -0.18    3.21    1.96    53.91955    78.92818     6.81624
     2  C   4.0    0.04    4.29    4.17    53.03705    80.85192     5.07013
     3  C   4.0    0.15    3.41    3.08    51.84274    83.02700     6.63105
     4  O   6.0   -0.27    1.27    1.80    51.38732    82.76055     8.86470
     5  C   4.0   -0.03    4.24    4.08    51.21724    79.93541     2.99711
     6  C   4.0   -0.01    3.67    3.21    48.76627    78.79023     3.98732
     7  C   4.0    0.00    3.60    3.17    48.44501    76.59248     5.32903
     8  C   4.0    0.01    3.89    3.45    46.32096    79.84659     3.68686
     9  N   5.0   -0.11    3.48    2.07    45.91656    76.10682     5.65973
    10  C   4.0    0.04    3.89    3.45    44.57864    78.07214     4.68085
    11  C   4.0   -0.04    3.39    3.07    45.51027    82.07080     2.54357
    12  C   4.0   -0.04    3.35    3.07    41.95003    78.42552     4.50133
    13  C   4.0   -0.03    3.35    3.06    42.92701    82.47898     2.38861
    14  C   4.0   -0.03    3.37    3.07    41.20169    80.62138     3.25033
    15  H   1.0    0.11    1.03    1.43    52.98792    78.74110     8.48865
    16  H   1.0    0.05    1.05    1.44    54.70946    81.58514     4.08748
    17  H   1.0    0.05    1.03    1.43    50.73914    81.50955     1.76311
    18  H   1.0    0.05    1.03    1.43    52.20179    78.51055     1.86705
    19  H   1.0    0.06    1.02    1.43    49.80751    75.21109     5.91484
    20  H   1.0    0.09    1.05    1.44    45.10776    74.55158     6.40806
    21  H   1.0    0.06    1.02    1.43    46.80851    83.45786     1.79524
    22  H   1.0    0.07    1.02    1.43    40.59320    77.02523     5.10226
    23  H   1.0    0.07    1.03    1.43    42.13144    84.12493     1.47021
    24  H   1.0    0.07    1.02    1.43    39.19859    80.96342     2.91396
    25  N   5.0   -0.14    3.44    2.04    51.44212    85.15861     5.37627
    26  C   4.0    0.04    4.44    4.45    50.38576    87.34502     6.66317
    27  C   4.0    0.15    3.46    3.10    47.94235    88.15949     5.31013
    28  O   6.0   -0.32    1.28    1.80    48.02361    88.75854     3.02734
    29  C   4.0   -0.04    4.24    4.08    52.11486    89.69584     6.58192
    30  C   4.0   -0.04    4.22    4.05    50.86197    91.65738     8.37904
    31  C   4.0   -0.04    4.15    3.90    52.57596    93.86458     9.07068
    32  C   4.0   -0.03    4.12    3.84    51.27204    95.55966    11.01332
    33  N   5.0   -0.11    4.01    2.88    53.12776    97.20561    12.36826
    34  H   1.0    0.10    1.09    1.44    51.99014    85.34191     3.54891
    35  H   1.0    0.07    1.07    1.44    50.01160    86.75732     8.60014
    36  H   1.0    0.05    1.02    1.43    53.99136    89.20073     7.27167
    37  H   1.0    0.06    1.02    1.43    52.24147    90.40449     4.66006
    38  H   1.0    0.06    1.03    1.43    49.13287    92.37547     7.51355
    39  H   1.0    0.05    1.03    1.43    50.34041    90.67283    10.11003
    40  H   1.0    0.05    1.03    1.43    54.31450    93.08979     9.87382
    41  H   1.0    0.05    1.02    1.43    53.06728    94.93605     7.38505
    42  H   1.0    0.06    1.02    1.43    49.87365    96.72940    10.05145
    43  H   1.0    0.04    1.02    1.43    50.29506    94.40504    12.41361
    44  H   1.0    0.08    1.05    1.44    52.29250    98.17693    13.88760
    45  H   1.0    0.07    1.02    1.43    54.53182    96.08501    13.12226
    46  H   1.0    0.07    1.02    1.43    53.93845    98.45661    11.12482
    47  N   5.0   -0.14    3.40    2.02    45.85609    88.16327     6.73876
    48  C   4.0    0.04    4.36    4.31    43.44858    88.96830     5.57091
    49  C   4.0    0.16    3.44    3.09    43.44480    91.80478     4.83203
    50  O   6.0   -0.30    1.26    1.80    44.19691    93.46207     6.31735
    51  C   4.0    0.04    4.15    3.90    41.29618    88.43351     7.40584
    52  O   6.0   -0.26    2.13    1.84    38.98883    89.48041     6.54979
    53  H   1.0    0.10    1.10    1.44    45.92412    87.73242     8.63227
    54  H   1.0    0.06    1.06    1.44    43.15378    87.89115     3.82858
    55  H   1.0    0.05    1.01    1.43    41.07886    86.38315     7.62882
    56  H   1.0    0.05    1.01    1.43    41.76672    89.27254     9.24643
    57  H   1.0    0.12    1.01    1.43    37.87200    89.72986     7.99543
    58  N   5.0   -0.14    3.48    2.07    42.34309    92.32445     2.60971
    59  C   4.0    0.05    4.35    4.29    42.09554    94.87747     1.78390
    60  C   4.0    0.15    3.45    3.09    40.52895    96.53287     3.52245
    61  O   6.0   -0.31    1.24    1.80    40.79351    98.88180     3.51300
    62  C   4.0   -0.06    4.10    3.80    40.87666    95.00975    -0.88061
    63  H   1.0    0.12    1.13    1.45    41.71759    90.91849     1.46643
    64  H   1.0    0.06    1.05    1.44    43.98337    95.74674     1.68941
    65  H   1.0    0.06    1.00    1.43    40.63289    96.96373    -1.47210
    66  H   1.0    0.06    1.00    1.43    42.02184    94.00820    -2.25444
    67  H   1.0    0.05    1.00    1.43    39.01528    94.12347    -0.82392
    68  N   5.0   -0.13    3.51    2.09    38.92269    95.31022     5.05880
    69  C   4.0    0.03    4.45    4.46    37.32398    96.73129     6.79923
    70  C   4.0    0.14    3.41    3.08    38.12522    96.36280     9.53934
    71  O   6.0   -0.26    1.25    1.80    36.70226    97.10735    11.33080
    72  C   4.0    0.06    4.23    4.05    34.53663    96.21540     6.42696
    73  O   6.0   -0.23    2.11    1.84    34.03585    93.54899     6.27956
    74  C   4.0   -0.05    4.07    3.75    33.52752    97.40970     3.99299
    75  H   1.0    0.10    1.07    1.44    38.42191    93.50364     4.69408
    76  H   1.0    0.06    1.07    1.44    37.61877    98.74574     6.34570
    77  H   1.0    0.07    1.04    1.43    33.50673    97.00152     8.06346
    78  H   1.0    0.13    1.01    1.43    34.83710    92.69484     7.70252
    79  H   1.0    0.06    1.00    1.43    31.53386    96.98452     3.77378
    80  H   1.0    0.04    1.00    1.43    33.77507    99.44683     4.02701
    81  H   1.0    0.06    1.00    1.43    34.51584    96.61413     2.37916
    82  N   5.0   -0.14    3.42    2.03    40.44958    95.41415    10.06090
    83  C   4.0    0.04    4.31    4.22    41.30374    95.15526    12.66872
    84  C   4.0    0.10    3.28    3.05    40.88044    97.56088    14.19751
    85  O   6.0   -0.24    1.10    1.80    40.10187    97.46640    16.44817
    86  C   4.0   -0.04    4.30    4.20    44.15534    94.49197    12.63849
    87  C   4.0   -0.01    3.56    3.14    45.06429    93.95151    15.32379
    88  C   4.0   -0.03    3.45    3.09    44.60131    91.64226    16.49731
    89  C   4.0   -0.03    3.46    3.10    46.32096    95.84690    16.64660
    90  C   4.0   -0.02    3.38    3.07    45.48381    91.21329    18.92372
    91  C   4.0   -0.02    3.38    3.07    47.23370    95.37069    19.05222
    92  C   4.0   -0.02    3.38    3.07    46.81796    93.05955    20.17849
    93  H   1.0    0.11    1.09    1.44    41.68924    95.07400     8.63605
    94  H   1.0    0.06    1.05    1.44    40.20770    93.66805    13.61737
    95  H   1.0    0.05    1.03    1.43    44.38777    92.85924    11.40450
    96  H   1.0    0.05    1.03    1.43    45.15500    96.09823    11.82968
    97  H   1.0    0.05    1.03    1.43    43.53173    90.20796    15.52032
    98  H   1.0    0.06    1.03    1.43    46.54962    97.67993    15.78299
    99  H   1.0    0.07    1.03    1.43    45.07941    89.42372    19.81189
   100  H   1.0    0.07    1.03    1.43    48.18990    96.85223    20.07645
   101  H   1.0    0.07    1.03    1.43    47.47936    92.74775    22.08145
   102  O   6.0   -0.28    1.93    1.82    36.55297    86.13749     3.69063
   103  H   1.0    0.15    1.03    1.43    37.35799    87.62659     4.40495
   104  H   1.0    0.16    1.00    1.43    35.87834    86.62693     2.04468
   105  O   6.0   -0.30    1.97    1.82    51.70290   100.60145    16.28944
   106  H   1.0    0.13    0.97    1.43    52.56651   101.65403    15.08946
   107  H   1.0    0.13    0.96    1.43    49.94357   101.15325    16.22708
   108  O   6.0   -0.28    1.93    1.82    47.04473    97.93505     6.16240
   109  H   1.0    0.15    0.97    1.43    46.78395    98.40937     4.42952
   110  H   1.0    0.15    1.00    1.43    45.59342    98.55677     7.06569
   111  O   6.0   -0.30    1.98    1.82    46.44757    86.92739    11.84858
   112  H   1.0    0.12    0.97    1.43    47.07118    88.38815    12.73864
   113  H   1.0    0.13    0.97    1.43    44.78273    86.60992    12.56101
   114  O   6.0   -0.30    1.94    1.82    43.03662   100.92081     8.29023
   115  H   1.0    0.14    0.96    1.43    43.55062   102.65747     7.91039
   116  H   1.0    0.15    0.99    1.43    42.06152   100.37279     6.84270
   117  O   6.0   -0.31    1.96    1.82    53.80617    85.27199     0.47243
   118  H   1.0    0.13    0.97    1.43    55.14787    86.46252     0.15685
   119  H   1.0    0.13    0.97    1.43    52.50981    85.67451    -0.76723
   120  O   6.0   -0.31    2.02    1.83    49.49192    93.30900     0.47432
   121  H   1.0    0.14    0.97    1.43    50.48403    94.51842     1.40029
   122  H   1.0    0.16    1.00    1.43    48.74737    92.09957     1.62516
   123  O   6.0   -0.27    1.92    1.82    58.30938    84.88460     8.87415
   124  H   1.0    0.14    0.97    1.43    59.10118    83.26133     8.66439
   125  H   1.0    0.13    0.97    1.43    57.79160    85.40805     7.21875
   126  O   6.0   -0.31    1.99    1.83    47.17134    99.96272    -0.10960
   127  H   1.0    0.14    0.97    1.43    48.26927   100.91515    -1.20565
   128  H   1.0    0.14    0.97    1.43    45.47437   100.47673    -0.50456
   129  O   6.0   -0.29    1.94    1.82    33.27851    91.83911     1.36438
   130  H   1.0    0.17    1.03    1.43    33.72366    90.30464     0.47621
   131  H   1.0    0.14    0.97    1.43    31.66670    91.49769     2.12972
   132  O   6.0   -0.27    1.91    1.82    47.11998   101.35614    -7.54568
   133  H   1.0    0.14    0.96    1.43    47.43104   102.51852    -8.93840
   134  H   1.0    0.14    0.97    1.43    47.84302    99.76256    -8.02756
   135  O   6.0   -0.30    2.00    1.83    47.18845    95.78289    -3.08592
   136  H   1.0    0.15    1.03    1.43    46.95106    97.21609    -1.96909
   137  H   1.0    0.16    1.05    1.44    47.96662    94.51533    -2.00878
   138  O   6.0   -0.27    1.92    1.82    43.30120   106.66600     0.10960
   139  H   1.0    0.14    0.97    1.43    44.67499   107.14062     1.20565
   140  H   1.0    0.14    0.97    1.43    42.89786   104.93937     0.50456
   141  N   5.0   -0.20    3.20    1.96    37.26310    82.65103    -4.86415
   142  C   4.0    0.04    4.21    4.01    37.62939    84.98348    -3.44686
   143  C   4.0    0.09    3.22    3.04    35.04823    86.24920    -2.96309
   144  O   6.0   -0.31    1.22    1.80    34.51264    87.51324    -1.06392
   145  C   4.0   -0.03    4.31    4.22    39.14981    86.84758    -4.99455
   146  C   4.0   -0.04    4.21    4.02    42.03973    86.46058    -4.70731
   147  C   4.0    0.15    3.23    3.04    42.97517    87.51998    -2.23744
   148  O   6.0   -0.32    1.33    1.80    41.55816    88.48899    -0.71432
   149  N   5.0   -0.19    3.18    1.95    45.47850    87.46620    -1.86705
   150  H   1.0    0.09    1.02    1.43    38.37613    82.35971    -6.39672
   151  H   1.0    0.06    1.05    1.44    38.48848    84.60665    -1.60060
   152  H   1.0    0.05    1.03    1.43    38.60637    86.66257    -6.97687
   153  H   1.0    0.06    1.04    1.43    38.70409    88.77232    -4.38605
   154  H   1.0    0.04    1.03    1.43    42.48440    84.45450    -4.85660
   155  H   1.0    0.05    1.03    1.43    43.00390    87.43620    -6.24932
   156  H   1.0    0.08    1.02    1.43    46.74303    86.89358    -3.18041
   157  H   1.0    0.12    1.05    1.44    46.20195    88.17847    -0.23811
   158  N   5.0   -0.20    3.23    1.96    34.27214   106.30375    -2.60971
   159  C   4.0    0.04    4.24    4.07    36.35934   104.81285    -1.78390
   160  C   4.0    0.15    3.42    3.08    37.00967   102.62845    -3.52245
   161  O   6.0   -0.29    1.21    1.80    39.17618   101.68310    -3.51300
   162  C   4.0   -0.06    4.10    3.80    35.86446   103.69113     0.88061
   163  H   1.0    0.09    1.03    1.43    32.74180   106.46503    -1.46643
   164  H   1.0    0.06    1.05    1.44    38.05607   106.01312    -1.68941
   165  H   1.0    0.06    1.00    1.43    37.43477   102.50303     1.47210
   166  H   1.0    0.05    1.00    1.43    35.56968   105.18366     2.25444
   167  H   1.0    0.05    1.00    1.43    34.16623   102.52227     0.82392
   168  N   5.0   -0.14    3.46    2.05    35.14769   101.84871    -5.05880
   169  C   4.0    0.04    4.37    4.33    35.57902    99.75365    -6.79923
   170  C   4.0    0.08    3.20    3.04    35.66051   100.63179    -9.53934
   171  O   6.0   -0.29    1.16    1.80    35.59383    99.02719   -11.33080
   172  C   4.0    0.06    4.23    4.05    33.73857    97.59768    -6.42696
   173  O   6.0   -0.23    2.10    1.84    31.17901    98.49720    -6.27956
   174  C   4.0   -0.06    4.07    3.75    34.26831    96.12661    -3.99299
   175  H   1.0    0.09    1.07    1.44    33.33276   102.31831    -4.69408
   176  H   1.0    0.06    1.07    1.44    37.47098    99.00172    -6.34570
   177  H   1.0    0.06    1.04    1.43    33.90442    96.31270    -8.06346
   178  H   1.0    0.13    1.01    1.43    30.83991    99.61817    -7.70252
   179  H   1.0    0.06    1.00    1.43    32.90326    94.61264    -3.77378
   180  H   1.0    0.04    1.00    1.43    36.15629    95.32244    -4.02701
   181  H   1.0    0.05    1.00    1.43    34.07349    97.38031    -2.37916
   182  N   5.0   -0.19    3.22    1.96    40.01668    96.88389   -13.49075
   183  C   4.0    0.04    4.25    4.11    39.17099    94.30417   -13.89138
   184  C   4.0    0.10    3.21    3.04    37.00141    94.14061   -15.69795
   185  O   6.0   -0.26    1.12    1.80    36.46165    92.04542   -16.61258
   186  C   4.0   -0.03    4.26    4.11    38.47933    93.04949   -11.29678
   187  C   4.0   -0.02    3.69    3.23    40.83488    93.02493    -9.73776
   188  C   4.0   -0.01    3.60    3.16    41.58536    94.54023    -7.78945
   189  C   4.0    0.00    3.86    3.41    42.76859    91.12078    -9.99665
   190  N   5.0   -0.12    3.46    2.05    43.86028    93.77887    -6.78223
   191  C   4.0    0.04    3.89    3.45    44.64033    91.72468    -8.16929
   192  C   4.0   -0.04    3.38    3.07    43.24252    89.17133   -11.73520
   193  C   4.0   -0.04    3.40    3.08    46.84038    90.30829    -7.93118
   194  C   4.0   -0.03    3.36    3.07    45.48407    87.81170   -11.49331
   195  C   4.0   -0.04    3.35    3.07    47.24128    88.32681    -9.59981
   196  H   1.0    0.12    1.06    1.44    38.69964    98.04579   -12.69140
   197  H   1.0    0.06    1.05    1.44    40.76394    93.25355   -14.70963
   198  H   1.0    0.05    1.02    1.43    36.99431    94.17744   -10.41428
   199  H   1.0    0.06    1.02    1.43    37.78173    91.14580   -11.66150
   200  H   1.0    0.05    1.02    1.43    40.61371    96.15297    -7.00899
   201  H   1.0    0.10    1.08    1.44    44.86810    94.65899    -5.41029
   202  H   1.0    0.06    1.02    1.43    41.87807    88.73932   -13.19596
   203  H   1.0    0.06    1.03    1.43    48.17166    90.76599    -6.45341
   204  H   1.0    0.06    1.03    1.43    45.82909    86.28145   -12.80289
   205  H   1.0    0.06    1.03    1.43    48.93115    87.19842    -9.45997
   206  H   1.0    0.10    1.08    1.44    53.81726    77.40013     6.07655
   207  H   1.0    0.07    1.04    1.43    41.22092    99.24818    13.41767
   208  H   1.0    0.10    1.07    1.44    37.54513    81.31798    -3.84631
   209  H   1.0    0.07    1.05    1.44    33.65930    86.07837    -4.23303
   210  H   1.0    0.11    1.08    1.44    34.78489   107.90469    -2.86787
   211  H   1.0    0.07    1.04    1.43    35.76688   102.47598    -9.93775
   212  H   1.0    0.10    1.08    1.44    41.36679    96.88459   -12.45646
   213  H   1.0    0.08    1.04    1.44    36.02361    95.69511   -16.14350

  Z AO/shell   Hii/eV     exponent
  1     Wed Apr 25 08:07:45 CEST 2018   EN: 2.200 GM2: 0.406  GM3: 0.0800  RAES: 1.40
     1s    -10.707211    1.230000
  6     Wed Apr 25 08:07:45 CEST 2018   EN: 2.550 GM2: 0.538  GM3: 0.1500  RAES: 3.00
     2s    -13.970922    2.096432
     2p    -10.063292    1.800000
  7     Wed Apr 25 08:07:45 CEST 2018   EN: 3.040 GM2: 0.461  GM3:-0.0640  RAES: 1.90
     2s    -16.686243    2.339881
     2p    -12.523956    2.014332
  8     Wed Apr 25 08:07:45 CEST 2018   EN: 3.440 GM2: 0.452  GM3:-0.0517  RAES: 1.80
     2s    -20.229985    2.439742
     2p    -15.503117    2.137023
 no old-style atom pair restraining (fixing) potential

molecular fragmentation (1/2 indicates fragments):
111111111111111111111111111111111111111111111111111111111111111111111111
111111111111111111111111111112222222222222222222222222222222222222222222
222222222222222222222222222222222222222222222222222222222222211222222
# atoms in fragment 1/2:   103   110
 fragment masses (1/2) :      723.85      726.77
CMA distance (Bohr)    :  12.410
constraining FC (au)   :  0.0500
           ------------------------------------------------- 
          |        Self-Consistent Charge Iterations        |
           ------------------------------------------------- 

 Ncao       : 513
 Nao        : 513
 Nshell     : 313
 Nel        : 580
 T(el)      :   500.0
 intcut     :    35.0
 scfconv/Eh :  0.100E-06
   qconv/e  :  0.100E-04
 intneglect :  0.100E-08
 broydamp   :      0.400
 iter      E             dE          RMSdq      gap      omega  full diag
   1   -337.4058916 -0.337406E+03  0.494E+00    2.57       0.0  T
   2   -338.0894305 -0.683539E+00  0.242E+00    1.06       1.0  T
   3   -338.1283847 -0.389543E-01  0.125E+00    1.64       1.0  T
   4   -338.2090674 -0.806826E-01  0.335E-01    1.00       1.0  T
   5   -338.2119171 -0.284968E-02  0.164E-01    1.21       1.0  T
   6   -338.2144075 -0.249048E-02  0.588E-02    1.16       1.0  T
   7   -338.2146901 -0.282586E-03  0.277E-02    1.13       1.0  T
   8   -338.2147176 -0.274407E-04  0.140E-02    1.13       1.0  T
   9   -338.2147259 -0.838338E-05  0.525E-03    1.12       1.3  T
  10   -338.2147278 -0.185096E-05  0.233E-03    1.13       2.9  T
  11   -338.2147280 -0.234295E-06  0.114E-03    1.13       6.0  T
  12   -338.2147281 -0.590184E-07  0.600E-04    1.13      11.4  T
  13   -338.2147281 -0.175713E-07  0.251E-04    1.13      27.3  T
  14   -338.2147281 -0.435057E-08  0.129E-04    1.13      53.3  T
  15   -338.2147281 -0.778869E-09  0.583E-05    1.13     117.5  T
  16   -338.2147281 -0.195541E-09  0.265E-05    1.13     258.6  T
speedup  1.23
cpu  time for SCC    3.75 s
wall time for SCC    3.05 s

   *** convergence criteria satisfied after 16 iterations ***

          eigenvalues
 #    :         278        279        280        281        282        283        284        285
 occ. :        2.000      2.000      2.000      2.000      2.000      2.000      2.000      2.000
 eps  :       -10.853    -10.818    -10.741    -10.492    -10.451    -10.271    -10.230    -10.101
 #    :         286        287        288        289        290        291        292        293
 occ. :        2.000      2.000      2.000      2.000      2.000      0.000      0.000      0.000
 eps  :       -10.048    -10.037     -9.831     -9.683     -9.590     -8.464     -8.044     -7.917
 #    :         294        295        296        297        298        299        300        301
 occ. :        0.000      0.000      0.000      0.000      0.000      0.000      0.000      0.000
 eps  :        -7.626     -6.672     -6.475     -6.263     -6.243     -6.222     -6.192     -6.186


   #   Z            q   n(s)   n(p)   n(d)      C6AA      α(0)
   1   7 N     -0.387  1.316  4.071  0.000    30.003     8.135
   2   6 C      0.025  1.064  2.911  0.000    20.172     6.398
   3   6 C      0.275  1.042  2.683  0.000    22.347     7.741
   4   8 O     -0.496  1.747  4.748  0.000    23.688     6.525
   5   6 C     -0.079  1.058  3.021  0.000    22.003     6.678
   6   6 C     -0.034  1.073  2.961  0.000    28.802     8.802
   7   6 C     -0.008  1.067  2.941  0.000    28.174     8.706
   8   6 C     -0.019  1.071  2.948  0.000    28.294     8.711
   9   7 N     -0.122  1.230  3.891  0.000    23.642     7.222
  10   6 C      0.044  1.063  2.893  0.000    26.904     8.501
  11   6 C     -0.045  1.079  2.966  0.000    29.124     8.849
  12   6 C     -0.062  1.078  2.984  0.000    29.543     8.912
  13   6 C     -0.051  1.081  2.970  0.000    29.269     8.872
  14   6 C     -0.043  1.085  2.958  0.000    29.075     8.843
  15   1 H      0.155  0.845  0.000  0.000     1.370     1.833
  16   1 H      0.052  0.948  0.000  0.000     2.301     2.372
  17   1 H      0.058  0.942  0.000  0.000     2.221     2.330
  18   1 H      0.044  0.956  0.000  0.000     2.398     2.422
  19   1 H      0.030  0.970  0.000  0.000     2.579     2.511
  20   1 H      0.189  0.811  0.000  0.000     1.165     1.691
  21   1 H      0.033  0.967  0.000  0.000     2.541     2.493
  22   1 H      0.025  0.975  0.000  0.000     2.663     2.552
  23   1 H      0.027  0.973  0.000  0.000     2.635     2.539
  24   1 H      0.021  0.979  0.000  0.000     2.716     2.577
  25   7 N     -0.188  1.248  3.940  0.000    25.080     7.438
  26   6 C      0.010  1.067  2.923  0.000    20.409     6.432
  27   6 C      0.267  1.053  2.680  0.000    22.500     7.768
  28   8 O     -0.503  1.742  4.761  0.000    23.847     6.547
  29   6 C     -0.082  1.061  3.020  0.000    22.055     6.686
  30   6 C     -0.083  1.057  3.026  0.000    22.082     6.690
  31   6 C     -0.091  1.053  3.038  0.000    22.234     6.713
  32   6 C     -0.053  1.061  2.992  0.000    21.618     6.637
  33   7 N     -0.156  1.237  3.919  0.000    24.361     7.331
  34   1 H      0.223  0.777  0.000  0.000     0.996     1.563
  35   1 H      0.087  0.913  0.000  0.000     1.904     2.158
  36   1 H      0.064  0.936  0.000  0.000     2.158     2.297
  37   1 H      0.069  0.931  0.000  0.000     2.102     2.267
  38   1 H      0.062  0.938  0.000  0.000     2.174     2.306
  39   1 H      0.054  0.946  0.000  0.000     2.270     2.356
  40   1 H      0.074  0.926  0.000  0.000     2.046     2.237
  41   1 H      0.078  0.922  0.000  0.000     1.998     2.211
  42   1 H      0.126  0.874  0.000  0.000     1.564     1.956
  43   1 H      0.106  0.894  0.000  0.000     1.733     2.059
  44   1 H      0.292  0.708  0.000  0.000     0.738     1.346
  45   1 H      0.287  0.713  0.000  0.000     0.753     1.360
  46   1 H      0.289  0.711  0.000  0.000     0.746     1.353
  47   7 N     -0.187  1.270  3.917  0.000    25.052     7.434
  48   6 C      0.012  1.065  2.923  0.000    20.382     6.429
  49   6 C      0.262  1.049  2.689  0.000    22.581     7.782
  50   8 O     -0.473  1.739  4.734  0.000    23.192     6.457
  51   6 C      0.068  1.040  2.893  0.000    19.660     6.352
  52   8 O     -0.463  1.719  4.744  0.000    22.106     6.347
  53   1 H      0.240  0.760  0.000  0.000     0.924     1.506
  54   1 H      0.081  0.919  0.000  0.000     1.973     2.197
  55   1 H      0.059  0.941  0.000  0.000     2.208     2.324
  56   1 H      0.056  0.944  0.000  0.000     2.252     2.347
  57   1 H      0.337  0.663  0.000  0.000     0.620     1.237
  58   7 N     -0.181  1.252  3.929  0.000    24.926     7.415
  59   6 C      0.027  1.051  2.922  0.000    20.121     6.386
  60   6 C      0.273  1.049  2.678  0.000    22.390     7.749
  61   8 O     -0.504  1.752  4.751  0.000    23.867     6.550
  62   6 C     -0.129  1.043  3.085  0.000    23.027     6.842
  63   1 H      0.246  0.754  0.000  0.000     0.900     1.486
  64   1 H      0.098  0.902  0.000  0.000     1.799     2.098
  65   1 H      0.068  0.932  0.000  0.000     2.109     2.271
  66   1 H      0.079  0.921  0.000  0.000     1.992     2.207
  67   1 H      0.052  0.948  0.000  0.000     2.289     2.366
  68   7 N     -0.172  1.243  3.929  0.000    24.725     7.385
  69   6 C      0.010  1.061  2.929  0.000    20.413     6.433
  70   6 C      0.252  1.057  2.691  0.000    22.767     7.813
  71   8 O     -0.524  1.785  4.739  0.000    24.330     6.613
  72   6 C      0.114  1.045  2.840  0.000    18.806     6.192
  73   8 O     -0.461  1.730  4.731  0.000    22.076     6.343
  74   6 C     -0.127  1.041  3.086  0.000    22.997     6.838
  75   1 H      0.224  0.776  0.000  0.000     0.993     1.561
  76   1 H      0.101  0.899  0.000  0.000     1.774     2.083
  77   1 H      0.039  0.961  0.000  0.000     2.461     2.453
  78   1 H      0.307  0.693  0.000  0.000     0.700     1.315
  79   1 H      0.066  0.934  0.000  0.000     2.128     2.281
  80   1 H      0.050  0.950  0.000  0.000     2.324     2.384
  81   1 H      0.070  0.930  0.000  0.000     2.090     2.261
  82   7 N     -0.166  1.250  3.916  0.000    24.595     7.366
  83   6 C      0.036  1.061  2.903  0.000    19.983     6.366
  84   6 C      0.209  1.088  2.703  0.000    23.571     7.951
  85   8 O     -0.399  1.782  4.617  0.000    21.657     6.239
  86   6 C     -0.094  1.067  3.028  0.000    22.291     6.721
  87   6 C      0.007  1.083  2.910  0.000    27.865     8.659
  88   6 C     -0.046  1.080  2.967  0.000    29.152     8.854
  89   6 C     -0.046  1.084  2.962  0.000    29.133     8.851
  90   6 C     -0.032  1.079  2.953  0.000    28.786     8.798
  91   6 C     -0.032  1.081  2.951  0.000    28.798     8.800
  92   6 C     -0.031  1.078  2.954  0.000    28.782     8.798
  93   1 H      0.240  0.760  0.000  0.000     0.925     1.507
  94   1 H      0.080  0.920  0.000  0.000     1.977     2.199
  95   1 H      0.094  0.906  0.000  0.000     1.843     2.123
  96   1 H      0.096  0.904  0.000  0.000     1.823     2.111
  97   1 H      0.041  0.959  0.000  0.000     2.441     2.443
  98   1 H      0.056  0.944  0.000  0.000     2.250     2.346
  99   1 H      0.032  0.968  0.000  0.000     2.557     2.500
 100   1 H      0.049  0.951  0.000  0.000     2.334     2.389
 101   1 H      0.030  0.970  0.000  0.000     2.584     2.514
 102   8 O     -0.669  1.769  4.900  0.000    26.900     7.000
 103   1 H      0.317  0.683  0.000  0.000     0.673     1.289
 104   1 H      0.297  0.703  0.000  0.000     0.731     1.343
 105   8 O     -0.628  1.772  4.856  0.000    25.872     6.865
 106   1 H      0.344  0.656  0.000  0.000     0.603     1.219
 107   1 H      0.329  0.671  0.000  0.000     0.640     1.257
 108   8 O     -0.616  1.741  4.875  0.000    25.571     6.825
 109   1 H      0.292  0.708  0.000  0.000     0.747     1.357
 110   1 H      0.305  0.695  0.000  0.000     0.707     1.321
 111   8 O     -0.609  1.768  4.841  0.000    25.406     6.803
 112   1 H      0.329  0.671  0.000  0.000     0.640     1.256
 113   1 H      0.325  0.675  0.000  0.000     0.651     1.267
 114   8 O     -0.634  1.764  4.870  0.000    26.016     6.884
 115   1 H      0.339  0.661  0.000  0.000     0.614     1.231
 116   1 H      0.302  0.698  0.000  0.000     0.716     1.329
 117   8 O     -0.631  1.769  4.862  0.000    25.944     6.874
 118   1 H      0.340  0.660  0.000  0.000     0.613     1.229
 119   1 H      0.320  0.680  0.000  0.000     0.664     1.280
 120   8 O     -0.621  1.748  4.873  0.000    25.699     6.842
 121   1 H      0.330  0.670  0.000  0.000     0.637     1.254
 122   1 H      0.317  0.683  0.000  0.000     0.671     1.286
 123   8 O     -0.639  1.766  4.874  0.000    26.150     6.902
 124   1 H      0.326  0.674  0.000  0.000     0.648     1.264
 125   1 H      0.313  0.687  0.000  0.000     0.682     1.298
 126   8 O     -0.608  1.746  4.862  0.000    25.375     6.799
 127   1 H      0.340  0.660  0.000  0.000     0.611     1.228
 128   1 H      0.307  0.693  0.000  0.000     0.701     1.315
 129   8 O     -0.633  1.757  4.876  0.000    25.996     6.881
 130   1 H      0.309  0.691  0.000  0.000     0.694     1.309
 131   1 H      0.306  0.694  0.000  0.000     0.702     1.316
 132   8 O     -0.651  1.773  4.879  0.000    26.451     6.941
 133   1 H      0.327  0.673  0.000  0.000     0.645     1.261
 134   1 H      0.324  0.676  0.000  0.000     0.652     1.269
 135   8 O     -0.674  1.765  4.909  0.000    27.022     7.016
 136   1 H      0.309  0.691  0.000  0.000     0.694     1.309
 137   1 H      0.321  0.679  0.000  0.000     0.660     1.276
 138   8 O     -0.649  1.775  4.874  0.000    26.400     6.935
 139   1 H      0.342  0.658  0.000  0.000     0.607     1.223
 140   1 H      0.307  0.693  0.000  0.000     0.700     1.314
 141   7 N     -0.394  1.318  4.076  0.000    30.203     8.162
 142   6 C      0.047  1.053  2.901  0.000    19.808     6.340
 143   6 C      0.196  1.106  2.698  0.000    23.812     7.992
 144   8 O     -0.386  1.752  4.634  0.000    21.404     6.203
 145   6 C     -0.058  1.051  3.007  0.000    21.612     6.617
 146   6 C     -0.103  1.057  3.046  0.000    22.461     6.747
 147   6 C      0.290  1.035  2.675  0.000    22.074     7.693
 148   8 O     -0.477  1.728  4.749  0.000    23.286     6.470
 149   7 N     -0.275  1.259  4.016  0.000    27.117     7.734
 150   1 H      0.172  0.828  0.000  0.000     1.260     1.758
 151   1 H      0.065  0.935  0.000  0.000     2.140     2.288
 152   1 H      0.060  0.940  0.000  0.000     2.193     2.316
 153   1 H      0.061  0.939  0.000  0.000     2.190     2.314
 154   1 H      0.073  0.927  0.000  0.000     2.054     2.241
 155   1 H      0.079  0.921  0.000  0.000     1.986     2.204
 156   1 H      0.208  0.792  0.000  0.000     1.066     1.617
 157   1 H      0.235  0.765  0.000  0.000     0.942     1.521
 158   7 N     -0.395  1.303  4.092  0.000    30.227     8.165
 159   6 C      0.037  1.050  2.913  0.000    19.975     6.366
 160   6 C      0.264  1.055  2.682  0.000    22.549     7.776
 161   8 O     -0.503  1.760  4.743  0.000    23.843     6.547
 162   6 C     -0.121  1.046  3.075  0.000    22.866     6.818
 163   1 H      0.168  0.832  0.000  0.000     1.283     1.774
 164   1 H      0.052  0.948  0.000  0.000     2.298     2.371
 165   1 H      0.056  0.944  0.000  0.000     2.246     2.344
 166   1 H      0.057  0.943  0.000  0.000     2.239     2.340
 167   1 H      0.044  0.956  0.000  0.000     2.392     2.419
 168   7 N     -0.170  1.243  3.926  0.000    24.673     7.377
 169   6 C      0.016  1.059  2.925  0.000    20.311     6.417
 170   6 C      0.177  1.097  2.726  0.000    24.184     8.054
 171   8 O     -0.389  1.778  4.611  0.000    21.468     6.212
 172   6 C      0.117  1.046  2.837  0.000    18.764     6.185
 173   8 O     -0.478  1.733  4.745  0.000    22.430     6.393
 174   6 C     -0.126  1.041  3.086  0.000    22.986     6.837
 175   1 H      0.226  0.774  0.000  0.000     0.983     1.553
 176   1 H      0.122  0.878  0.000  0.000     1.596     1.976
 177   1 H      0.044  0.956  0.000  0.000     2.400     2.423
 178   1 H      0.323  0.677  0.000  0.000     0.655     1.272
 179   1 H      0.074  0.926  0.000  0.000     2.046     2.237
 180   1 H      0.059  0.941  0.000  0.000     2.216     2.328
 181   1 H      0.062  0.938  0.000  0.000     2.175     2.306
 182   7 N     -0.397  1.331  4.065  0.000    30.280     8.173
 183   6 C      0.042  1.059  2.900  0.000    19.888     6.352
 184   6 C      0.199  1.087  2.714  0.000    23.761     7.983
 185   8 O     -0.411  1.767  4.644  0.000    21.905     6.275
 186   6 C     -0.059  1.056  3.003  0.000    21.628     6.621
 187   6 C     -0.037  1.066  2.970  0.000    28.870     8.813
 188   6 C     -0.005  1.068  2.937  0.000    28.096     8.694
 189   6 C     -0.027  1.080  2.947  0.000    28.565     8.760
 190   7 N     -0.126  1.244  3.882  0.000    23.735     7.236
 191   6 C      0.044  1.065  2.891  0.000    26.894     8.499
 192   6 C     -0.044  1.082  2.962  0.000    29.102     8.846
 193   6 C     -0.064  1.076  2.988  0.000    29.589     8.920
 194   6 C     -0.047  1.078  2.970  0.000    29.178     8.858
 195   6 C     -0.047  1.077  2.969  0.000    29.155     8.854
 196   1 H      0.170  0.830  0.000  0.000     1.270     1.766
 197   1 H      0.074  0.926  0.000  0.000     2.040     2.234
 198   1 H      0.040  0.960  0.000  0.000     2.448     2.447
 199   1 H      0.048  0.952  0.000  0.000     2.339     2.392
 200   1 H      0.030  0.970  0.000  0.000     2.581     2.512
 201   1 H      0.226  0.774  0.000  0.000     0.980     1.551
 202   1 H      0.017  0.983  0.000  0.000     2.774     2.604
 203   1 H      0.048  0.952  0.000  0.000     2.344     2.394
 204   1 H      0.017  0.983  0.000  0.000     2.779     2.607
 205   1 H      0.033  0.967  0.000  0.000     2.547     2.496
 206   1 H      0.172  0.828  0.000  0.000     1.258     1.757
 207   1 H      0.085  0.915  0.000  0.000     1.929     2.172
 208   1 H      0.180  0.820  0.000  0.000     1.212     1.724
 209   1 H      0.085  0.915  0.000  0.000     1.924     2.169
 210   1 H      0.182  0.818  0.000  0.000     1.201     1.716
 211   1 H      0.093  0.907  0.000  0.000     1.847     2.125
 212   1 H      0.187  0.813  0.000  0.000     1.177     1.699
 213   1 H      0.070  0.930  0.000  0.000     2.081     2.256

 Mol. C6AA /au·bohr⁶  :     398868.097444
 Mol. C8AA /au·bohr⁸  :    8809051.031544
 Mol. α(0) /au        :        952.276301

 
molecular dipole:
                 x           y           z       tot (Debye)
 q only:       55.575      97.232      10.034
   full:       54.837      97.243       9.816     284.858
molecular quadrupole (traceless):
                xx          xy          yy          xz          yz          zz
 q only:    -1746.982    8077.053    7969.307     798.500    1459.670   -6222.326
  q+dip:    -1826.003    7972.752    8042.595     761.174    1426.306   -6216.591
   full:    -1824.554    7973.681    8041.693     759.286    1425.631   -6217.139
speedup  1.26
cpu  time for grad    4.28 s
wall time for grad    3.38 s

SCC energy    :    -338.2233008
rep           :       3.9017374
ES            :       1.1516399
AES           :      -0.0506964
AXC           :       0.0968391
disp          :      -0.2454676
XB            :       0.0000000
fix           :       0.0000000
Gborn         :       0.0000000
Gsasa         :       0.0000000
Ghb           :       0.0000000
Gshift        :       0.0000000
Gsolv         :      -0.2572598     -161.43
Etot ala COSMO:    -338.2233008
grad norm     :       0.5044821
total E       :    -334.3019646
atomizationE  :      56.9826482    35757.15
(atE without considering molecular charge,
 total energy contains solvation terms)
H-L gap (eV)  :          1.1255

------------------------------------------------------------------------
 * finished run on 2019/05/04 at 19:51:27.112     
------------------------------------------------------------------------
 total:
 * wall-time:     0 d,  0 h,  0 min,  3.915 sec
 *  cpu-time:     0 d,  0 h,  0 min,  4.761 sec
 * ratio c/w:     1.216 speedup
 SCF:
 * wall-time:     0 d,  0 h,  0 min,  3.654 sec
 *  cpu-time:     0 d,  0 h,  0 min,  4.606 sec
 * ratio c/w:     1.260 speedup

