      -----------------------------------------------------------      
     |                   =====================                   |     
     |                           x T B                           |     
     |                   =====================                   |     
     |                         S. Grimme                         |     
     |          Mulliken Center for Theoretical Chemistry        |     
     |                    University of Bonn                     |     
     |                 Version 6.0.1 (SAW181210)                 |     
      -----------------------------------------------------------      

   This program is distributed in the hope that it will be useful,
   but WITHOUT ANY WARRANTY; without even the implied warranty of
   MERCHANTABILITY or FITNESS FOR A PARTICULAR PURPOSE.
   
   FOR NON-COMMERCIAL, ACADEMIA USE ONLY.
   
   Cite this work as:
   S. Grimme, C. Bannwarth, P. Shushkov, J. Comput. Theory Chem., 2017,
   13, 1989-2009.
   C. Bannwarth, S. Ehlert and S. Grimme., ChemRxiv, 2018, preprint.
   http://doi.org/10.26434/chemrxiv.7246238.v1
   
   for sTDA-xTB:
   S. Grimme and C. Bannwarth, J. Chem. Phys., 2016, 145, 054103.
   
   in the mass-spec context:
   V. Asgeirsson, C. Bauer and S. Grimme, Chem. Sci., 2017, 8, 4879.
   
   if GBSA is used:
   P. Shushkov, F. März and S. Grimme, unpublished.
   
   for ANC optimizer:
   S. Grimme, unpublished.
   Rational Function algorithm used in ANCopt:
   F. Eckert, P. Pulay, H.-J. Werner, J. Comput. Chem., 1997, 18, 1473.
   
   with help from (in alphabetical order)
   C. Bannwarth, F. Bohle, G. Brandenburg, E. Caldeweyher, M. Checinski,
   S. Dohm, S. Ehlert, S. Ehrlich, F. März, H. Neugebauer, J. Pisarek,
   P. Pracht, P. Shushkov, and S. Spicher.
   
 * started run on 2019/05/04 at 19:52:12.453     
========================================================================
 # omp threads = 2
========================================================================
number of atoms            : 66
number of electrons        : 194
charge                     : -1
spin                       : .0
first test random number   : .5844

########################################################################
# WARNING! Please study the warnings concerning your input carefully
#  - Process number higher than OMP_NUM_THREADS, I hope you know what you are doing.
########################################################################

           ------------------------------------------------- 
          |                 G F N 2 - x T B                 |
          | Geometry, Frequencies, Noncovalent interactions |
          |            JCTC 2018 parametrisation            |
           ------------------------------------------------- 
 
      method parameters     
 k(s)        :  1.8500
 k(p)        :  2.2300
 k(d)        :  2.2300
 k(f)        :  2.0000
 kEN (H0ij)  : -2.0000
 D4 a1       :  0.5200
 D4 a2       :  5.0000
 D4 s6       :  1.0000
 D4 s8       :  2.7000
 D4 s9       :  5.0000
 alphaj      :  2.0000

 Solvent             : h2o
 Using internal parameter file: .param_gbsa2_h2o
 Gsolv ref. state (COSMO-RS): gsolv [1 M gas/solution]
 temperature (mdtemp)       :    298.150000000000     
 dielectric constant        :    80.2000000000000     
 rho                        :    1.00000000000000     
 mass                       :    18.0000000000000     
 surface tension            :    15.5689454083859     
 probe radius               :   0.975313790000000     
 vdW radii scaling          :    1.00000000000000     
 Gshift (Eh)                :   1.857443126794793E-003
 c1                         :    1.55243817000000     
 soset                      :   0.130326360000000     
 HB correction              :  T

            Z     q(EN)     CN     RAES       Cart. coordinates
     1  N   5.0   -0.21    3.23    1.96    48.24659    82.41662    28.13613
     2  C   4.0    0.03    4.38    4.35    49.62798    80.24532    27.08733
     3  C   4.0    0.16    3.46    3.10    48.84942    77.66396    28.17581
     4  O   6.0   -0.32    1.32    1.80    49.98892    75.77423    27.48984
     5  C   4.0   -0.02    4.43    4.43    52.42667    80.39461    27.68260
     6  C   4.0    0.15    3.31    3.05    53.29027    82.85314    26.57333
     7  O   6.0   -0.31    1.20    1.80    53.59641    84.73342    27.87157
     8  N   5.0   -0.20    3.22    1.96    53.46791    82.77189    24.05810
     9  H   1.0    0.09    1.03    1.43    49.22358    83.36715    29.47972
    10  H   1.0    0.04    1.05    1.44    49.27460    80.16784    25.04643
    11  H   1.0    0.06    1.03    1.43    52.76493    80.33792    29.71216
    12  H   1.0    0.06    1.04    1.43    53.38098    78.79779    26.81143
    13  H   1.0    0.07    1.03    1.43    53.05028    81.21286    23.05655
    14  H   1.0    0.08    1.03    1.43    53.90632    84.34792    23.08111
    15  N   5.0   -0.13    3.49    2.07    47.16567    77.65262    30.05231
    16  C   4.0    0.03    4.43    4.43    46.19435    75.24511    30.99906
    17  C   4.0    0.15    3.48    3.11    45.12288    73.71443    28.79564
    18  O   6.0   -0.30    1.24    1.80    44.01739    74.81614    27.07977
    19  C   4.0   -0.04    4.31    4.21    44.02495    75.91974    32.76596
    20  C   4.0   -0.03    4.18    3.95    43.01772    73.55569    34.21349
    21  C   4.0    0.24    3.13    3.03    41.27917    74.44575    36.32242
    22  O   6.0   -0.30    1.17    1.80    42.14656    75.87250    38.03451
    23  O   6.0   -0.30    1.17    1.80    39.05875    73.68419    36.28085
    24  H   1.0    0.08    1.08    1.44    46.01483    79.17196    30.26018
    25  H   1.0    0.05    1.05    1.44    47.70046    74.21521    31.95527
    26  H   1.0    0.05    1.03    1.43    44.72225    77.23310    34.18892
    27  H   1.0    0.05    1.02    1.43    42.49427    76.79468    31.69637
    28  H   1.0    0.06    1.02    1.43    41.98026    72.28769    32.97383
    29  H   1.0    0.05    1.02    1.43    44.59942    72.52957    35.04875
    30  N   5.0   -0.14    3.46    2.05    45.42334    71.19543    28.99784
    31  C   4.0    0.03    4.32    4.24    44.28762    69.57026    27.07977
    32  C   4.0    0.07    3.21    3.04    42.68135    67.51613    28.28542
    33  O   6.0   -0.29    1.13    1.80    43.12544    66.61851    30.37168
    34  C   4.0   -0.03    4.31    4.21    46.44002    68.25690    25.62468
    35  C   4.0   -0.03    4.25    4.09    47.98959    70.18253    24.15826
    36  C   4.0    0.15    3.22    3.04    50.41033    68.98634    23.13403
    37  O   6.0   -0.31    1.23    1.80    51.25693    66.97945    23.96550
    38  N   5.0   -0.19    3.19    1.95    51.45157    70.22789    21.24619
    39  H   1.0    0.10    1.08    1.44    46.43246    70.39985    30.43215
    40  H   1.0    0.05    1.06    1.44    43.16512    70.75512    25.82122
    41  H   1.0    0.06    1.03    1.43    47.64377    67.24590    26.95127
    42  H   1.0    0.04    1.03    1.43    45.65767    66.86984    24.31888
    43  H   1.0    0.04    1.03    1.43    46.92001    70.96299    22.58223
    44  H   1.0    0.07    1.03    1.43    48.55084    71.75100    25.37713
    45  H   1.0    0.07    1.03    1.43    50.77505    71.91541    20.64148
    46  H   1.0    0.09    1.03    1.43    53.10319    69.62317    20.49786
    47  O   6.0   -0.31    1.95    1.82    53.35263    71.96076    28.61234
    48  H   1.0    0.15    1.02    1.43    55.09118    72.48422    28.35723
    49  H   1.0    0.16    1.01    1.43    52.29439    73.19476    27.79976
    50  O   6.0   -0.30    1.93    1.82    51.80306    66.10450    29.42681
    51  H   1.0    0.15    0.99    1.43    51.75959    67.09850    27.90369
    52  H   1.0    0.14    0.98    1.43    50.33852    66.51079    30.42081
    53  O   6.0   -0.31    1.96    1.82    49.24437    69.74223    32.69415
    54  H   1.0    0.14    0.97    1.43    50.63332    70.04269    31.53953
    55  H   1.0    0.12    0.96    1.42    49.60720    70.83449    34.15869
    56  O   6.0   -0.31    1.95    1.82    55.15732    76.89484    30.90647
    57  H   1.0    0.14    1.01    1.43    56.65209    76.43941    29.97861
    58  H   1.0    0.14    0.98    1.43    54.08018    75.43219    30.76474
    59  O   6.0   -0.32    1.99    1.83    59.94182    69.54266    26.17648
    60  H   1.0    0.13    0.97    1.43    58.92739    68.07284    26.48262
    61  H   1.0    0.11    0.96    1.42    61.37963    69.39116    27.34622
    62  O   6.0   -0.33    2.03    1.83    58.27253    73.60932    28.65958
    63  H   1.0    0.14    1.03    1.43    58.79716    72.30704    27.43504
    64  H   1.0    0.12    0.97    1.43    59.23449    73.18923    30.14302
    65  H   1.0    0.09    1.07    1.44    47.89136    83.51887    26.89057
    66  H   1.0    0.04    1.05    1.44    41.17743    66.83226    27.36803

  Z AO/shell   Hii/eV     exponent
  1     Wed Apr 25 08:07:45 CEST 2018   EN: 2.200 GM2: 0.406  GM3: 0.0800  RAES: 1.40
     1s    -10.707211    1.230000
  6     Wed Apr 25 08:07:45 CEST 2018   EN: 2.550 GM2: 0.538  GM3: 0.1500  RAES: 3.00
     2s    -13.970922    2.096432
     2p    -10.063292    1.800000
  7     Wed Apr 25 08:07:45 CEST 2018   EN: 3.040 GM2: 0.461  GM3:-0.0640  RAES: 1.90
     2s    -16.686243    2.339881
     2p    -12.523956    2.014332
  8     Wed Apr 25 08:07:45 CEST 2018   EN: 3.440 GM2: 0.452  GM3:-0.0517  RAES: 1.80
     2s    -20.229985    2.439742
     2p    -15.503117    2.137023
 no old-style atom pair restraining (fixing) potential

molecular fragmentation (1/2 indicates fragments):
111111111111111111111111111111111111111111111122222222222222222211
# atoms in fragment 1/2:    48    18
 fragment masses (1/2) :      372.36      108.09
CMA distance (Bohr)    :   8.303
constraining FC (au)   :  0.0500
           ------------------------------------------------- 
          |        Self-Consistent Charge Iterations        |
           ------------------------------------------------- 

 Ncao       : 162
 Nao        : 162
 Nshell     : 98
 Nel        : 194
 T(el)      :   500.0
 intcut     :    35.0
 scfconv/Eh :  0.100E-06
   qconv/e  :  0.100E-04
 intneglect :  0.100E-08
 broydamp   :      0.400
 iter      E             dE          RMSdq      gap      omega  full diag
   1   -115.8808648 -0.115881E+03  0.553E+00    3.91       0.0  T
   2   -116.2256547 -0.344790E+00  0.255E+00    2.42       1.0  T
   3   -116.2511771 -0.255225E-01  0.130E+00    2.50       1.0  T
   4   -116.2704778 -0.193007E-01  0.325E-01    1.69       1.0  T
   5   -116.2713286 -0.850730E-03  0.141E-01    1.79       1.0  T
   6   -116.2715988 -0.270207E-03  0.493E-02    1.74       1.0  T
   7   -116.2716236 -0.248766E-04  0.245E-02    1.76       1.0  T
   8   -116.2716264 -0.276905E-05  0.818E-03    1.77       1.5  T
   9   -116.2716283 -0.187041E-05  0.282E-03    1.78       4.4  T
  10   -116.2716283 -0.366830E-07  0.106E-03    1.78      11.6  T
  11   -116.2716284 -0.274177E-07  0.328E-04    1.78      37.5  T
  12   -116.2716284 -0.116793E-08  0.124E-04    1.78      99.2  T
  13   -116.2716284 -0.157314E-09  0.561E-05    1.78     219.6  T
  14   -116.2716284 -0.292317E-10  0.197E-05    1.78     624.9  T
speedup  1.99
cpu  time for SCC    0.35 s
wall time for SCC    0.18 s

   *** convergence criteria satisfied after 14 iterations ***

          eigenvalues
 #    :          85         86         87         88         89         90         91         92
 occ. :        2.000      2.000      2.000      2.000      2.000      2.000      2.000      2.000
 eps  :       -11.559    -11.540    -11.532    -11.504    -11.395    -11.046    -10.906    -10.816
 #    :          93         94         95         96         97         98         99        100
 occ. :        2.000      2.000      2.000      2.000      2.000      0.000      0.000      0.000
 eps  :       -10.804    -10.432    -10.144     -9.923     -9.643     -7.867     -6.196     -5.977
 #    :         101        102        103        104        105        106        107        108
 occ. :        0.000      0.000      0.000      0.000      0.000      0.000      0.000      0.000
 eps  :        -5.677     -5.598     -4.503     -0.751     -0.023      0.301      0.382      0.429


   #   Z            q   n(s)   n(p)   n(d)      C6AA      α(0)
   1   7 N     -0.400  1.324  4.076  0.000    30.368     8.184
   2   6 C      0.032  1.060  2.907  0.000    20.035     6.373
   3   6 C      0.274  1.049  2.677  0.000    22.370     7.746
   4   8 O     -0.495  1.727  4.768  0.000    23.678     6.524
   5   6 C     -0.103  1.059  3.044  0.000    22.442     6.740
   6   6 C      0.299  1.029  2.672  0.000    21.928     7.669
   7   8 O     -0.509  1.754  4.755  0.000    23.983     6.566
   8   7 N     -0.293  1.262  4.030  0.000    27.547     7.795
   9   1 H      0.166  0.834  0.000  0.000     1.295     1.782
  10   1 H      0.054  0.946  0.000  0.000     2.274     2.358
  11   1 H      0.078  0.922  0.000  0.000     2.001     2.212
  12   1 H      0.084  0.916  0.000  0.000     1.943     2.180
  13   1 H      0.229  0.771  0.000  0.000     0.969     1.542
  14   1 H      0.231  0.769  0.000  0.000     0.962     1.537
  15   7 N     -0.171  1.261  3.910  0.000    24.693     7.380
  16   6 C      0.022  1.065  2.913  0.000    20.204     6.400
  17   6 C      0.279  1.042  2.679  0.000    22.275     7.729
  18   8 O     -0.498  1.746  4.751  0.000    23.739     6.532
  19   6 C     -0.054  1.055  2.999  0.000    21.530     6.604
  20   6 C     -0.090  1.066  3.024  0.000    22.217     6.711
  21   6 C      0.370  1.024  2.606  0.000    20.729     7.451
  22   8 O     -0.667  1.780  4.887  0.000    27.816     7.071
  23   8 O     -0.651  1.771  4.879  0.000    27.401     7.018
  24   1 H      0.213  0.787  0.000  0.000     1.041     1.598
  25   1 H      0.071  0.929  0.000  0.000     2.077     2.254
  26   1 H      0.058  0.942  0.000  0.000     2.221     2.331
  27   1 H      0.036  0.964  0.000  0.000     2.496     2.471
  28   1 H      0.017  0.983  0.000  0.000     2.774     2.604
  29   1 H      0.034  0.966  0.000  0.000     2.534     2.489
  30   7 N     -0.176  1.249  3.927  0.000    24.819     7.399
  31   6 C      0.022  1.061  2.917  0.000    20.204     6.400
  32   6 C      0.197  1.084  2.719  0.000    23.808     7.991
  33   8 O     -0.367  1.760  4.607  0.000    21.040     6.150
  34   6 C     -0.062  1.051  3.011  0.000    21.679     6.627
  35   6 C     -0.102  1.057  3.045  0.000    22.430     6.742
  36   6 C      0.290  1.034  2.675  0.000    22.082     7.694
  37   8 O     -0.509  1.757  4.752  0.000    23.983     6.566
  38   7 N     -0.279  1.263  4.015  0.000    27.206     7.747
  39   1 H      0.228  0.772  0.000  0.000     0.974     1.546
  40   1 H      0.097  0.903  0.000  0.000     1.817     2.108
  41   1 H      0.080  0.920  0.000  0.000     1.977     2.199
  42   1 H      0.067  0.933  0.000  0.000     2.115     2.274
  43   1 H      0.070  0.930  0.000  0.000     2.086     2.258
  44   1 H      0.080  0.920  0.000  0.000     1.981     2.201
  45   1 H      0.231  0.769  0.000  0.000     0.959     1.534
  46   1 H      0.241  0.759  0.000  0.000     0.920     1.502
  47   8 O     -0.665  1.759  4.906  0.000    26.805     6.988
  48   1 H      0.325  0.675  0.000  0.000     0.650     1.266
  49   1 H      0.304  0.696  0.000  0.000     0.709     1.323
  50   8 O     -0.636  1.755  4.881  0.000    26.073     6.892
  51   1 H      0.312  0.688  0.000  0.000     0.687     1.302
  52   1 H      0.313  0.687  0.000  0.000     0.683     1.298
  53   8 O     -0.623  1.768  4.855  0.000    25.758     6.850
  54   1 H      0.332  0.668  0.000  0.000     0.633     1.250
  55   1 H      0.317  0.683  0.000  0.000     0.673     1.289
  56   8 O     -0.657  1.771  4.886  0.000    26.603     6.961
  57   1 H      0.328  0.672  0.000  0.000     0.642     1.259
  58   1 H      0.308  0.692  0.000  0.000     0.698     1.312
  59   8 O     -0.638  1.775  4.863  0.000    26.122     6.898
  60   1 H      0.341  0.659  0.000  0.000     0.610     1.227
  61   1 H      0.342  0.658  0.000  0.000     0.607     1.224
  62   8 O     -0.660  1.776  4.884  0.000    26.658     6.968
  63   1 H      0.337  0.663  0.000  0.000     0.620     1.237
  64   1 H      0.327  0.673  0.000  0.000     0.645     1.261
  65   1 H      0.186  0.814  0.000  0.000     1.180     1.702
  66   1 H      0.084  0.916  0.000  0.000     1.941     2.179

 Mol. C6AA /au·bohr⁶  :      37772.173022
 Mol. C8AA /au·bohr⁸  :     805113.424830
 Mol. α(0) /au        :        285.475189

 
molecular dipole:
                 x           y           z       tot (Debye)
 q only:      -39.491     -74.622     -39.483
   full:      -39.175     -74.269     -39.838     236.233
molecular quadrupole (traceless):
                xx          xy          yy          xz          yz          zz
 q only:     2023.255   -4442.852   -4096.195   -2393.712   -4431.861    2072.940
  q+dip:     2043.189   -4384.585   -4055.046   -2400.571   -4461.445    2011.858
   full:     2044.319   -4384.701   -4055.348   -2401.308   -4461.153    2011.029
speedup  1.99
cpu  time for grad    0.56 s
wall time for grad    0.28 s

SCC energy    :    -116.2697223
rep           :       1.1203482
ES            :       0.6836465
AES           :      -0.0234921
AXC           :       0.0154612
disp          :      -0.0620355
XB            :       0.0000000
fix           :       0.0000000
Gborn         :       0.0000000
Gsasa         :       0.0000000
Ghb           :       0.0000000
Gshift        :       0.0000000
Gsolv         :      -0.1829662     -114.81
Etot ala COSMO:    -116.2697223
grad norm     :       0.2450727
total E       :    -115.1471206
atomizationE  :      17.4397056    10943.58
(atE without considering molecular charge,
 total energy contains solvation terms)
H-L gap (eV)  :          1.7760

------------------------------------------------------------------------
 * finished run on 2019/05/04 at 19:52:12.955     
------------------------------------------------------------------------
 total:
 * wall-time:     0 d,  0 h,  0 min,  0.500 sec
 *  cpu-time:     0 d,  0 h,  0 min,  0.734 sec
 * ratio c/w:     1.467 speedup
 SCF:
 * wall-time:     0 d,  0 h,  0 min,  0.301 sec
 *  cpu-time:     0 d,  0 h,  0 min,  0.600 sec
 * ratio c/w:     1.991 speedup

