      -----------------------------------------------------------      
     |                   =====================                   |     
     |                           x T B                           |     
     |                   =====================                   |     
     |                         S. Grimme                         |     
     |          Mulliken Center for Theoretical Chemistry        |     
     |                    University of Bonn                     |     
     |                 Version 6.0.1 (SAW181210)                 |     
      -----------------------------------------------------------      

   This program is distributed in the hope that it will be useful,
   but WITHOUT ANY WARRANTY; without even the implied warranty of
   MERCHANTABILITY or FITNESS FOR A PARTICULAR PURPOSE.
   
   FOR NON-COMMERCIAL, ACADEMIA USE ONLY.
   
   Cite this work as:
   S. Grimme, C. Bannwarth, P. Shushkov, J. Comput. Theory Chem., 2017,
   13, 1989-2009.
   C. Bannwarth, S. Ehlert and S. Grimme., ChemRxiv, 2018, preprint.
   http://doi.org/10.26434/chemrxiv.7246238.v1
   
   for sTDA-xTB:
   S. Grimme and C. Bannwarth, J. Chem. Phys., 2016, 145, 054103.
   
   in the mass-spec context:
   V. Asgeirsson, C. Bauer and S. Grimme, Chem. Sci., 2017, 8, 4879.
   
   if GBSA is used:
   P. Shushkov, F. März and S. Grimme, unpublished.
   
   for ANC optimizer:
   S. Grimme, unpublished.
   Rational Function algorithm used in ANCopt:
   F. Eckert, P. Pulay, H.-J. Werner, J. Comput. Chem., 1997, 18, 1473.
   
   with help from (in alphabetical order)
   C. Bannwarth, F. Bohle, G. Brandenburg, E. Caldeweyher, M. Checinski,
   S. Dohm, S. Ehlert, S. Ehrlich, F. März, H. Neugebauer, J. Pisarek,
   P. Pracht, P. Shushkov, and S. Spicher.
   
 * started run on 2019/05/04 at 19:51:54.894     
========================================================================
 # omp threads = 2
========================================================================
number of atoms            : 91
number of electrons        : 252
charge                     : 0
spin                       : .0
first test random number   : .3774

########################################################################
# WARNING! Please study the warnings concerning your input carefully
#  - Process number higher than OMP_NUM_THREADS, I hope you know what you are doing.
########################################################################

           ------------------------------------------------- 
          |                 G F N 2 - x T B                 |
          | Geometry, Frequencies, Noncovalent interactions |
          |            JCTC 2018 parametrisation            |
           ------------------------------------------------- 
 
      method parameters     
 k(s)        :  1.8500
 k(p)        :  2.2300
 k(d)        :  2.2300
 k(f)        :  2.0000
 kEN (H0ij)  : -2.0000
 D4 a1       :  0.5200
 D4 a2       :  5.0000
 D4 s6       :  1.0000
 D4 s8       :  2.7000
 D4 s9       :  5.0000
 alphaj      :  2.0000

 Solvent             : h2o
 Using internal parameter file: .param_gbsa2_h2o
 Gsolv ref. state (COSMO-RS): gsolv [1 M gas/solution]
 temperature (mdtemp)       :    298.150000000000     
 dielectric constant        :    80.2000000000000     
 rho                        :    1.00000000000000     
 mass                       :    18.0000000000000     
 surface tension            :    15.5689454083859     
 probe radius               :   0.975313790000000     
 vdW radii scaling          :    1.00000000000000     
 Gshift (Eh)                :   1.857443126794793E-003
 c1                         :    1.55243817000000     
 soset                      :   0.130326360000000     
 HB correction              :  T

            Z     q(EN)     CN     RAES       Cart. coordinates
     1  N   5.0   -0.21    3.20    1.96    13.90838    42.19947     4.86415
     2  C   4.0    0.04    4.21    4.01    12.07157    40.71604     3.44686
     3  C   4.0    0.09    3.22    3.04     9.68485    42.31852     2.96309
     4  O   6.0   -0.26    1.10    1.80     8.32235    42.15034     1.06392
     5  C   4.0   -0.03    4.31    4.22    11.21741    38.46726     4.99455
     6  C   4.0   -0.04    4.21    4.02    12.99754    36.15802     4.70731
     7  C   4.0    0.15    3.22    3.04    12.54778    34.81820     2.23744
     8  O   6.0   -0.28    1.24    1.80    11.00009    35.56086     0.71432
     9  N   5.0   -0.18    3.20    1.96    13.84602    32.67714     1.86705
    10  H   1.0    0.09    1.02    1.43    14.71719    41.38122     6.39672
    11  H   1.0    0.06    1.05    1.44    12.82746    40.16046     1.60060
    12  H   1.0    0.05    1.03    1.43    11.10592    39.03040     6.97687
    13  H   1.0    0.07    1.04    1.43     9.32769    37.89090     4.38605
    14  H   1.0    0.04    1.03    1.43    14.95718    36.77596     4.85660
    15  H   1.0    0.05    1.03    1.43    12.63471    34.83521     6.24932
    16  H   1.0    0.10    1.05    1.44    14.97419    31.86834     3.18041
    17  H   1.0    0.10    1.03    1.43    13.59091    31.69448     0.23811
    18  N   5.0   -0.20    3.22    1.96    23.94094    27.44638    13.11470
    19  C   4.0    0.03    4.27    4.13    21.98696    26.54498    11.39883
    20  C   4.0    0.16    3.39    3.08    21.57311    28.22117     9.09903
    21  O   6.0   -0.32    1.35    1.80    20.15960    27.57488     7.35670
    22  C   4.0    0.04    4.14    3.88    19.45662    26.12168    12.76132
    23  O   6.0   -0.23    2.03    1.83    18.22263    28.38368    13.46808
    24  H   1.0    0.09    1.02    1.43    23.37024    28.27597    14.74553
    25  H   1.0    0.05    1.06    1.44    22.62569    24.73084    10.62215
    26  H   1.0    0.06    1.02    1.43    18.19428    25.13524    11.46308
    27  H   1.0    0.04    1.01    1.43    19.80244    24.92737    14.42050
    28  H   1.0    0.12    1.01    1.43    19.23552    29.21705    14.77955
    29  N   5.0   -0.12    3.41    2.02    22.92804    30.33955     8.93651
    30  C   4.0    0.02    4.27    4.15    22.96773    31.94960     6.71231
    31  C   4.0    0.15    3.42    3.09    25.07477    33.92436     7.01088
    32  O   6.0   -0.28    1.27    1.80    26.36735    33.95649     8.93273
    33  H   1.0    0.11    1.09    1.44    24.19983    30.82899    10.28389
    34  H   1.0    0.06    1.02    1.43    23.35890    30.78364     5.04179
    35  H   1.0    0.05    1.02    1.43    21.14792    32.90202     6.46853
    36  N   5.0   -0.09    3.65    2.21    25.27697    35.58543     5.16651
    37  C   4.0    0.04    4.44    4.45    27.34244    37.45815     5.17029
    38  C   4.0    0.09    3.29    3.05    26.83222    39.34031     7.21308
    39  O   6.0   -0.27    1.14    1.80    24.62691    39.80330     7.94441
    40  C   4.0   -0.04    4.31    4.21    27.04576    38.95859     2.65129
    41  C   4.0   -0.04    4.21    4.03    25.20894    37.41279     1.02612
    42  C   4.0   -0.01    4.34    4.27    23.82755    35.63645     2.81758
    43  H   1.0    0.05    1.04    1.43    29.17170    36.53218     5.38572
    44  H   1.0    0.05    1.04    1.43    26.25018    40.80674     3.08592
    45  H   1.0    0.04    1.02    1.43    28.86745    39.22504     1.73855
    46  H   1.0    0.04    1.02    1.43    23.88236    38.60710     0.00756
    47  H   1.0    0.04    1.02    1.43    26.24829    36.31675    -0.37795
    48  H   1.0    0.05    1.02    1.43    21.92460    36.34510     3.22576
    49  H   1.0    0.04    1.02    1.43    23.68016    33.74484     2.00500
    50  O   6.0   -0.32    2.02    1.83    17.70673    29.51374     3.35048
    51  H   1.0    0.12    0.97    1.43    18.87458    30.75529     2.72687
    52  H   1.0    0.16    1.03    1.43    18.51365    28.78431     4.84526
    53  O   6.0   -0.28    1.92    1.82    16.82990    23.40993     6.55546
    54  H   1.0    0.16    1.00    1.43    18.12058    24.69116     6.74443
    55  H   1.0    0.14    0.97    1.43    15.29166    24.30754     6.20586
    56  O   6.0   -0.32    1.96    1.82    19.91010    26.56228    -0.47243
    57  H   1.0    0.14    0.97    1.43    19.54992    24.80506    -0.15685
    58  H   1.0    0.14    1.01    1.43    18.91333    27.48369     0.76723
    59  O   6.0   -0.29    1.92    1.82    24.76282    27.07283     1.78579
    60  H   1.0    0.13    0.97    1.43    26.02977    27.01003     0.47621
    61  H   1.0    0.14    1.00    1.43    23.14340    26.91467     0.92408
    62  N   5.0   -0.19    3.21    1.96    25.46069    29.63599    -6.81624
    63  C   4.0    0.04    4.19    3.98    23.35343    29.43839    -5.07013
    64  C   4.0    0.09    3.20    3.04    20.87260    29.38515    -6.63105
    65  O   6.0   -0.27    1.15    1.80    20.87565    29.91278    -8.86470
    66  C   4.0   -0.04    4.23    4.06    23.23725    31.47264    -2.99711
    67  C   4.0   -0.02    3.67    3.22    23.00351    34.16784    -3.98732
    68  C   4.0   -0.01    3.60    3.17    24.74620    35.54493    -5.32903
    69  C   4.0    0.01    3.90    3.46    20.86603    35.75735    -3.68686
    70  N   5.0   -0.12    3.48    2.07    23.90256    37.97746    -5.65973
    71  C   4.0    0.04    3.89    3.45    21.53159    38.15348    -4.68085
    72  C   4.0   -0.04    3.39    3.07    18.53446    35.34733    -2.54357
    73  C   4.0   -0.04    3.35    3.07    19.91125    40.25323    -4.50133
    74  C   4.0   -0.03    3.35    3.06    16.88934    37.38041    -2.38861
    75  C   4.0   -0.03    3.37    3.07    17.63541    39.80338    -3.25033
    76  H   1.0    0.11    1.03    1.43    25.15689    30.53635    -8.48865
    77  H   1.0    0.05    1.05    1.44    23.55465    27.62343    -4.08748
    78  H   1.0    0.05    1.03    1.43    21.63496    31.09962    -1.76311
    79  H   1.0    0.04    1.03    1.43    24.96348    31.33243    -1.86705
    80  H   1.0    0.05    1.02    1.43    26.62376    35.05567    -5.91484
    81  H   1.0    0.08    1.05    1.44    24.84504    39.45553    -6.40806
    82  H   1.0    0.06    1.02    1.43    17.98236    33.52949    -1.79524
    83  H   1.0    0.06    1.02    1.43    20.44552    42.12842    -5.10226
    84  H   1.0    0.07    1.03    1.43    15.06612    37.24642    -1.47021
    85  H   1.0    0.06    1.02    1.43    16.33764    41.36710    -2.91396
    86  H   1.0    0.10    1.07    1.44    15.20385    42.62175     3.84631
    87  H   1.0    0.06    1.05    1.44     9.13832    43.60678     4.23303
    88  H   1.0    0.10    1.07    1.44    24.92227    26.14221    13.59292
    89  H   1.0    0.06    1.05    1.44    28.26639    40.26211     8.02826
    90  H   1.0    0.09    1.08    1.44    26.73287    30.48860    -6.07655
    91  H   1.0    0.06    1.04    1.43    19.24301    28.91196    -5.79944

  Z AO/shell   Hii/eV     exponent
  1     Wed Apr 25 08:07:45 CEST 2018   EN: 2.200 GM2: 0.406  GM3: 0.0800  RAES: 1.40
     1s    -10.707211    1.230000
  6     Wed Apr 25 08:07:45 CEST 2018   EN: 2.550 GM2: 0.538  GM3: 0.1500  RAES: 3.00
     2s    -13.970922    2.096432
     2p    -10.063292    1.800000
  7     Wed Apr 25 08:07:45 CEST 2018   EN: 3.040 GM2: 0.461  GM3:-0.0640  RAES: 1.90
     2s    -16.686243    2.339881
     2p    -12.523956    2.014332
  8     Wed Apr 25 08:07:45 CEST 2018   EN: 3.440 GM2: 0.452  GM3:-0.0517  RAES: 1.80
     2s    -20.229985    2.439742
     2p    -15.503117    2.137023
 no old-style atom pair restraining (fixing) potential

molecular fragmentation (1/2 indicates fragments):
111111111111111112222222222222222222222222222222222222222222222222222222
2222222222222112222
# atoms in fragment 1/2:    19    72
 fragment masses (1/2) :      130.15      503.55
CMA distance (Bohr)    :  12.052
constraining FC (au)   :  0.0500
           ------------------------------------------------- 
          |        Self-Consistent Charge Iterations        |
           ------------------------------------------------- 

 Ncao       : 223
 Nao        : 223
 Nshell     : 135
 Nel        : 252
 T(el)      :   500.0
 intcut     :    35.0
 scfconv/Eh :  0.100E-06
   qconv/e  :  0.100E-04
 intneglect :  0.100E-08
 broydamp   :      0.400
 iter      E             dE          RMSdq      gap      omega  full diag
   1   -146.1109701 -0.146111E+03  0.498E+00    2.84       0.0  T
   2   -146.4437262 -0.332756E+00  0.239E+00    1.53       1.0  T
   3   -146.4638803 -0.201541E-01  0.126E+00    2.09       1.0  T
   4   -146.4931547 -0.292743E-01  0.311E-01    1.65       1.0  T
   5   -146.4944300 -0.127536E-02  0.149E-01    1.77       1.0  T
   6   -146.4951685 -0.738459E-03  0.595E-02    1.74       1.0  T
   7   -146.4953191 -0.150597E-03  0.235E-02    1.72       1.0  T
   8   -146.4953276 -0.854097E-05  0.118E-02    1.72       1.0  T
   9   -146.4953294 -0.180638E-05  0.404E-03    1.72       2.6  T
  10   -146.4953299 -0.492278E-06  0.170E-03    1.72       6.2  T
  11   -146.4953300 -0.573992E-07  0.790E-04    1.72      13.3  T
  12   -146.4953300 -0.110664E-07  0.375E-04    1.72      28.0  T
  13   -146.4953300 -0.199680E-08  0.144E-04    1.72      72.7  T
  14   -146.4953300 -0.516451E-09  0.790E-05    1.72     132.7  T
  15   -146.4953300 -0.112152E-09  0.314E-05    1.72     334.1  T
speedup  1.30
cpu  time for SCC    0.71 s
wall time for SCC    0.54 s

   *** convergence criteria satisfied after 15 iterations ***

          eigenvalues
 #    :         114        115        116        117        118        119        120        121
 occ. :        2.000      2.000      2.000      2.000      2.000      2.000      2.000      2.000
 eps  :       -11.353    -11.304    -11.300    -11.267    -11.233    -10.981    -10.933    -10.785
 #    :         122        123        124        125        126        127        128        129
 occ. :        2.000      2.000      2.000      2.000      2.000      0.000      0.000      0.000
 eps  :       -10.332    -10.299    -10.032     -9.958     -9.731     -8.013     -7.682     -7.359
 #    :         130        131        132        133        134        135        136        137
 occ. :        0.000      0.000      0.000      0.000      0.000      0.000      0.000      0.000
 eps  :        -6.331     -6.154     -5.903     -5.518     -5.418     -4.373     -2.052     -1.118


   #   Z            q   n(s)   n(p)   n(d)      C6AA      α(0)
   1   7 N     -0.394  1.319  4.075  0.000    30.207     8.163
   2   6 C      0.050  1.052  2.898  0.000    19.760     6.332
   3   6 C      0.196  1.100  2.704  0.000    23.824     7.994
   4   8 O     -0.399  1.772  4.627  0.000    21.657     6.239
   5   6 C     -0.057  1.051  3.006  0.000    21.588     6.613
   6   6 C     -0.101  1.060  3.041  0.000    22.422     6.741
   7   6 C      0.294  1.032  2.674  0.000    22.004     7.681
   8   8 O     -0.514  1.757  4.758  0.000    24.105     6.583
   9   7 N     -0.294  1.268  4.026  0.000    27.579     7.800
  10   1 H      0.175  0.825  0.000  0.000     1.244     1.747
  11   1 H      0.050  0.950  0.000  0.000     2.322     2.383
  12   1 H      0.064  0.936  0.000  0.000     2.158     2.297
  13   1 H      0.049  0.951  0.000  0.000     2.338     2.391
  14   1 H      0.074  0.926  0.000  0.000     2.044     2.236
  15   1 H      0.076  0.924  0.000  0.000     2.018     2.221
  16   1 H      0.237  0.763  0.000  0.000     0.937     1.517
  17   1 H      0.213  0.787  0.000  0.000     1.043     1.600
  18   7 N     -0.393  1.314  4.079  0.000    30.180     8.159
  19   6 C      0.017  1.059  2.923  0.000    20.303     6.418
  20   6 C      0.271  1.048  2.681  0.000    22.417     7.753
  21   8 O     -0.502  1.733  4.769  0.000    23.828     6.545
  22   6 C      0.072  1.038  2.889  0.000    19.583     6.340
  23   8 O     -0.481  1.735  4.747  0.000    22.490     6.402
  24   1 H      0.163  0.837  0.000  0.000     1.315     1.796
  25   1 H      0.062  0.938  0.000  0.000     2.170     2.304
  26   1 H      0.064  0.936  0.000  0.000     2.156     2.296
  27   1 H      0.032  0.968  0.000  0.000     2.556     2.500
  28   1 H      0.331  0.669  0.000  0.000     0.636     1.252
  29   7 N     -0.147  1.232  3.915  0.000    24.173     7.302
  30   6 C     -0.036  1.054  2.982  0.000    21.285     6.582
  31   6 C      0.266  1.035  2.699  0.000    22.504     7.768
  32   8 O     -0.510  1.755  4.755  0.000    23.998     6.568
  33   1 H      0.225  0.775  0.000  0.000     0.985     1.555
  34   1 H      0.101  0.899  0.000  0.000     1.773     2.082
  35   1 H      0.089  0.911  0.000  0.000     1.891     2.151
  36   7 N     -0.065  1.226  3.840  0.000    22.506     7.046
  37   6 C      0.024  1.065  2.911  0.000    20.160     6.392
  38   6 C      0.205  1.082  2.713  0.000    23.647     7.965
  39   8 O     -0.386  1.771  4.616  0.000    21.410     6.204
  40   6 C     -0.066  1.060  3.006  0.000    21.757     6.638
  41   6 C     -0.070  1.049  3.021  0.000    21.833     6.651
  42   6 C     -0.019  1.057  2.962  0.000    20.972     6.530
  43   1 H      0.086  0.914  0.000  0.000     1.914     2.164
  44   1 H      0.067  0.933  0.000  0.000     2.116     2.275
  45   1 H      0.085  0.915  0.000  0.000     1.926     2.170
  46   1 H      0.073  0.927  0.000  0.000     2.054     2.241
  47   1 H      0.075  0.925  0.000  0.000     2.033     2.230
  48   1 H      0.071  0.929  0.000  0.000     2.070     2.250
  49   1 H      0.078  0.922  0.000  0.000     2.005     2.214
  50   8 O     -0.624  1.758  4.866  0.000    25.772     6.852
  51   1 H      0.303  0.697  0.000  0.000     0.711     1.324
  52   1 H      0.337  0.663  0.000  0.000     0.619     1.236
  53   8 O     -0.661  1.771  4.890  0.000    26.697     6.974
  54   1 H      0.317  0.683  0.000  0.000     0.672     1.288
  55   1 H      0.324  0.676  0.000  0.000     0.654     1.270
  56   8 O     -0.646  1.765  4.881  0.000    26.316     6.924
  57   1 H      0.320  0.680  0.000  0.000     0.662     1.278
  58   1 H      0.325  0.675  0.000  0.000     0.650     1.267
  59   8 O     -0.657  1.773  4.884  0.000    26.581     6.958
  60   1 H      0.310  0.690  0.000  0.000     0.691     1.306
  61   1 H      0.318  0.682  0.000  0.000     0.669     1.285
  62   7 N     -0.386  1.318  4.067  0.000    29.980     8.132
  63   6 C      0.034  1.062  2.904  0.000    20.019     6.374
  64   6 C      0.204  1.086  2.710  0.000    23.667     7.967
  65   8 O     -0.384  1.757  4.627  0.000    21.356     6.196
  66   6 C     -0.079  1.058  3.021  0.000    22.004     6.678
  67   6 C     -0.038  1.071  2.967  0.000    28.889     8.815
  68   6 C     -0.009  1.069  2.940  0.000    28.210     8.711
  69   6 C     -0.021  1.071  2.949  0.000    28.333     8.717
  70   7 N     -0.114  1.229  3.885  0.000    23.479     7.197
  71   6 C      0.043  1.063  2.894  0.000    26.930     8.505
  72   6 C     -0.046  1.080  2.966  0.000    29.135     8.851
  73   6 C     -0.061  1.078  2.983  0.000    29.518     8.908
  74   6 C     -0.047  1.082  2.966  0.000    29.176     8.857
  75   6 C     -0.042  1.084  2.958  0.000    29.038     8.837
  76   1 H      0.158  0.842  0.000  0.000     1.351     1.821
  77   1 H      0.079  0.921  0.000  0.000     1.994     2.208
  78   1 H      0.067  0.933  0.000  0.000     2.117     2.275
  79   1 H      0.063  0.937  0.000  0.000     2.166     2.302
  80   1 H      0.045  0.955  0.000  0.000     2.382     2.413
  81   1 H      0.197  0.803  0.000  0.000     1.121     1.659
  82   1 H      0.035  0.965  0.000  0.000     2.518     2.481
  83   1 H      0.032  0.968  0.000  0.000     2.553     2.498
  84   1 H      0.016  0.984  0.000  0.000     2.798     2.616
  85   1 H      0.010  0.990  0.000  0.000     2.897     2.662
  86   1 H      0.182  0.818  0.000  0.000     1.204     1.719
  87   1 H      0.080  0.920  0.000  0.000     1.982     2.201
  88   1 H      0.188  0.812  0.000  0.000     1.167     1.692
  89   1 H      0.078  0.922  0.000  0.000     2.003     2.213
  90   1 H      0.184  0.816  0.000  0.000     1.190     1.709
  91   1 H      0.064  0.936  0.000  0.000     2.156     2.296

 Mol. C6AA /au·bohr⁶  :      75750.316641
 Mol. C8AA /au·bohr⁸  :    1678705.262507
 Mol. α(0) /au        :        414.754502

 
molecular dipole:
                 x           y           z       tot (Debye)
 q only:        5.723       0.448       1.632
   full:        6.202       0.431       2.261      16.815
molecular quadrupole (traceless):
                xx          xy          yy          xz          yz          zz
 q only:      198.198     342.393     -83.596      27.952      70.694    -114.601
  q+dip:      212.413     372.012     -99.089      49.008      88.093    -113.325
   full:      211.313     372.943     -99.345      50.051      88.244    -111.968
speedup  1.23
cpu  time for grad    0.86 s
wall time for grad    0.70 s

SCC energy    :    -146.4985764
rep           :       1.7521287
ES            :       0.4603805
AES           :      -0.0095721
AXC           :       0.0460009
disp          :      -0.0908779
XB            :       0.0000000
fix           :       0.0000000
Gborn         :       0.0000000
Gsasa         :       0.0000000
Ghb           :       0.0000000
Gshift        :       0.0000000
Gsolv         :      -0.0841411      -52.80
Etot ala COSMO:    -146.4985764
grad norm     :       0.4024587
total E       :    -144.7425478
atomizationE  :      24.9155360    15634.73
(atE without considering molecular charge,
 total energy contains solvation terms)
H-L gap (eV)  :          1.7184

------------------------------------------------------------------------
 * finished run on 2019/05/04 at 19:51:55.774     
------------------------------------------------------------------------
 total:
 * wall-time:     0 d,  0 h,  0 min,  0.877 sec
 *  cpu-time:     0 d,  0 h,  0 min,  1.011 sec
 * ratio c/w:     1.153 speedup
 SCF:
 * wall-time:     0 d,  0 h,  0 min,  0.771 sec
 *  cpu-time:     0 d,  0 h,  0 min,  0.933 sec
 * ratio c/w:     1.211 speedup

