      -----------------------------------------------------------      
     |                   =====================                   |     
     |                           x T B                           |     
     |                   =====================                   |     
     |                         S. Grimme                         |     
     |          Mulliken Center for Theoretical Chemistry        |     
     |                    University of Bonn                     |     
     |                 Version 6.0.1 (SAW181210)                 |     
      -----------------------------------------------------------      

   This program is distributed in the hope that it will be useful,
   but WITHOUT ANY WARRANTY; without even the implied warranty of
   MERCHANTABILITY or FITNESS FOR A PARTICULAR PURPOSE.
   
   FOR NON-COMMERCIAL, ACADEMIA USE ONLY.
   
   Cite this work as:
   S. Grimme, C. Bannwarth, P. Shushkov, J. Comput. Theory Chem., 2017,
   13, 1989-2009.
   C. Bannwarth, S. Ehlert and S. Grimme., ChemRxiv, 2018, preprint.
   http://doi.org/10.26434/chemrxiv.7246238.v1
   
   for sTDA-xTB:
   S. Grimme and C. Bannwarth, J. Chem. Phys., 2016, 145, 054103.
   
   in the mass-spec context:
   V. Asgeirsson, C. Bauer and S. Grimme, Chem. Sci., 2017, 8, 4879.
   
   if GBSA is used:
   P. Shushkov, F. März and S. Grimme, unpublished.
   
   for ANC optimizer:
   S. Grimme, unpublished.
   Rational Function algorithm used in ANCopt:
   F. Eckert, P. Pulay, H.-J. Werner, J. Comput. Chem., 1997, 18, 1473.
   
   with help from (in alphabetical order)
   C. Bannwarth, F. Bohle, G. Brandenburg, E. Caldeweyher, M. Checinski,
   S. Dohm, S. Ehlert, S. Ehrlich, F. März, H. Neugebauer, J. Pisarek,
   P. Pracht, P. Shushkov, and S. Spicher.
   
 * started run on 2019/05/04 at 19:52:08.780     
========================================================================
 # omp threads = 2
========================================================================
number of atoms            : 85
number of electrons        : 226
charge                     : 0
spin                       : .0
first test random number   : .8569

########################################################################
# WARNING! Please study the warnings concerning your input carefully
#  - Process number higher than OMP_NUM_THREADS, I hope you know what you are doing.
########################################################################

           ------------------------------------------------- 
          |                 G F N 2 - x T B                 |
          | Geometry, Frequencies, Noncovalent interactions |
          |            JCTC 2018 parametrisation            |
           ------------------------------------------------- 
 
      method parameters     
 k(s)        :  1.8500
 k(p)        :  2.2300
 k(d)        :  2.2300
 k(f)        :  2.0000
 kEN (H0ij)  : -2.0000
 D4 a1       :  0.5200
 D4 a2       :  5.0000
 D4 s6       :  1.0000
 D4 s8       :  2.7000
 D4 s9       :  5.0000
 alphaj      :  2.0000

 Solvent             : h2o
 Using internal parameter file: .param_gbsa2_h2o
 Gsolv ref. state (COSMO-RS): gsolv [1 M gas/solution]
 temperature (mdtemp)       :    298.150000000000     
 dielectric constant        :    80.2000000000000     
 rho                        :    1.00000000000000     
 mass                       :    18.0000000000000     
 surface tension            :    15.5689454083859     
 probe radius               :   0.975313790000000     
 vdW radii scaling          :    1.00000000000000     
 Gshift (Eh)                :   1.857443126794793E-003
 c1                         :    1.55243817000000     
 soset                      :   0.130326360000000     
 HB correction              :  T

            Z     q(EN)     CN     RAES       Cart. coordinates
     1  N   5.0   -0.18    3.23    1.96    45.42334    71.19543    28.99784
     2  C   4.0    0.03    4.21    4.02    44.28762    69.57026    27.07977
     3  C   4.0    0.08    3.21    3.04    42.68135    67.51613    28.28542
     4  O   6.0   -0.27    1.13    1.80    43.12544    66.61851    30.37168
     5  C   4.0   -0.03    4.31    4.21    46.44002    68.25690    25.62468
     6  C   4.0   -0.04    4.25    4.09    47.98959    70.18253    24.15826
     7  C   4.0    0.15    3.22    3.04    50.41033    68.98634    23.13403
     8  O   6.0   -0.30    1.25    1.80    51.25693    66.97945    23.96550
     9  N   5.0   -0.19    3.20    1.95    51.45157    70.22789    21.24619
    10  H   1.0    0.10    1.02    1.43    46.43246    70.39985    30.43215
    11  H   1.0    0.04    1.05    1.44    43.16512    70.75512    25.82122
    12  H   1.0    0.07    1.03    1.43    47.64377    67.24590    26.95127
    13  H   1.0    0.05    1.03    1.43    45.65767    66.86984    24.31888
    14  H   1.0    0.04    1.03    1.43    46.92001    70.96299    22.58223
    15  H   1.0    0.04    1.03    1.43    48.55084    71.75100    25.37713
    16  H   1.0    0.08    1.03    1.43    50.77505    71.91541    20.64148
    17  H   1.0    0.11    1.05    1.44    53.10319    69.62317    20.49786
    18  N   5.0   -0.19    3.25    1.97    55.18189    61.13452     9.87760
    19  C   4.0    0.03    4.25    4.10    54.19734    63.50991    10.76766
    20  C   4.0    0.08    3.21    3.04    55.22913    65.56971     8.99510
    21  O   6.0   -0.27    1.12    1.80    57.49680    65.72656     8.47164
    22  C   4.0   -0.04    4.32    4.24    54.94000    63.98990    13.48886
    23  C   4.0   -0.03    4.19    3.98    52.91800    62.80504    15.25198
    24  C   4.0   -0.07    4.08    3.76    53.08240    59.89108    15.42961
    25  C   4.0   -0.06    4.12    3.83    52.93689    63.97289    17.80689
    26  H   1.0    0.09    1.03    1.43    56.95256    60.66398    10.40861
    27  H   1.0    0.04    1.06    1.44    52.14888    63.47023    10.51255
    28  H   1.0    0.05    1.02    1.43    56.81650    63.22456    13.86303
    29  H   1.0    0.05    1.03    1.43    54.99291    66.02136    13.82335
    30  H   1.0    0.04    1.06    1.44    51.07929    63.24346    14.38648
    31  H   1.0    0.05    1.00    1.43    51.54039    59.17488    16.58046
    32  H   1.0    0.04    1.00    1.43    52.96524    59.04071    13.56445
    33  H   1.0    0.05    1.00    1.43    54.86441    59.35062    16.29700
    34  H   1.0    0.05    1.00    1.43    51.47047    63.16409    18.99930
    35  H   1.0    0.05    1.00    1.43    54.74347    63.66865    18.74230
    36  H   1.0    0.05    1.00    1.43    52.60997    65.99868    17.68406
    37  O   6.0   -0.29    1.93    1.82    55.70534    63.92187    23.86913
    38  H   1.0    0.15    1.02    1.43    56.82973    65.30515    23.43638
    39  H   1.0    0.16    1.00    1.43    54.05183    64.68154    24.03920
    40  O   6.0   -0.32    2.01    1.83    56.17210    70.52457    18.37758
    41  H   1.0    0.13    0.97    1.43    57.90120    70.98567    18.07523
    42  H   1.0    0.13    0.97    1.43    55.15732    71.78313    17.51587
    43  O   6.0   -0.30    2.05    1.83    58.45867    67.90163    22.10979
    44  H   1.0    0.15    1.03    1.43    59.80983    67.40841    20.97974
    45  H   1.0    0.15    1.02    1.43    57.24169    68.78036    21.08367
    46  O   6.0   -0.27    1.95    1.82    59.94182    69.54266    26.17648
    47  H   1.0    0.14    0.98    1.43    58.92739    68.07284    26.48262
    48  H   1.0    0.12    0.96    1.42    61.37963    69.39116    27.34622
    49  O   6.0   -0.32    2.02    1.83    61.51154    66.32775    18.43050
    50  H   1.0    0.12    0.96    1.43    60.97447    64.57359    18.24341
    51  H   1.0    0.13    0.96    1.43    61.18195    67.05701    16.77321
    52  N   5.0   -0.20    3.20    1.96    67.40096    68.54632    17.51398
    53  C   4.0    0.03    4.32    4.23    67.52938    69.69850    20.01409
    54  C   4.0    0.15    3.45    3.09    67.39733    67.83706    22.20050
    55  O   6.0   -0.28    1.24    1.80    68.75956    68.18962    24.07511
    56  C   4.0   -0.03    4.31    4.22    65.38788    71.68116    20.21062
    57  C   4.0   -0.02    4.25    4.10    65.44433    72.98836    22.69183
    58  C   4.0    0.16    3.22    3.04    63.65775    75.29853    22.68616
    59  O   6.0   -0.28    1.22    1.80    63.23058    76.43326    20.70762
    60  N   5.0   -0.17    3.16    1.95    62.70709    75.99141    24.90281
    61  H   1.0    0.09    1.02    1.43    66.28281    69.36863    16.18739
    62  H   1.0    0.05    1.05    1.44    69.36334    70.66025    20.22574
    63  H   1.0    0.06    1.03    1.43    65.63460    73.02689    18.67049
    64  H   1.0    0.06    1.03    1.43    63.58948    70.70542    19.93472
    65  H   1.0    0.06    1.03    1.43    64.89092    71.72369    24.22440
    66  H   1.0    0.06    1.03    1.43    67.34928    73.68001    23.10379
    67  H   1.0    0.09    1.02    1.43    62.96033    74.90692    26.46939
    68  H   1.0    0.10    1.03    1.43    61.35944    77.33463    24.91037
    69  N   5.0   -0.14    3.44    2.04    65.68415    65.99602    22.04176
    70  C   4.0    0.05    4.28    4.17    65.51792    64.14341    24.03542
    71  C   4.0    0.11    3.25    3.04    68.03979    62.88380    24.60234
    72  O   6.0   -0.26    1.11    1.80    68.60393    62.29624    26.81521
    73  C   4.0    0.04    4.14    3.87    63.59030    62.04432    23.27198
    74  O   6.0   -0.24    2.02    1.83    64.25701    60.69710    21.08556
    75  H   1.0    0.10    1.09    1.44    64.49489    65.90147    20.53943
    76  H   1.0    0.06    1.05    1.44    64.82627    65.04680    25.77019
    77  H   1.0    0.06    1.01    1.43    63.48077    60.71322    24.85368
    78  H   1.0    0.05    1.01    1.43    61.74705    62.94487    23.04332
    79  H   1.0    0.12    1.01    1.43    62.93104    60.90623    19.79677
    80  H   1.0    0.09    1.08    1.44    46.51728    72.26736    28.25838
    81  H   1.0    0.06    1.05    1.44    41.17743    66.83226    27.36803
    82  H   1.0    0.09    1.08    1.44    54.19333    59.86661    10.43230
    83  H   1.0    0.06    1.04    1.43    54.05158    66.83354     8.22882
    84  H   1.0    0.10    1.07    1.44    68.95358    68.52073    16.82023
    85  H   1.0    0.07    1.04    1.43    69.25275    62.52366    23.19875

  Z AO/shell   Hii/eV     exponent
  1     Wed Apr 25 08:07:45 CEST 2018   EN: 2.200 GM2: 0.406  GM3: 0.0800  RAES: 1.40
     1s    -10.707211    1.230000
  6     Wed Apr 25 08:07:45 CEST 2018   EN: 2.550 GM2: 0.538  GM3: 0.1500  RAES: 3.00
     2s    -13.970922    2.096432
     2p    -10.063292    1.800000
  7     Wed Apr 25 08:07:45 CEST 2018   EN: 3.040 GM2: 0.461  GM3:-0.0640  RAES: 1.90
     2s    -16.686243    2.339881
     2p    -12.523956    2.014332
  8     Wed Apr 25 08:07:45 CEST 2018   EN: 3.440 GM2: 0.452  GM3:-0.0517  RAES: 1.80
     2s    -20.229985    2.439742
     2p    -15.503117    2.137023
 no old-style atom pair restraining (fixing) potential

molecular fragmentation (1/2 indicates fragments):
111111111111111112222222222222222222222222222222222222222222222222222222
2222222112222
# atoms in fragment 1/2:    19    66
 fragment masses (1/2) :      130.15      422.48
CMA distance (Bohr)    :  15.550
constraining FC (au)   :  0.0500
           ------------------------------------------------- 
          |        Self-Consistent Charge Iterations        |
           ------------------------------------------------- 

 Ncao       : 196
 Nao        : 196
 Nshell     : 122
 Nel        : 226
 T(el)      :   500.0
 intcut     :    35.0
 scfconv/Eh :  0.100E-06
   qconv/e  :  0.100E-04
 intneglect :  0.100E-08
 broydamp   :      0.400
 iter      E             dE          RMSdq      gap      omega  full diag
   1   -132.4034780 -0.132403E+03  0.505E+00    3.21       0.0  T
   2   -132.7520832 -0.348605E+00  0.234E+00    1.87       1.0  T
   3   -132.7783253 -0.262421E-01  0.125E+00    2.24       1.0  T
   4   -132.8051084 -0.267831E-01  0.310E-01    1.91       1.0  T
   5   -132.8061156 -0.100721E-02  0.125E-01    2.09       1.0  T
   6   -132.8064528 -0.337158E-03  0.399E-02    2.04       1.0  T
   7   -132.8064802 -0.274051E-04  0.192E-02    2.04       1.0  T
   8   -132.8064830 -0.281254E-05  0.739E-03    2.03       1.5  T
   9   -132.8064841 -0.112972E-05  0.268E-03    2.03       4.0  T
  10   -132.8064843 -0.134187E-06  0.943E-04    2.03      11.5  T
  11   -132.8064843 -0.190064E-07  0.421E-04    2.03      25.7  T
  12   -132.8064843 -0.112391E-08  0.129E-04    2.03      83.8  T
  13   -132.8064843 -0.314685E-09  0.510E-05    2.03     212.5  T
  14   -132.8064843 -0.383977E-10  0.195E-05    2.03     554.9  T
speedup  1.89
cpu  time for SCC    0.22 s
wall time for SCC    0.12 s

   *** convergence criteria satisfied after 14 iterations ***

          eigenvalues
 #    :         101        102        103        104        105        106        107        108
 occ. :        2.000      2.000      2.000      2.000      2.000      2.000      2.000      2.000
 eps  :       -11.504    -11.456    -11.238    -11.199    -11.173    -11.082    -11.050    -10.951
 #    :         109        110        111        112        113        114        115        116
 occ. :        2.000      2.000      2.000      2.000      2.000      0.000      0.000      0.000
 eps  :       -10.927    -10.806    -10.032     -9.985     -9.901     -7.868     -7.794     -7.677
 #    :         117        118        119        120        121        122        123        124
 occ. :        0.000      0.000      0.000      0.000      0.000      0.000      0.000      0.000
 eps  :        -5.968     -5.752     -5.696     -0.957     -0.344      0.318      0.341      0.871


   #   Z            q   n(s)   n(p)   n(d)      C6AA      α(0)
   1   7 N     -0.384  1.314  4.070  0.000    29.938     8.126
   2   6 C      0.032  1.060  2.907  0.000    20.049     6.378
   3   6 C      0.201  1.083  2.716  0.000    23.725     7.977
   4   8 O     -0.381  1.760  4.621  0.000    21.312     6.190
   5   6 C     -0.055  1.049  3.005  0.000    21.546     6.607
   6   6 C     -0.100  1.059  3.041  0.000    22.392     6.736
   7   6 C      0.288  1.035  2.677  0.000    22.121     7.701
   8   8 O     -0.513  1.757  4.756  0.000    24.070     6.578
   9   7 N     -0.273  1.261  4.012  0.000    27.063     7.726
  10   1 H      0.159  0.841  0.000  0.000     1.343     1.815
  11   1 H      0.074  0.926  0.000  0.000     2.046     2.237
  12   1 H      0.058  0.942  0.000  0.000     2.225     2.332
  13   1 H      0.043  0.957  0.000  0.000     2.405     2.425
  14   1 H      0.071  0.929  0.000  0.000     2.079     2.255
  15   1 H      0.070  0.930  0.000  0.000     2.082     2.257
  16   1 H      0.227  0.773  0.000  0.000     0.979     1.550
  17   1 H      0.236  0.764  0.000  0.000     0.939     1.518
  18   7 N     -0.387  1.316  4.072  0.000    30.024     8.138
  19   6 C      0.042  1.055  2.903  0.000    19.881     6.351
  20   6 C      0.196  1.095  2.709  0.000    23.810     7.991
  21   8 O     -0.375  1.763  4.612  0.000    21.186     6.171
  22   6 C     -0.073  1.061  3.013  0.000    21.895     6.661
  23   6 C     -0.011  1.060  2.951  0.000    20.741     6.478
  24   6 C     -0.114  1.042  3.072  0.000    22.739     6.800
  25   6 C     -0.115  1.036  3.079  0.000    22.749     6.800
  26   1 H      0.165  0.835  0.000  0.000     1.306     1.790
  27   1 H      0.050  0.950  0.000  0.000     2.315     2.380
  28   1 H      0.056  0.944  0.000  0.000     2.252     2.347
  29   1 H      0.048  0.952  0.000  0.000     2.346     2.395
  30   1 H      0.028  0.972  0.000  0.000     2.619     2.531
  31   1 H      0.036  0.964  0.000  0.000     2.505     2.475
  32   1 H      0.035  0.965  0.000  0.000     2.518     2.482
  33   1 H      0.042  0.958  0.000  0.000     2.427     2.436
  34   1 H      0.035  0.965  0.000  0.000     2.513     2.479
  35   1 H      0.052  0.948  0.000  0.000     2.291     2.367
  36   1 H      0.043  0.957  0.000  0.000     2.404     2.425
  37   8 O     -0.674  1.769  4.905  0.000    27.039     7.018
  38   1 H      0.313  0.687  0.000  0.000     0.683     1.298
  39   1 H      0.307  0.693  0.000  0.000     0.700     1.314
  40   8 O     -0.628  1.754  4.874  0.000    25.867     6.864
  41   1 H      0.326  0.674  0.000  0.000     0.648     1.264
  42   1 H      0.332  0.668  0.000  0.000     0.633     1.250
  43   8 O     -0.651  1.769  4.881  0.000    26.429     6.938
  44   1 H      0.319  0.681  0.000  0.000     0.667     1.283
  45   1 H      0.317  0.683  0.000  0.000     0.672     1.287
  46   8 O     -0.615  1.768  4.848  0.000    25.561     6.824
  47   1 H      0.318  0.682  0.000  0.000     0.669     1.285
  48   1 H      0.295  0.705  0.000  0.000     0.738     1.349
  49   8 O     -0.597  1.761  4.836  0.000    25.112     6.763
  50   1 H      0.321  0.679  0.000  0.000     0.663     1.279
  51   1 H      0.335  0.665  0.000  0.000     0.625     1.242
  52   7 N     -0.392  1.310  4.083  0.000    30.159     8.156
  53   6 C      0.030  1.061  2.908  0.000    20.076     6.382
  54   6 C      0.268  1.048  2.684  0.000    22.467     7.762
  55   8 O     -0.529  1.768  4.761  0.000    24.437     6.628
  56   6 C     -0.063  1.052  3.012  0.000    21.708     6.632
  57   6 C     -0.091  1.054  3.037  0.000    22.237     6.713
  58   6 C      0.288  1.041  2.671  0.000    22.116     7.700
  59   8 O     -0.511  1.752  4.759  0.000    24.022     6.571
  60   7 N     -0.282  1.270  4.012  0.000    27.281     7.757
  61   1 H      0.171  0.829  0.000  0.000     1.269     1.764
  62   1 H      0.025  0.975  0.000  0.000     2.656     2.548
  63   1 H      0.063  0.937  0.000  0.000     2.162     2.299
  64   1 H      0.067  0.933  0.000  0.000     2.118     2.276
  65   1 H      0.054  0.946  0.000  0.000     2.274     2.358
  66   1 H      0.059  0.941  0.000  0.000     2.209     2.324
  67   1 H      0.225  0.775  0.000  0.000     0.987     1.556
  68   1 H      0.237  0.763  0.000  0.000     0.937     1.516
  69   7 N     -0.165  1.241  3.924  0.000    24.566     7.361
  70   6 C      0.025  1.060  2.915  0.000    20.165     6.394
  71   6 C      0.213  1.085  2.703  0.000    23.501     7.939
  72   8 O     -0.391  1.770  4.621  0.000    21.496     6.216
  73   6 C      0.068  1.041  2.891  0.000    19.656     6.352
  74   8 O     -0.469  1.727  4.742  0.000    22.247     6.367
  75   1 H      0.251  0.749  0.000  0.000     0.880     1.469
  76   1 H      0.085  0.915  0.000  0.000     1.930     2.172
  77   1 H      0.056  0.944  0.000  0.000     2.249     2.345
  78   1 H      0.079  0.921  0.000  0.000     1.989     2.205
  79   1 H      0.352  0.648  0.000  0.000     0.584     1.201
  80   1 H      0.185  0.815  0.000  0.000     1.185     1.705
  81   1 H      0.067  0.933  0.000  0.000     2.120     2.277
  82   1 H      0.180  0.820  0.000  0.000     1.212     1.725
  83   1 H      0.067  0.933  0.000  0.000     2.115     2.274
  84   1 H      0.177  0.823  0.000  0.000     1.231     1.738
  85   1 H      0.079  0.921  0.000  0.000     1.984     2.203

 Mol. C6AA /au·bohr⁶  :      56730.807678
 Mol. C8AA /au·bohr⁸  :    1198198.626288
 Mol. α(0) /au        :        352.052778

 
molecular dipole:
                 x           y           z       tot (Debye)
 q only:       -3.632       2.153      -3.965
   full:       -3.707       2.608      -4.491      16.218
molecular quadrupole (traceless):
                xx          xy          yy          xz          yz          zz
 q only:     -506.202    -203.820     618.324    -440.667    -299.775    -112.123
  q+dip:     -528.594    -165.048     695.638    -482.358    -343.079    -167.045
   full:     -529.728    -164.565     696.716    -482.847    -340.693    -166.988
speedup  1.91
cpu  time for grad    0.30 s
wall time for grad    0.16 s

SCC energy    :    -132.8091582
rep           :       1.4658174
ES            :       0.5014444
AES           :      -0.0003314
AXC           :       0.0381981
disp          :      -0.0684238
XB            :       0.0000000
fix           :       0.0000000
Gborn         :       0.0000000
Gsasa         :       0.0000000
Ghb           :       0.0000000
Gshift        :       0.0000000
Gsolv         :      -0.0949312      -59.57
Etot ala COSMO:    -132.8091582
grad norm     :       0.4084284
total E       :    -131.3410068
atomizationE  :      21.2455522    13331.79
(atE without considering molecular charge,
 total energy contains solvation terms)
H-L gap (eV)  :          2.0323

------------------------------------------------------------------------
 * finished run on 2019/05/04 at 19:52:09.161     
------------------------------------------------------------------------
 total:
 * wall-time:     0 d,  0 h,  0 min,  0.380 sec
 *  cpu-time:     0 d,  0 h,  0 min,  0.430 sec
 * ratio c/w:     1.131 speedup
 SCF:
 * wall-time:     0 d,  0 h,  0 min,  0.193 sec
 *  cpu-time:     0 d,  0 h,  0 min,  0.336 sec
 * ratio c/w:     1.745 speedup

