      -----------------------------------------------------------      
     |                   =====================                   |     
     |                           x T B                           |     
     |                   =====================                   |     
     |                         S. Grimme                         |     
     |          Mulliken Center for Theoretical Chemistry        |     
     |                    University of Bonn                     |     
     |                 Version 6.0.1 (SAW181210)                 |     
      -----------------------------------------------------------      

   This program is distributed in the hope that it will be useful,
   but WITHOUT ANY WARRANTY; without even the implied warranty of
   MERCHANTABILITY or FITNESS FOR A PARTICULAR PURPOSE.
   
   FOR NON-COMMERCIAL, ACADEMIA USE ONLY.
   
   Cite this work as:
   S. Grimme, C. Bannwarth, P. Shushkov, J. Comput. Theory Chem., 2017,
   13, 1989-2009.
   C. Bannwarth, S. Ehlert and S. Grimme., ChemRxiv, 2018, preprint.
   http://doi.org/10.26434/chemrxiv.7246238.v1
   
   for sTDA-xTB:
   S. Grimme and C. Bannwarth, J. Chem. Phys., 2016, 145, 054103.
   
   in the mass-spec context:
   V. Asgeirsson, C. Bauer and S. Grimme, Chem. Sci., 2017, 8, 4879.
   
   if GBSA is used:
   P. Shushkov, F. März and S. Grimme, unpublished.
   
   for ANC optimizer:
   S. Grimme, unpublished.
   Rational Function algorithm used in ANCopt:
   F. Eckert, P. Pulay, H.-J. Werner, J. Comput. Chem., 1997, 18, 1473.
   
   with help from (in alphabetical order)
   C. Bannwarth, F. Bohle, G. Brandenburg, E. Caldeweyher, M. Checinski,
   S. Dohm, S. Ehlert, S. Ehrlich, F. März, H. Neugebauer, J. Pisarek,
   P. Pracht, P. Shushkov, and S. Spicher.
   
 * started run on 2019/05/04 at 19:51:23.054     
========================================================================
 # omp threads = 2
========================================================================
number of atoms            : 199
number of electrons        : 534
charge                     : -1
spin                       : .0
first test random number   : .1598

########################################################################
# WARNING! Please study the warnings concerning your input carefully
#  - Process number higher than OMP_NUM_THREADS, I hope you know what you are doing.
########################################################################

           ------------------------------------------------- 
          |                 G F N 2 - x T B                 |
          | Geometry, Frequencies, Noncovalent interactions |
          |            JCTC 2018 parametrisation            |
           ------------------------------------------------- 
 
      method parameters     
 k(s)        :  1.8500
 k(p)        :  2.2300
 k(d)        :  2.2300
 k(f)        :  2.0000
 kEN (H0ij)  : -2.0000
 D4 a1       :  0.5200
 D4 a2       :  5.0000
 D4 s6       :  1.0000
 D4 s8       :  2.7000
 D4 s9       :  5.0000
 alphaj      :  2.0000

 Solvent             : h2o
 Using internal parameter file: .param_gbsa2_h2o
 Gsolv ref. state (COSMO-RS): gsolv [1 M gas/solution]
 temperature (mdtemp)       :    298.150000000000     
 dielectric constant        :    80.2000000000000     
 rho                        :    1.00000000000000     
 mass                       :    18.0000000000000     
 surface tension            :    15.5689454083859     
 probe radius               :   0.975313790000000     
 vdW radii scaling          :    1.00000000000000     
 Gshift (Eh)                :   1.857443126794793E-003
 c1                         :    1.55243817000000     
 soset                      :   0.130326360000000     
 HB correction              :  T

            Z     q(EN)     CN     RAES       Cart. coordinates
     1  N   5.0   -0.22    3.20    1.95    17.68783    72.00801    11.55945
     2  C   4.0    0.03    4.23    4.06    17.27021    73.12861    14.04444
     3  C   4.0    0.07    3.22    3.04    19.68150    74.26245    15.13482
     4  O   6.0   -0.29    1.11    1.80    19.67772    76.31091    16.26487
     5  C   4.0   -0.05    4.28    4.16    16.30833    71.18409    15.90204
     6  C   4.0   -0.05    4.22    4.04    13.68917    70.16363    15.28410
     7  C   4.0   -0.00    4.25    4.11    11.56890    72.07604    15.31812
     8  N   5.0   -0.14    3.44    2.04     9.35414    70.87039    14.32979
     9  C   4.0    0.10    3.36    3.07     7.60237    69.80081    15.77354
    10  N   5.0   -0.17    3.27    1.97     7.85370    69.81970    18.29822
    11  N   5.0   -0.18    3.24    1.97     5.62949    68.73689    14.63971
    12  H   1.0    0.07    1.02    1.43    17.56311    70.11261    11.36103
    13  H   1.0    0.05    1.05    1.44    15.93228    74.69520    13.83468
    14  H   1.0    0.03    1.03    1.43    17.65571    69.62317    15.95307
    15  H   1.0    0.05    1.03    1.43    16.25164    72.06659    17.76531
    16  H   1.0    0.04    1.03    1.43    13.74587    69.28302    13.41894
    17  H   1.0    0.04    1.03    1.43    13.24698    68.69910    16.66549
    18  H   1.0    0.06    1.03    1.43    11.26844    72.84705    17.20218
    19  H   1.0    0.05    1.03    1.43    11.99598    73.67475    14.08035
    20  H   1.0    0.07    1.06    1.44     9.24454    70.76646    12.40983
    21  H   1.0    0.11    1.06    1.44     9.21241    70.82126    19.19773
    22  H   1.0    0.12    1.05    1.44     6.28712    69.39263    19.29788
    23  H   1.0    0.08    1.02    1.43     5.37060    68.92397    12.74053
    24  H   1.0    0.12    1.07    1.44     4.12905    68.32493    15.76409
    25  N   5.0   -0.22    3.17    1.95    17.71240    70.56804    30.38679
    26  C   4.0    0.02    4.26    4.12    16.60124    70.35072    27.79220
    27  C   4.0    0.06    3.21    3.04    15.61858    67.66920    27.31410
    28  O   6.0   -0.33    1.16    1.80    13.59469    67.28558    26.16326
    29  C   4.0   -0.03    4.33    4.26    18.55900    71.17464    25.86279
    30  C   4.0   -0.05    4.17    3.93    18.92372    74.09615    25.97239
    31  C   4.0   -0.07    4.13    3.87    17.98452    70.33560    23.17182
    32  C   4.0   -0.08    4.03    3.67    21.28020    74.80291    24.45494
    33  H   1.0    0.07    1.02    1.43    19.59079    70.87984    30.59277
    34  H   1.0    0.04    1.05    1.44    14.93828    71.58849    27.70338
    35  H   1.0    0.03    1.06    1.44    20.34668    70.29025    26.43160
    36  H   1.0    0.05    1.02    1.43    17.25887    75.02590    25.19194
    37  H   1.0    0.03    1.03    1.43    19.17883    74.65740    27.93582
    38  H   1.0    0.03    1.00    1.43    19.61536    70.62662    21.96239
    39  H   1.0    0.04    1.01    1.43    17.50453    68.34194    23.10946
    40  H   1.0    0.05    1.00    1.43    16.39904    71.39763    22.40459
    41  H   1.0    0.04    1.00    1.43    21.73752    76.78523    24.75541
    42  H   1.0    0.03    1.00    1.43    22.88080    73.65207    25.03320
    43  H   1.0    0.05    1.00    1.43    20.98163    74.54780    22.44050
    44  N   5.0   -0.14    3.46    2.05    -2.65129    67.96777    30.59844
    45  C   4.0    0.03    4.49    4.53    -2.93285    68.66697    27.95283
    46  C   4.0    0.14    3.42    3.08    -1.19431    70.84772    27.31032
    47  O   6.0   -0.30    1.26    1.80    -0.84471    72.55981    28.90525
    48  C   4.0   -0.03    4.34    4.27    -5.67674    69.52680    27.73551
    49  C   4.0   -0.05    4.28    4.16    -6.91640    67.71833    29.67437
    50  C   4.0   -0.02    4.28    4.15    -5.08525    67.80337    31.91558
    51  H   1.0    0.04    1.04    1.43    -2.56058    67.05126    26.70372
    52  H   1.0    0.06    1.03    1.43    -5.88083    71.49022    28.31943
    53  H   1.0    0.06    1.02    1.43    -6.41562    69.32082    25.83255
    54  H   1.0    0.03    1.01    1.43    -8.83069    68.29470    30.18270
    55  H   1.0    0.04    1.02    1.43    -6.99577    65.82671    28.86178
    56  H   1.0    0.04    1.02    1.43    -5.42540    69.47388    33.08154
    57  H   1.0    0.03    1.02    1.43    -5.17596    66.10261    33.07209
    58  N   5.0   -0.14    3.37    2.01    -0.06992    70.81748    25.02564
    59  C   4.0    0.03    4.26    4.11     1.86705    72.77524    24.49841
    60  C   4.0    0.15    3.30    3.05     4.54479    71.74534    24.62124
    61  O   6.0   -0.29    1.24    1.80     6.32113    72.76201    23.46662
    62  H   1.0    0.12    1.11    1.45    -0.58393    69.63451    23.58567
    63  H   1.0    0.06    1.02    1.43     1.55335    73.61238    22.63892
    64  H   1.0    0.06    1.04    1.43     1.64406    74.27190    25.91003
    65  N   5.0   -0.13    3.50    2.07     4.78290    69.65152    25.94027
    66  C   4.0    0.04    4.42    4.41     7.28678    68.30981    26.08389
    67  C   4.0    0.16    3.42    3.09     7.20175    66.12151    24.13558
    68  O   6.0   -0.29    1.29    1.80     5.21564    65.43932    23.11513
    69  C   4.0    0.05    4.22    4.04     7.77622    67.32527    28.72950
    70  O   6.0   -0.25    2.09    1.84     6.02634    65.28058    29.24162
    71  C   4.0   -0.07    4.06    3.73     7.79890    69.34916    30.74206
    72  H   1.0    0.09    1.08    1.44     3.28245    68.85028    26.80387
    73  H   1.0    0.06    1.06    1.44     8.70597    69.69309    25.52075
    74  H   1.0    0.05    1.05    1.44     9.62437    66.38229    28.68604
    75  H   1.0    0.12    1.02    1.43     4.41818    66.04403    29.70460
    76  H   1.0    0.04    1.00    1.43     7.80457    68.44587    32.58643
    77  H   1.0    0.04    1.00    1.43     9.48264    70.50190    30.54931
    78  H   1.0    0.05    1.00    1.43     6.12649    70.53969    30.58899
    79  N   5.0   -0.15    3.43    2.04     9.41650    65.02736    23.56677
    80  C   4.0    0.04    4.42    4.41     9.45997    62.91087    21.77720
    81  C   4.0    0.08    3.27    3.05     7.77244    60.77926    22.74285
    82  O   6.0   -0.30    1.11    1.80     6.21720    59.75691    21.32556
    83  C   4.0   -0.03    4.29    4.17    12.20952    61.99435    21.27642
    84  C   4.0   -0.05    4.19    3.99    13.49642    64.10706    19.79677
    85  C   4.0   -0.08    4.12    3.83    12.12070    59.50936    19.74764
    86  C   4.0   -0.09    3.99    3.60    16.40660    63.85762    19.64937
    87  H   1.0    0.10    1.09    1.44    11.04545    65.64341    24.38124
    88  H   1.0    0.06    1.05    1.44     8.61148    63.55526    19.99519
    89  H   1.0    0.04    1.05    1.44    13.13171    61.66743    23.09056
    90  H   1.0    0.04    1.03    1.43    12.71219    64.12407    17.88815
    91  H   1.0    0.05    1.03    1.43    13.05612    65.93443    20.64715
    92  H   1.0    0.03    1.00    1.43    14.02933    58.85362    19.37347
    93  H   1.0    0.04    1.00    1.43    11.12671    58.04482    20.78510
    94  H   1.0    0.04    1.00    1.43    11.16072    59.80983    17.95996
    95  H   1.0    0.03    1.00    1.43    17.13415    65.09350    18.17916
    96  H   1.0    0.04    1.00    1.43    17.21729    64.45288    21.42949
    97  H   1.0    0.03    1.00    1.43    16.96407    61.92443    19.26198
    98  N   5.0   -0.20    3.21    1.96     0.71054    62.31371    22.89025
    99  C   4.0    0.04    4.24    4.07    -0.45731    62.48190    20.42038
   100  C   4.0    0.08    3.20    3.04    -0.58770    59.98935    18.98797
   101  O   6.0   -0.29    1.11    1.80    -2.27334    59.68699    17.36658
   102  C   4.0   -0.02    4.30    4.21     1.04124    64.35273    18.80277
   103  C   4.0    0.26    3.13    3.03     0.73132    67.10039    19.63425
   104  O   6.0   -0.34    1.32    1.80    -1.09793    67.67865    21.03265
   105  O   6.0   -0.31    1.30    1.80     2.29035    68.61028    18.75175
   106  H   1.0    0.12    1.05    1.44     2.60404    62.57639    22.96962
   107  H   1.0    0.06    1.05    1.44    -2.38294    63.20377    20.68683
   108  H   1.0    0.06    1.03    1.43     3.05002    63.88597    18.85380
   109  H   1.0    0.05    1.03    1.43     0.42141    64.22612    16.83557
   110  O   6.0   -0.29    1.95    1.82     1.51934    73.18909    17.35335
   111  H   1.0    0.16    1.00    1.43     2.67396    72.25556    18.40593
   112  H   1.0    0.14    0.97    1.43     2.46231    74.51567    16.54266
   113  O   6.0   -0.27    1.93    1.82     6.36271    76.44130    19.80055
   114  H   1.0    0.16    1.01    1.43     7.45497    77.85860    20.22196
   115  H   1.0    0.14    0.98    1.43     4.88494    77.24822    19.11080
   116  O   6.0   -0.31    1.98    1.82    11.55189    72.06470    21.66949
   117  H   1.0    0.13    0.97    1.43    12.09047    71.15952    23.15481
   118  H   1.0    0.15    0.98    1.43    10.16862    73.14184    22.15893
   119  O   6.0   -0.31    1.92    1.82    12.28133    78.83748    12.74998
   120  H   1.0    0.13    0.96    1.42    13.43595    78.72031    14.20885
   121  H   1.0    0.13    0.97    1.43    11.76921    80.57791    12.72919
   122  O   6.0   -0.30    1.91    1.82    -6.89939    65.90230    21.13092
   123  H   1.0    0.14    0.98    1.43    -5.17029    66.43143    21.35579
   124  H   1.0    0.13    0.96    1.43    -6.88238    64.88374    19.59457
   125  O   6.0   -0.29    1.92    1.82     6.60459    78.15151    12.44007
   126  H   1.0    0.14    0.99    1.43     8.41684    78.09859    12.66305
   127  H   1.0    0.14    0.97    1.43     5.92807    78.97732    13.90838
   128  O   6.0   -0.29    1.95    1.82     2.71145    80.51702    17.35335
   129  H   1.0    0.16    1.00    1.43     2.94259    81.98372    18.40593
   130  H   1.0    0.14    0.97    1.43     1.09110    80.67037    16.54266
   131  O   6.0   -0.30    1.92    1.82    -4.23079    77.88545    17.35335
   132  H   1.0    0.13    0.97    1.43    -5.61655    77.35228    18.40593
   133  H   1.0    0.14    0.97    1.43    -3.55341    76.40552    16.54266
   134  O   6.0   -0.30    1.92    1.82     3.56925    74.53372    31.88913
   135  H   1.0    0.16    1.01    1.43     3.91426    76.06397    30.93103
   136  H   1.0    0.15    0.99    1.43     2.12056    73.77369    31.08032
   137  O   6.0   -0.27    1.93    1.82    -3.83597    72.06486    19.80055
   138  H   1.0    0.16    1.01    1.43    -3.15468    70.41029    20.22196
   139  H   1.0    0.14    0.98    1.43    -2.39828    72.94119    19.11080
   140  O   6.0   -0.29    1.92    1.82    13.23135    76.86958    21.13092
   141  H   1.0    0.14    0.98    1.43    11.90857    78.10246    21.35579
   142  H   1.0    0.13    0.96    1.43    14.10495    77.39359    19.59457
   143  O   6.0   -0.30    1.92    1.82    -2.47583    71.00028    12.44007
   144  H   1.0    0.13    0.97    1.43    -3.42778    69.45729    12.66305
   145  H   1.0    0.14    0.97    1.43    -1.42240    71.17326    13.90838
   146  N   5.0   -0.14    3.46    2.05     9.31855    79.51581    30.59844
   147  C   4.0    0.03    4.49    4.53     8.85381    78.92237    27.95283
   148  C   4.0    0.15    3.41    3.08     6.09596    79.33762    27.31032
   149  O   6.0   -0.31    1.29    1.80     4.43844    78.78434    28.90525
   150  C   4.0   -0.03    4.34    4.27     9.48112    76.11618    27.73551
   151  C   4.0   -0.05    4.28    4.16    11.66713    75.94684    29.67437
   152  C   4.0   -0.02    4.28    4.15    10.67791    77.49014    31.91558
   153  H   1.0    0.04    1.04    1.43    10.06692    80.05263    26.70372
   154  H   1.0    0.06    1.03    1.43     7.88279    74.95772    28.31943
   155  H   1.0    0.05    1.02    1.43    10.02895    75.57928    25.83255
   156  H   1.0    0.03    1.01    1.43    12.12513    74.00083    30.18270
   157  H   1.0    0.03    1.02    1.43    13.34500    76.82391    28.86178
   158  H   1.0    0.04    1.02    1.43     9.40128    76.36030    33.08154
   159  H   1.0    0.03    1.02    1.43    12.19616    78.26196    33.07209
   160  N   5.0   -0.14    3.31    1.99     5.55995    80.32649    25.02564
   161  C   4.0    0.03    4.14    3.88     2.89600    81.02507    24.49841
   162  C   4.0    0.08    3.10    3.02     2.44905    83.85902    24.62124
   163  O   6.0   -0.28    1.11    1.80     0.68041    84.88904    23.46662
   164  H   1.0    0.12    1.11    1.45     6.84143    80.47283    23.58567
   165  H   1.0    0.06    1.02    1.43     2.32785    80.33483    22.63892
   166  H   1.0    0.06    1.04    1.43     1.71134    80.08363    25.91003
   167  N   5.0   -0.22    3.20    1.96    12.53420    85.25427    22.89025
   168  C   4.0    0.04    4.24    4.07    12.97247    84.15879    20.42038
   169  C   4.0    0.07    3.20    3.04    15.19628    85.29214    18.98797
   170  O   6.0   -0.29    1.11    1.80    16.30094    83.98351    17.36658
   171  C   4.0   -0.03    4.30    4.20    10.60301    84.52116    18.80277
   172  C   4.0    0.25    3.13    3.03     8.37842    82.87893    19.63425
   173  O   6.0   -0.34    1.32    1.80     8.79226    81.00562    21.03265
   174  O   6.0   -0.30    1.23    1.80     6.29131    83.47414    18.75175
   175  H   1.0    0.08    1.03    1.43    11.35996    86.76275    22.96962
   176  H   1.0    0.06    1.05    1.44    13.31012    82.13020    20.68683
   177  H   1.0    0.05    1.03    1.43    10.00285    86.49419    18.85380
   178  H   1.0    0.05    1.03    1.43    11.02257    84.04767    16.83557
   179  N   5.0   -0.20    3.08    1.93    -5.49003    80.44759    25.02564
   180  C   4.0    0.01    4.02    3.66    -4.76305    77.79125    24.49841
   181  C   4.0    0.07    3.10    3.02    -6.99384    75.98721    24.62124
   182  O   6.0   -0.28    1.12    1.80    -7.00154    73.94051    23.46662
   183  H   1.0    0.09    1.01    1.43    -6.25751    81.48422    23.58567
   184  H   1.0    0.06    1.02    1.43    -3.88121    77.64434    22.63892
   185  H   1.0    0.06    1.02    1.43    -3.35540    77.23603    25.91003
   186  H   1.0    0.09    1.07    1.44    16.54695    72.62510    10.45939
   187  H   1.0    0.05    1.05    1.44    21.32462    73.34822    14.94665
   188  H   1.0    0.08    1.06    1.44    16.98415    71.86635    31.20935
   189  H   1.0    0.04    1.04    1.43    16.60382    66.17829    27.92856
   190  H   1.0    0.08    1.15    1.45    -2.14233    66.34857    30.70666
   191  H   1.0    0.05    1.04    1.43     7.91776    60.19711    24.53479
   192  H   1.0    0.10    1.07    1.44     0.04003    63.49241    23.91673
   193  H   1.0    0.06    1.04    1.43     0.66643    58.62351    19.35224
   194  H   1.0    0.08    1.15    1.45    10.46634    80.76618    30.70666
   195  H   1.0    0.06    1.05    1.44     3.59444    84.95238    25.65260
   196  H   1.0    0.10    1.07    1.44    11.84867    84.08424    23.91673
   197  H   1.0    0.05    1.04    1.43    15.75206    87.06117    19.35224
   198  H   1.0    0.09    1.07    1.44    -6.65662    80.48207    26.26275
   199  H   1.0    0.05    1.05    1.44    -8.51341    76.43247    25.65260

  Z AO/shell   Hii/eV     exponent
  1     Wed Apr 25 08:07:45 CEST 2018   EN: 2.200 GM2: 0.406  GM3: 0.0800  RAES: 1.40
     1s    -10.707211    1.230000
  6     Wed Apr 25 08:07:45 CEST 2018   EN: 2.550 GM2: 0.538  GM3: 0.1500  RAES: 3.00
     2s    -13.970922    2.096432
     2p    -10.063292    1.800000
  7     Wed Apr 25 08:07:45 CEST 2018   EN: 3.040 GM2: 0.461  GM3:-0.0640  RAES: 1.90
     2s    -16.686243    2.339881
     2p    -12.523956    2.014332
  8     Wed Apr 25 08:07:45 CEST 2018   EN: 3.440 GM2: 0.452  GM3:-0.0517  RAES: 1.80
     2s    -20.229985    2.439742
     2p    -15.503117    2.137023
 no old-style atom pair restraining (fixing) potential

molecular fragmentation (1/2 indicates fragments):
111111111111111111111111222222222222222222222222222222222222222222222222
222222222222222222222222222222222222222222222222222222222222222222222222
2222222222222222222222222222222222222222211222222222222
# atoms in fragment 1/2:    26   173
 fragment masses (1/2) :      159.21     1149.25
CMA distance (Bohr)    :  11.220
constraining FC (au)   :  0.0500
           ------------------------------------------------- 
          |        Self-Consistent Charge Iterations        |
           ------------------------------------------------- 

 Ncao       : 463
 Nao        : 463
 Nshell     : 287
 Nel        : 534
 T(el)      :   500.0
 intcut     :    35.0
 scfconv/Eh :  0.100E-06
   qconv/e  :  0.100E-04
 intneglect :  0.100E-08
 broydamp   :      0.400
 iter      E             dE          RMSdq      gap      omega  full diag
   1   -312.3709484 -0.312371E+03  0.508E+00    3.34       0.0  T
   2   -313.2304946 -0.859546E+00  0.236E+00    1.73       1.0  T
   3   -313.2988556 -0.683610E-01  0.133E+00    1.91       1.0  T
   4   -313.3704163 -0.715607E-01  0.315E-01    1.36       1.0  T
   5   -313.3728554 -0.243915E-02  0.135E-01    1.52       1.0  T
   6   -313.3737494 -0.893945E-03  0.447E-02    1.48       1.0  T
   7   -313.3738187 -0.692593E-04  0.223E-02    1.47       1.0  T
   8   -313.3738319 -0.132001E-04  0.739E-03    1.47       1.0  T
   9   -313.3738349 -0.308918E-05  0.328E-03    1.48       2.2  T
  10   -313.3738354 -0.414688E-06  0.131E-03    1.48       5.4  T
  11   -313.3738354 -0.658945E-07  0.591E-04    1.48      12.0  T
  12   -313.3738354 -0.127696E-07  0.225E-04    1.48      31.5  T
  13   -313.3738354 -0.175606E-08  0.112E-04    1.48      63.2  T
  14   -313.3738354 -0.500165E-09  0.372E-05    1.48     190.6  T
  15   -313.3738354 -0.433147E-10  0.164E-05    1.48     432.9  T
speedup  1.26
cpu  time for SCC    3.25 s
wall time for SCC    2.59 s

   *** convergence criteria satisfied after 15 iterations ***

          eigenvalues
 #    :         255        256        257        258        259        260        261        262
 occ. :        2.000      2.000      2.000      2.000      2.000      2.000      2.000      2.000
 eps  :       -10.980    -10.944    -10.895    -10.771    -10.599    -10.490    -10.223    -10.093
 #    :         263        264        265        266        267        268        269        270
 occ. :        2.000      2.000      2.000      2.000      2.000      0.000      0.000      0.000
 eps  :       -10.064     -9.912     -9.825     -9.787     -9.600     -8.124     -7.981     -7.925
 #    :         271        272        273        274        275        276        277        278
 occ. :        0.000      0.000      0.000      0.000      0.000      0.000      0.000      0.000
 eps  :        -7.866     -7.804     -7.733     -7.626     -6.249     -6.165     -6.063     -5.974


   #   Z            q   n(s)   n(p)   n(d)      C6AA      α(0)
   1   7 N     -0.396  1.314  4.082  0.000    30.260     8.170
   2   6 C      0.037  1.053  2.910  0.000    19.967     6.365
   3   6 C      0.196  1.095  2.709  0.000    23.817     7.993
   4   8 O     -0.396  1.770  4.626  0.000    21.606     6.232
   5   6 C     -0.074  1.052  3.022  0.000    21.903     6.661
   6   6 C     -0.082  1.052  3.031  0.000    22.065     6.686
   7   6 C     -0.031  1.046  2.985  0.000    21.196     6.567
   8   7 N     -0.143  1.211  3.931  0.000    24.085     7.289
   9   6 C      0.236  1.020  2.744  0.000    23.058     7.862
  10   7 N     -0.253  1.241  4.012  0.000    26.574     7.656
  11   7 N     -0.272  1.252  4.020  0.000    27.043     7.723
  12   1 H      0.175  0.825  0.000  0.000     1.244     1.747
  13   1 H      0.056  0.944  0.000  0.000     2.244     2.343
  14   1 H      0.066  0.934  0.000  0.000     2.131     2.283
  15   1 H      0.059  0.941  0.000  0.000     2.210     2.325
  16   1 H      0.066  0.934  0.000  0.000     2.127     2.281
  17   1 H      0.074  0.926  0.000  0.000     2.043     2.235
  18   1 H      0.094  0.906  0.000  0.000     1.837     2.120
  19   1 H      0.079  0.921  0.000  0.000     1.986     2.204
  20   1 H      0.233  0.767  0.000  0.000     0.953     1.529
  21   1 H      0.257  0.743  0.000  0.000     0.856     1.449
  22   1 H      0.204  0.796  0.000  0.000     1.086     1.633
  23   1 H      0.244  0.756  0.000  0.000     0.907     1.492
  24   1 H      0.236  0.764  0.000  0.000     0.938     1.517
  25   7 N     -0.395  1.320  4.075  0.000    30.224     8.165
  26   6 C      0.032  1.065  2.903  0.000    20.054     6.379
  27   6 C      0.198  1.102  2.700  0.000    23.785     7.987
  28   8 O     -0.390  1.754  4.636  0.000    21.479     6.214
  29   6 C     -0.020  1.070  2.950  0.000    20.900     6.502
  30   6 C     -0.062  1.055  3.007  0.000    21.692     6.631
  31   6 C     -0.124  1.039  3.085  0.000    22.939     6.829
  32   6 C     -0.110  1.038  3.072  0.000    22.669     6.790
  33   1 H      0.170  0.830  0.000  0.000     1.274     1.768
  34   1 H      0.055  0.945  0.000  0.000     2.260     2.351
  35   1 H      0.051  0.949  0.000  0.000     2.304     2.373
  36   1 H      0.043  0.957  0.000  0.000     2.409     2.427
  37   1 H      0.036  0.964  0.000  0.000     2.509     2.477
  38   1 H      0.054  0.946  0.000  0.000     2.265     2.353
  39   1 H      0.042  0.958  0.000  0.000     2.425     2.435
  40   1 H      0.059  0.941  0.000  0.000     2.211     2.326
  41   1 H      0.034  0.966  0.000  0.000     2.524     2.485
  42   1 H      0.043  0.957  0.000  0.000     2.410     2.428
  43   1 H      0.042  0.958  0.000  0.000     2.422     2.434
  44   7 N     -0.303  1.331  3.972  0.000    27.793     7.830
  45   6 C      0.045  1.054  2.901  0.000    19.792     6.330
  46   6 C      0.265  1.054  2.682  0.000    22.538     7.775
  47   8 O     -0.514  1.758  4.757  0.000    24.107     6.583
  48   6 C     -0.051  1.052  2.999  0.000    21.467     6.593
  49   6 C     -0.062  1.057  3.005  0.000    21.656     6.619
  50   6 C      0.008  1.050  2.943  0.000    20.503     6.456
  51   1 H      0.003  0.997  0.000  0.000     3.004     2.710
  52   1 H      0.033  0.967  0.000  0.000     2.548     2.496
  53   1 H      0.042  0.958  0.000  0.000     2.424     2.435
  54   1 H      0.041  0.959  0.000  0.000     2.436     2.441
  55   1 H      0.040  0.960  0.000  0.000     2.455     2.450
  56   1 H      0.044  0.956  0.000  0.000     2.399     2.422
  57   1 H      0.042  0.958  0.000  0.000     2.422     2.434
  58   7 N     -0.208  1.272  3.936  0.000    25.533     7.505
  59   6 C     -0.021  1.051  2.970  0.000    21.005     6.537
  60   6 C      0.275  1.038  2.688  0.000    22.357     7.742
  61   8 O     -0.484  1.742  4.742  0.000    23.424     6.489
  62   1 H      0.228  0.772  0.000  0.000     0.974     1.546
  63   1 H      0.084  0.916  0.000  0.000     1.941     2.179
  64   1 H      0.085  0.915  0.000  0.000     1.927     2.171
  65   7 N     -0.156  1.233  3.923  0.000    24.385     7.334
  66   6 C      0.004  1.078  2.919  0.000    20.530     6.453
  67   6 C      0.273  1.047  2.680  0.000    22.389     7.748
  68   8 O     -0.498  1.757  4.741  0.000    23.743     6.533
  69   6 C      0.106  1.049  2.845  0.000    18.933     6.213
  70   8 O     -0.486  1.738  4.747  0.000    22.591     6.416
  71   6 C     -0.137  1.041  3.096  0.000    23.192     6.867
  72   1 H      0.185  0.815  0.000  0.000     1.188     1.707
  73   1 H      0.098  0.902  0.000  0.000     1.802     2.099
  74   1 H      0.072  0.928  0.000  0.000     2.059     2.244
  75   1 H      0.311  0.689  0.000  0.000     0.688     1.303
  76   1 H      0.077  0.923  0.000  0.000     2.014     2.220
  77   1 H      0.064  0.936  0.000  0.000     2.154     2.295
  78   1 H      0.056  0.944  0.000  0.000     2.241     2.341
  79   7 N     -0.180  1.254  3.926  0.000    24.906     7.412
  80   6 C      0.024  1.070  2.907  0.000    20.180     6.396
  81   6 C      0.208  1.085  2.708  0.000    23.591     7.954
  82   8 O     -0.375  1.763  4.611  0.000    21.179     6.170
  83   6 C     -0.024  1.072  2.952  0.000    20.962     6.512
  84   6 C     -0.075  1.056  3.019  0.000    21.932     6.667
  85   6 C     -0.119  1.041  3.078  0.000    22.839     6.815
  86   6 C     -0.118  1.040  3.078  0.000    22.820     6.813
  87   1 H      0.242  0.758  0.000  0.000     0.914     1.498
  88   1 H      0.085  0.915  0.000  0.000     1.932     2.174
  89   1 H      0.064  0.936  0.000  0.000     2.154     2.295
  90   1 H      0.054  0.946  0.000  0.000     2.272     2.357
  91   1 H      0.051  0.949  0.000  0.000     2.304     2.374
  92   1 H      0.068  0.932  0.000  0.000     2.110     2.272
  93   1 H      0.034  0.966  0.000  0.000     2.529     2.487
  94   1 H      0.054  0.946  0.000  0.000     2.269     2.356
  95   1 H      0.053  0.947  0.000  0.000     2.277     2.360
  96   1 H      0.040  0.960  0.000  0.000     2.444     2.445
  97   1 H      0.051  0.949  0.000  0.000     2.303     2.373
  98   7 N     -0.389  1.306  4.083  0.000    30.071     8.144
  99   6 C      0.054  1.050  2.896  0.000    19.688     6.320
 100   6 C      0.193  1.097  2.710  0.000    23.873     8.002
 101   8 O     -0.403  1.765  4.638  0.000    21.742     6.252
 102   6 C     -0.088  1.069  3.018  0.000    22.161     6.701
 103   6 C      0.378  1.020  2.602  0.000    20.590     7.426
 104   8 O     -0.613  1.763  4.850  0.000    26.443     6.894
 105   8 O     -0.568  1.743  4.825  0.000    25.342     6.749
 106   1 H      0.170  0.830  0.000  0.000     1.272     1.767
 107   1 H      0.055  0.945  0.000  0.000     2.256     2.349
 108   1 H      0.056  0.944  0.000  0.000     2.245     2.343
 109   1 H      0.039  0.961  0.000  0.000     2.459     2.452
 110   8 O     -0.630  1.749  4.882  0.000    25.924     6.872
 111   1 H      0.312  0.688  0.000  0.000     0.685     1.300
 112   1 H      0.308  0.692  0.000  0.000     0.699     1.313
 113   8 O     -0.615  1.752  4.863  0.000    25.543     6.821
 114   1 H      0.300  0.700  0.000  0.000     0.720     1.333
 115   1 H      0.285  0.715  0.000  0.000     0.766     1.375
 116   8 O     -0.586  1.731  4.855  0.000    24.865     6.730
 117   1 H      0.297  0.703  0.000  0.000     0.729     1.341
 118   1 H      0.309  0.691  0.000  0.000     0.694     1.309
 119   8 O     -0.609  1.758  4.850  0.000    25.400     6.802
 120   1 H      0.308  0.692  0.000  0.000     0.699     1.313
 121   1 H      0.311  0.689  0.000  0.000     0.688     1.302
 122   8 O     -0.628  1.768  4.860  0.000    25.865     6.864
 123   1 H      0.295  0.705  0.000  0.000     0.736     1.347
 124   1 H      0.327  0.673  0.000  0.000     0.645     1.262
 125   8 O     -0.632  1.757  4.874  0.000    25.953     6.876
 126   1 H      0.321  0.679  0.000  0.000     0.661     1.277
 127   1 H      0.298  0.702  0.000  0.000     0.726     1.339
 128   8 O     -0.634  1.747  4.886  0.000    26.005     6.883
 129   1 H      0.307  0.693  0.000  0.000     0.699     1.313
 130   1 H      0.316  0.684  0.000  0.000     0.674     1.290
 131   8 O     -0.627  1.753  4.874  0.000    25.833     6.860
 132   1 H      0.311  0.689  0.000  0.000     0.688     1.303
 133   1 H      0.316  0.684  0.000  0.000     0.676     1.291
 134   8 O     -0.640  1.755  4.885  0.000    26.164     6.904
 135   1 H      0.312  0.688  0.000  0.000     0.685     1.301
 136   1 H      0.297  0.703  0.000  0.000     0.730     1.342
 137   8 O     -0.624  1.763  4.861  0.000    25.767     6.851
 138   1 H      0.298  0.702  0.000  0.000     0.726     1.338
 139   1 H      0.295  0.705  0.000  0.000     0.735     1.347
 140   8 O     -0.589  1.750  4.840  0.000    24.937     6.740
 141   1 H      0.290  0.710  0.000  0.000     0.751     1.361
 142   1 H      0.295  0.705  0.000  0.000     0.736     1.348
 143   8 O     -0.639  1.764  4.875  0.000    26.130     6.899
 144   1 H      0.332  0.668  0.000  0.000     0.632     1.248
 145   1 H      0.305  0.695  0.000  0.000     0.706     1.320
 146   7 N     -0.303  1.334  3.969  0.000    27.794     7.830
 147   6 C      0.042  1.054  2.903  0.000    19.846     6.339
 148   6 C      0.267  1.054  2.679  0.000    22.487     7.766
 149   8 O     -0.508  1.758  4.750  0.000    23.964     6.563
 150   6 C     -0.058  1.053  3.004  0.000    21.588     6.611
 151   6 C     -0.059  1.056  3.003  0.000    21.609     6.612
 152   6 C      0.005  1.049  2.945  0.000    20.545     6.463
 153   1 H      0.012  0.988  0.000  0.000     2.864     2.647
 154   1 H      0.042  0.958  0.000  0.000     2.427     2.436
 155   1 H      0.050  0.950  0.000  0.000     2.324     2.384
 156   1 H      0.035  0.965  0.000  0.000     2.512     2.479
 157   1 H      0.044  0.956  0.000  0.000     2.400     2.423
 158   1 H      0.047  0.953  0.000  0.000     2.360     2.402
 159   1 H      0.040  0.960  0.000  0.000     2.452     2.449
 160   7 N     -0.199  1.268  3.931  0.000    25.330     7.475
 161   6 C     -0.020  1.051  2.969  0.000    21.013     6.540
 162   6 C      0.203  1.084  2.713  0.000    23.683     7.970
 163   8 O     -0.379  1.763  4.615  0.000    21.259     6.182
 164   1 H      0.232  0.768  0.000  0.000     0.957     1.532
 165   1 H      0.100  0.900  0.000  0.000     1.785     2.090
 166   1 H      0.121  0.879  0.000  0.000     1.606     1.982
 167   7 N     -0.386  1.307  4.078  0.000    29.975     8.131
 168   6 C      0.047  1.052  2.901  0.000    19.802     6.339
 169   6 C      0.189  1.095  2.716  0.000    23.948     8.014
 170   8 O     -0.394  1.766  4.628  0.000    21.560     6.225
 171   6 C     -0.086  1.071  3.015  0.000    22.130     6.696
 172   6 C      0.372  1.018  2.610  0.000    20.691     7.444
 173   8 O     -0.607  1.754  4.853  0.000    26.286     6.874
 174   8 O     -0.594  1.770  4.824  0.000    25.972     6.833
 175   1 H      0.158  0.842  0.000  0.000     1.351     1.820
 176   1 H      0.072  0.928  0.000  0.000     2.064     2.246
 177   1 H      0.035  0.965  0.000  0.000     2.513     2.479
 178   1 H      0.038  0.962  0.000  0.000     2.476     2.461
 179   7 N     -0.389  1.330  4.059  0.000    30.076     8.145
 180   6 C     -0.013  1.051  2.963  0.000    20.912     6.528
 181   6 C      0.188  1.090  2.722  0.000    23.973     8.018
 182   8 O     -0.383  1.777  4.605  0.000    21.337     6.193
 183   1 H      0.168  0.832  0.000  0.000     1.288     1.778
 184   1 H      0.087  0.913  0.000  0.000     1.911     2.162
 185   1 H      0.087  0.913  0.000  0.000     1.909     2.161
 186   1 H      0.183  0.817  0.000  0.000     1.194     1.711
 187   1 H      0.079  0.921  0.000  0.000     1.987     2.204
 188   1 H      0.175  0.825  0.000  0.000     1.244     1.747
 189   1 H      0.090  0.910  0.000  0.000     1.874     2.140
 190   1 H      0.181  0.819  0.000  0.000     1.209     1.722
 191   1 H      0.072  0.928  0.000  0.000     2.066     2.248
 192   1 H      0.165  0.835  0.000  0.000     1.305     1.789
 193   1 H      0.081  0.919  0.000  0.000     1.970     2.195
 194   1 H      0.183  0.817  0.000  0.000     1.198     1.715
 195   1 H      0.076  0.924  0.000  0.000     2.023     2.224
 196   1 H      0.175  0.825  0.000  0.000     1.241     1.745
 197   1 H      0.079  0.921  0.000  0.000     1.990     2.206
 198   1 H      0.183  0.817  0.000  0.000     1.194     1.712
 199   1 H      0.072  0.928  0.000  0.000     2.061     2.245

 Mol. C6AA /au·bohr⁶  :     318289.904702
 Mol. C8AA /au·bohr⁸  :    6745423.108834
 Mol. α(0) /au        :        833.401067

 
molecular dipole:
                 x           y           z       tot (Debye)
 q only:        6.254     -78.695     -22.558
   full:        5.646     -77.650     -22.440     205.948
molecular quadrupole (traceless):
                xx          xy          yy          xz          yz          zz
 q only:     3458.460     516.809   -6027.106     195.535   -2623.825    2568.647
  q+dip:     3371.214     471.945   -5851.552     183.062   -2583.037    2480.338
   full:     3370.919     470.923   -5853.344     182.783   -2583.981    2482.425
speedup  1.29
cpu  time for grad    3.86 s
wall time for grad    2.99 s

SCC energy    :    -313.3802584
rep           :       3.3921849
ES            :       1.2231890
AES           :      -0.0524290
AXC           :       0.0909904
disp          :      -0.2088580
XB            :       0.0000000
fix           :       0.0000000
Gborn         :       0.0000000
Gsasa         :       0.0000000
Ghb           :       0.0000000
Gshift        :       0.0000000
Gsolv         :      -0.2108740     -132.33
Etot ala COSMO:    -313.3802584
grad norm     :       0.6317861
total E       :    -309.9695499
atomizationE  :      50.7688393    31857.93
(atE without considering molecular charge,
 total energy contains solvation terms)
H-L gap (eV)  :          1.4755

------------------------------------------------------------------------
 * finished run on 2019/05/04 at 19:51:26.482     
------------------------------------------------------------------------
 total:
 * wall-time:     0 d,  0 h,  0 min,  3.425 sec
 *  cpu-time:     0 d,  0 h,  0 min,  4.131 sec
 * ratio c/w:     1.206 speedup
 SCF:
 * wall-time:     0 d,  0 h,  0 min,  3.169 sec
 *  cpu-time:     0 d,  0 h,  0 min,  4.028 sec
 * ratio c/w:     1.271 speedup

