      -----------------------------------------------------------      
     |                   =====================                   |     
     |                           x T B                           |     
     |                   =====================                   |     
     |                         S. Grimme                         |     
     |          Mulliken Center for Theoretical Chemistry        |     
     |                    University of Bonn                     |     
     |                 Version 6.0.1 (SAW181210)                 |     
      -----------------------------------------------------------      

   This program is distributed in the hope that it will be useful,
   but WITHOUT ANY WARRANTY; without even the implied warranty of
   MERCHANTABILITY or FITNESS FOR A PARTICULAR PURPOSE.
   
   FOR NON-COMMERCIAL, ACADEMIA USE ONLY.
   
   Cite this work as:
   S. Grimme, C. Bannwarth, P. Shushkov, J. Comput. Theory Chem., 2017,
   13, 1989-2009.
   C. Bannwarth, S. Ehlert and S. Grimme., ChemRxiv, 2018, preprint.
   http://doi.org/10.26434/chemrxiv.7246238.v1
   
   for sTDA-xTB:
   S. Grimme and C. Bannwarth, J. Chem. Phys., 2016, 145, 054103.
   
   in the mass-spec context:
   V. Asgeirsson, C. Bauer and S. Grimme, Chem. Sci., 2017, 8, 4879.
   
   if GBSA is used:
   P. Shushkov, F. März and S. Grimme, unpublished.
   
   for ANC optimizer:
   S. Grimme, unpublished.
   Rational Function algorithm used in ANCopt:
   F. Eckert, P. Pulay, H.-J. Werner, J. Comput. Chem., 1997, 18, 1473.
   
   with help from (in alphabetical order)
   C. Bannwarth, F. Bohle, G. Brandenburg, E. Caldeweyher, M. Checinski,
   S. Dohm, S. Ehlert, S. Ehrlich, F. März, H. Neugebauer, J. Pisarek,
   P. Pracht, P. Shushkov, and S. Spicher.
   
 * started run on 2019/05/04 at 19:51:55.656     
========================================================================
 # omp threads = 2
========================================================================
number of atoms            : 67
number of electrons        : 162
charge                     : 1
spin                       : .0
first test random number   : .3100

########################################################################
# WARNING! Please study the warnings concerning your input carefully
#  - Process number higher than OMP_NUM_THREADS, I hope you know what you are doing.
########################################################################

           ------------------------------------------------- 
          |                 G F N 2 - x T B                 |
          | Geometry, Frequencies, Noncovalent interactions |
          |            JCTC 2018 parametrisation            |
           ------------------------------------------------- 
 
      method parameters     
 k(s)        :  1.8500
 k(p)        :  2.2300
 k(d)        :  2.2300
 k(f)        :  2.0000
 kEN (H0ij)  : -2.0000
 D4 a1       :  0.5200
 D4 a2       :  5.0000
 D4 s6       :  1.0000
 D4 s8       :  2.7000
 D4 s9       :  5.0000
 alphaj      :  2.0000

 Solvent             : h2o
 Using internal parameter file: .param_gbsa2_h2o
 Gsolv ref. state (COSMO-RS): gsolv [1 M gas/solution]
 temperature (mdtemp)       :    298.150000000000     
 dielectric constant        :    80.2000000000000     
 rho                        :    1.00000000000000     
 mass                       :    18.0000000000000     
 surface tension            :    15.5689454083859     
 probe radius               :   0.975313790000000     
 vdW radii scaling          :    1.00000000000000     
 Gshift (Eh)                :   1.857443126794793E-003
 c1                         :    1.55243817000000     
 soset                      :   0.130326360000000     
 HB correction              :  T

            Z     q(EN)     CN     RAES       Cart. coordinates
     1  N   5.0   -0.20    3.20    1.96    50.11931    53.59641    34.56309
     2  C   4.0    0.03    4.24    4.09    50.45757    50.89599    34.22861
     3  C   4.0    0.09    3.24    3.04    49.00248    49.98325    31.94771
     4  O   6.0   -0.32    1.21    1.80    49.96057    48.43179    30.51907
     5  C   4.0   -0.04    4.25    4.10    49.61475    49.28594    36.48683
     6  C   4.0   -0.04    4.21    4.02    51.26638    49.93979    38.77718
     7  C   4.0   -0.04    4.14    3.89    50.24781    48.86642    41.25461
     8  C   4.0   -0.02    4.13    3.86    51.99203    49.77916    43.40134
     9  N   5.0   -0.11    4.00    2.87    50.91678    49.29161    45.94491
    10  H   1.0    0.10    1.02    1.43    49.12532    54.24080    36.06353
    11  H   1.0    0.05    1.06    1.44    52.46824    50.54639    33.85066
    12  H   1.0    0.05    1.02    1.43    47.62676    49.67712    36.88745
    13  H   1.0    0.06    1.03    1.43    49.79806    47.29606    35.99361
    14  H   1.0    0.05    1.03    1.43    53.15799    49.19902    38.44647
    15  H   1.0    0.05    1.04    1.43    51.39488    51.98258    38.95859
    16  H   1.0    0.05    1.02    1.43    48.32785    49.54672    41.58720
    17  H   1.0    0.06    1.02    1.43    50.20057    46.81040    41.16579
    18  H   1.0    0.06    1.02    1.43    53.80050    48.80217    43.26906
    19  H   1.0    0.06    1.02    1.43    52.32273    51.80495    43.18024
    20  H   1.0    0.08    1.02    1.43    52.11108    49.93223    47.33386
    21  H   1.0    0.08    1.02    1.43    49.19335    50.18923    46.18868
    22  H   1.0    0.08    1.02    1.43    50.59174    47.38866    46.19057
    23  N   5.0   -0.19    3.25    1.97    52.18667    51.92778    25.68893
    24  C   4.0    0.04    4.23    4.07    54.48269    50.51804    25.21461
    25  C   4.0    0.16    3.41    3.08    53.87042    47.80251    24.36046
    26  O   6.0   -0.24    1.23    1.80    55.16110    46.64789    22.84490
    27  C   4.0   -0.05    4.13    3.86    55.96612    50.36120    27.67504
    28  H   1.0    0.10    1.03    1.43    51.83140    52.44367    27.49551
    29  H   1.0    0.07    1.05    1.44    55.55416    51.40810    23.68394
    30  H   1.0    0.07    1.00    1.43    57.69333    49.29539    27.36512
    31  H   1.0    0.06    1.00    1.43    56.43856    52.24714    28.33077
    32  H   1.0    0.06    1.00    1.43    54.82851    49.41255    29.09611
    33  N   5.0   -0.13    3.49    2.07    51.75392    46.82363    25.25997
    34  C   4.0    0.05    4.35    4.28    50.91489    44.27628    24.63636
    35  C   4.0    0.10    3.27    3.05    49.87365    44.17234    21.99641
    36  O   6.0   -0.23    1.12    1.80    50.47080    42.39222    20.60746
    37  C   4.0   -0.04    4.37    4.32    48.82863    43.45425    26.45616
    38  C   4.0   -0.01    4.19    3.98    47.71369    40.80485    25.94783
    39  C   4.0   -0.05    4.13    3.85    49.73759    38.82442    26.19538
    40  C   4.0   -0.06    4.10    3.79    45.54051    40.26628    27.78464
    41  H   1.0    0.10    1.09    1.44    50.81284    47.68912    26.67915
    42  H   1.0    0.08    1.06    1.44    52.54950    43.00827    24.72517
    43  H   1.0    0.06    1.03    1.43    49.59208    43.48826    28.37424
    44  H   1.0    0.06    1.03    1.43    47.31685    44.85454    26.34089
    45  H   1.0    0.07    1.05    1.44    46.96158    40.78973    24.01653
    46  H   1.0    0.07    1.00    1.43    48.90233    36.94414    26.13491
    47  H   1.0    0.07    1.00    1.43    51.09441    38.97560    24.65714
    48  H   1.0    0.06    1.00    1.43    50.75048    39.03418    27.97172
    49  H   1.0    0.07    1.00    1.43    44.69391    38.44647    27.35378
    50  H   1.0    0.06    1.00    1.43    46.24537    40.22660    29.71594
    51  H   1.0    0.06    1.00    1.43    44.09676    41.72137    27.64480
    52  O   6.0   -0.32    2.02    1.83    53.67200    45.10587    31.77574
    53  H   1.0    0.16    1.02    1.43    54.87953    46.02050    32.81320
    54  H   1.0    0.16    1.03    1.43    52.37753    46.30207    31.26930
    55  O   6.0   -0.27    1.92    1.82    51.10197    41.68357    35.22260
    56  H   1.0    0.15    0.99    1.43    51.92778    42.52828    33.82609
    57  H   1.0    0.14    0.97    1.43    49.31618    41.62499    34.85222
    58  O   6.0   -0.26    1.92    1.82    56.48580    42.32608    28.32132
    59  H   1.0    0.15    0.97    1.43    58.18088    42.91001    28.58022
    60  H   1.0    0.15    1.01    1.43    55.43700    43.20480    29.54964
    61  O   6.0   -0.31    1.99    1.82    57.31917    47.59464    34.45726
    62  H   1.0    0.15    0.97    1.43    58.93866    46.77450    34.47049
    63  H   1.0    0.14    0.97    1.43    57.54027    49.21035    35.26040
    64  H   1.0    0.10    1.07    1.44    51.63915    54.34441    34.71523
    65  H   1.0    0.07    1.05    1.44    47.26509    50.64470    31.60856
    66  H   1.0    0.11    1.07    1.44    52.21812    53.37894    24.80254
    67  H   1.0    0.08    1.04    1.44    48.71351    45.53255    21.38405

  Z AO/shell   Hii/eV     exponent
  1     Wed Apr 25 08:07:45 CEST 2018   EN: 2.200 GM2: 0.406  GM3: 0.0800  RAES: 1.40
     1s    -10.707211    1.230000
  6     Wed Apr 25 08:07:45 CEST 2018   EN: 2.550 GM2: 0.538  GM3: 0.1500  RAES: 3.00
     2s    -13.970922    2.096432
     2p    -10.063292    1.800000
  7     Wed Apr 25 08:07:45 CEST 2018   EN: 3.040 GM2: 0.461  GM3:-0.0640  RAES: 1.90
     2s    -16.686243    2.339881
     2p    -12.523956    2.014332
  8     Wed Apr 25 08:07:45 CEST 2018   EN: 3.440 GM2: 0.452  GM3:-0.0517  RAES: 1.80
     2s    -20.229985    2.439742
     2p    -15.503117    2.137023
 no old-style atom pair restraining (fixing) potential

molecular fragmentation (1/2 indicates fragments):
1111111111111111111111222222222222222222222222222222222222222221122
# atoms in fragment 1/2:    24    43
 fragment masses (1/2) :      131.20      258.31
CMA distance (Bohr)    :  11.799
constraining FC (au)   :  0.0500
           ------------------------------------------------- 
          |        Self-Consistent Charge Iterations        |
           ------------------------------------------------- 

 Ncao       : 145
 Nao        : 145
 Nshell     : 93
 Nel        : 162
 T(el)      :   500.0
 intcut     :    35.0
 scfconv/Eh :  0.100E-06
   qconv/e  :  0.100E-04
 intneglect :  0.100E-08
 broydamp   :      0.400
 iter      E             dE          RMSdq      gap      omega  full diag
   1    -93.6669579 -0.936670E+02  0.452E+00    3.17       0.0  T
   2    -93.8448693 -0.177911E+00  0.223E+00    2.16       1.0  T
   3    -93.8584717 -0.136024E-01  0.109E+00    2.24       1.0  T
   4    -93.8754661 -0.169944E-01  0.299E-01    1.74       1.0  T
   5    -93.8761098 -0.643745E-03  0.101E-01    1.90       1.0  T
   6    -93.8762614 -0.151543E-03  0.340E-02    1.87       1.0  T
   7    -93.8762707 -0.932000E-05  0.169E-02    1.86       1.0  T
   8    -93.8762726 -0.187773E-05  0.575E-03    1.86       2.1  T
   9    -93.8762731 -0.548872E-06  0.208E-03    1.86       5.9  T
  10    -93.8762732 -0.401699E-07  0.907E-04    1.86      13.5  T
  11    -93.8762732 -0.764707E-08  0.409E-04    1.86      29.9  T
  12    -93.8762732 -0.176337E-08  0.998E-05    1.86     122.4  T
  13    -93.8762732 -0.960796E-10  0.452E-05    1.86     270.1  T
speedup  1.02
cpu  time for SCC    0.16 s
wall time for SCC    0.16 s

   *** convergence criteria satisfied after 13 iterations ***

          eigenvalues
 #    :          69         70         71         72         73         74         75         76
 occ. :        2.000      2.000      2.000      2.000      2.000      2.000      2.000      2.000
 eps  :       -11.816    -11.750    -11.723    -11.638    -11.624    -11.582    -11.571    -11.422
 #    :          77         78         79         80         81         82         83         84
 occ. :        2.000      2.000      2.000      2.000      2.000      0.000      0.000      0.000
 eps  :       -11.364    -10.930    -10.678    -10.125     -9.850     -7.987     -7.654     -5.490
 #    :          85         86         87         88         89         90         91         92
 occ. :        0.000      0.000      0.000      0.000      0.000      0.000      0.000      0.000
 eps  :        -2.012     -0.224      0.526      0.733      1.077      1.276      1.528      1.918


   #   Z            q   n(s)   n(p)   n(d)      C6AA      α(0)
   1   7 N     -0.397  1.318  4.079  0.000    30.281     8.173
   2   6 C      0.036  1.054  2.910  0.000    19.986     6.367
   3   6 C      0.198  1.095  2.707  0.000    23.780     7.987
   4   8 O     -0.380  1.748  4.632  0.000    21.295     6.187
   5   6 C     -0.074  1.057  3.017  0.000    21.910     6.663
   6   6 C     -0.074  1.052  3.022  0.000    21.907     6.663
   7   6 C     -0.091  1.056  3.035  0.000    22.243     6.715
   8   6 C     -0.051  1.060  2.991  0.000    21.590     6.632
   9   7 N     -0.145  1.227  3.918  0.000    24.130     7.296
  10   1 H      0.175  0.825  0.000  0.000     1.244     1.747
  11   1 H      0.066  0.934  0.000  0.000     2.136     2.285
  12   1 H      0.057  0.943  0.000  0.000     2.233     2.337
  13   1 H      0.059  0.941  0.000  0.000     2.207     2.323
  14   1 H      0.062  0.938  0.000  0.000     2.174     2.306
  15   1 H      0.058  0.942  0.000  0.000     2.218     2.329
  16   1 H      0.074  0.926  0.000  0.000     2.038     2.233
  17   1 H      0.076  0.924  0.000  0.000     2.017     2.221
  18   1 H      0.117  0.883  0.000  0.000     1.638     2.002
  19   1 H      0.116  0.884  0.000  0.000     1.648     2.008
  20   1 H      0.301  0.699  0.000  0.000     0.712     1.321
  21   1 H      0.296  0.704  0.000  0.000     0.726     1.335
  22   1 H      0.297  0.703  0.000  0.000     0.722     1.331
  23   7 N     -0.397  1.315  4.082  0.000    30.300     8.175
  24   6 C      0.034  1.055  2.911  0.000    20.017     6.373
  25   6 C      0.274  1.045  2.681  0.000    22.366     7.745
  26   8 O     -0.528  1.760  4.768  0.000    24.402     6.623
  27   6 C     -0.124  1.043  3.080  0.000    22.919     6.825
  28   1 H      0.167  0.833  0.000  0.000     1.289     1.779
  29   1 H      0.029  0.971  0.000  0.000     2.600     2.522
  30   1 H      0.044  0.956  0.000  0.000     2.393     2.419
  31   1 H      0.059  0.941  0.000  0.000     2.215     2.327
  32   1 H      0.070  0.930  0.000  0.000     2.090     2.261
  33   7 N     -0.170  1.245  3.925  0.000    24.678     7.378
  34   6 C      0.031  1.054  2.915  0.000    20.059     6.378
  35   6 C      0.209  1.083  2.708  0.000    23.576     7.952
  36   8 O     -0.390  1.767  4.623  0.000    21.480     6.214
  37   6 C     -0.081  1.065  3.017  0.000    22.042     6.682
  38   6 C     -0.005  1.053  2.952  0.000    20.635     6.461
  39   6 C     -0.115  1.038  3.078  0.000    22.760     6.801
  40   6 C     -0.120  1.044  3.076  0.000    22.858     6.817
  41   1 H      0.232  0.768  0.000  0.000     0.956     1.531
  42   1 H      0.091  0.909  0.000  0.000     1.868     2.137
  43   1 H      0.084  0.916  0.000  0.000     1.942     2.180
  44   1 H      0.062  0.938  0.000  0.000     2.176     2.307
  45   1 H      0.019  0.981  0.000  0.000     2.751     2.594
  46   1 H      0.040  0.960  0.000  0.000     2.453     2.449
  47   1 H      0.032  0.968  0.000  0.000     2.554     2.499
  48   1 H      0.053  0.947  0.000  0.000     2.282     2.362
  49   1 H      0.043  0.957  0.000  0.000     2.409     2.427
  50   1 H      0.052  0.948  0.000  0.000     2.291     2.367
  51   1 H      0.045  0.955  0.000  0.000     2.388     2.417
  52   8 O     -0.656  1.765  4.891  0.000    26.578     6.958
  53   1 H      0.329  0.671  0.000  0.000     0.639     1.255
  54   1 H      0.318  0.682  0.000  0.000     0.671     1.286
  55   8 O     -0.648  1.766  4.882  0.000    26.367     6.930
  56   1 H      0.317  0.683  0.000  0.000     0.671     1.287
  57   1 H      0.312  0.688  0.000  0.000     0.687     1.302
  58   8 O     -0.664  1.777  4.887  0.000    26.774     6.984
  59   1 H      0.309  0.691  0.000  0.000     0.694     1.309
  60   1 H      0.325  0.675  0.000  0.000     0.651     1.268
  61   8 O     -0.639  1.757  4.882  0.000    26.139     6.900
  62   1 H      0.333  0.667  0.000  0.000     0.630     1.247
  63   1 H      0.332  0.668  0.000  0.000     0.631     1.248
  64   1 H      0.185  0.815  0.000  0.000     1.184     1.705
  65   1 H      0.082  0.918  0.000  0.000     1.954     2.186
  66   1 H      0.179  0.821  0.000  0.000     1.218     1.729
  67   1 H      0.073  0.927  0.000  0.000     2.054     2.241

 Mol. C6AA /au·bohr⁶  :      31243.765055
 Mol. C8AA /au·bohr⁸  :     653625.201268
 Mol. α(0) /au        :        261.297988

 
molecular dipole:
                 x           y           z       tot (Debye)
 q only:       49.690      53.355      50.382
   full:       50.012      54.375      50.914     228.056
molecular quadrupole (traceless):
                xx          xy          yy          xz          yz          zz
 q only:      -95.901    4006.546     399.463    3821.474    3889.037    -303.562
  q+dip:     -122.058    4111.769     457.388    3878.924    3973.202    -335.330
   full:     -122.160    4112.879     457.101    3878.251    3972.379    -334.941
speedup  1.09
cpu  time for grad    0.22 s
wall time for grad    0.20 s

SCC energy    :     -93.8791517
rep           :       1.1133511
ES            :       0.4278975
AES           :      -0.0208194
AXC           :       0.0365905
disp          :      -0.0530346
XB            :       0.0000000
fix           :       0.0000000
Gborn         :       0.0000000
Gsasa         :       0.0000000
Ghb           :       0.0000000
Gshift        :       0.0000000
Gsolv         :      -0.1775440     -111.41
Etot ala COSMO:     -93.8791517
grad norm     :       0.3171231
total E       :     -92.7639856
atomizationE  :      15.8047450     9917.63
(atE without considering molecular charge,
 total energy contains solvation terms)
H-L gap (eV)  :          1.8632

------------------------------------------------------------------------
 * finished run on 2019/05/04 at 19:51:56.159     
------------------------------------------------------------------------
 total:
 * wall-time:     0 d,  0 h,  0 min,  0.501 sec
 *  cpu-time:     0 d,  0 h,  0 min,  0.368 sec
 * ratio c/w:     0.735 speedup
 SCF:
 * wall-time:     0 d,  0 h,  0 min,  0.246 sec
 *  cpu-time:     0 d,  0 h,  0 min,  0.258 sec
 * ratio c/w:     1.050 speedup

