      -----------------------------------------------------------      
     |                   =====================                   |     
     |                           x T B                           |     
     |                   =====================                   |     
     |                         S. Grimme                         |     
     |          Mulliken Center for Theoretical Chemistry        |     
     |                    University of Bonn                     |     
     |                 Version 6.0.1 (SAW181210)                 |     
      -----------------------------------------------------------      

   This program is distributed in the hope that it will be useful,
   but WITHOUT ANY WARRANTY; without even the implied warranty of
   MERCHANTABILITY or FITNESS FOR A PARTICULAR PURPOSE.
   
   FOR NON-COMMERCIAL, ACADEMIA USE ONLY.
   
   Cite this work as:
   S. Grimme, C. Bannwarth, P. Shushkov, J. Comput. Theory Chem., 2017,
   13, 1989-2009.
   C. Bannwarth, S. Ehlert and S. Grimme., ChemRxiv, 2018, preprint.
   http://doi.org/10.26434/chemrxiv.7246238.v1
   
   for sTDA-xTB:
   S. Grimme and C. Bannwarth, J. Chem. Phys., 2016, 145, 054103.
   
   in the mass-spec context:
   V. Asgeirsson, C. Bauer and S. Grimme, Chem. Sci., 2017, 8, 4879.
   
   if GBSA is used:
   P. Shushkov, F. März and S. Grimme, unpublished.
   
   for ANC optimizer:
   S. Grimme, unpublished.
   Rational Function algorithm used in ANCopt:
   F. Eckert, P. Pulay, H.-J. Werner, J. Comput. Chem., 1997, 18, 1473.
   
   with help from (in alphabetical order)
   C. Bannwarth, F. Bohle, G. Brandenburg, E. Caldeweyher, M. Checinski,
   S. Dohm, S. Ehlert, S. Ehrlich, F. März, H. Neugebauer, J. Pisarek,
   P. Pracht, P. Shushkov, and S. Spicher.
   
 * started run on 2019/05/04 at 19:52:03.395     
========================================================================
 # omp threads = 2
========================================================================
number of atoms            : 99
number of electrons        : 254
charge                     : 0
spin                       : .0
first test random number   : .8708

########################################################################
# WARNING! Please study the warnings concerning your input carefully
#  - Process number higher than OMP_NUM_THREADS, I hope you know what you are doing.
########################################################################

           ------------------------------------------------- 
          |                 G F N 2 - x T B                 |
          | Geometry, Frequencies, Noncovalent interactions |
          |            JCTC 2018 parametrisation            |
           ------------------------------------------------- 
 
      method parameters     
 k(s)        :  1.8500
 k(p)        :  2.2300
 k(d)        :  2.2300
 k(f)        :  2.0000
 kEN (H0ij)  : -2.0000
 D4 a1       :  0.5200
 D4 a2       :  5.0000
 D4 s6       :  1.0000
 D4 s8       :  2.7000
 D4 s9       :  5.0000
 alphaj      :  2.0000

 Solvent             : h2o
 Using internal parameter file: .param_gbsa2_h2o
 Gsolv ref. state (COSMO-RS): gsolv [1 M gas/solution]
 temperature (mdtemp)       :    298.150000000000     
 dielectric constant        :    80.2000000000000     
 rho                        :    1.00000000000000     
 mass                       :    18.0000000000000     
 surface tension            :    15.5689454083859     
 probe radius               :   0.975313790000000     
 vdW radii scaling          :    1.00000000000000     
 Gshift (Eh)                :   1.857443126794793E-003
 c1                         :    1.55243817000000     
 soset                      :   0.130326360000000     
 HB correction              :  T

            Z     q(EN)     CN     RAES       Cart. coordinates
     1  N   5.0   -0.19    3.19    1.95    38.86977    83.37660    28.50274
     2  C   4.0    0.02    4.31    4.21    38.63545    83.77533    31.24851
     3  C   4.0    0.15    3.44    3.09    36.59076    82.11426    32.35022
     4  O   6.0   -0.31    1.29    1.80    34.46860    82.00277    31.39780
     5  C   4.0   -0.05    4.29    4.17    37.99105    86.60614    31.70960
     6  C   4.0   -0.05    4.22    4.04    37.97971    87.21841    34.50262
     7  C   4.0   -0.01    4.23    4.06    37.42224    90.04355    34.88623
     8  N   5.0   -0.14    3.45    2.05    39.58976    91.40982    34.03774
     9  C   4.0    0.09    3.35    3.06    39.61055    93.80789    33.26863
    10  N   5.0   -0.19    3.26    1.97    37.59043    95.25731    33.62011
    11  N   5.0   -0.19    3.24    1.96    41.71003    94.77165    32.31053
    12  H   1.0    0.08    1.02    1.43    38.19703    84.71641    27.29520
    13  H   1.0    0.03    1.05    1.44    40.44958    83.26510    32.09888
    14  H   1.0    0.04    1.03    1.43    39.33843    87.77777    30.68537
    15  H   1.0    0.05    1.03    1.43    36.11833    86.94629    30.91592
    16  H   1.0    0.04    1.03    1.43    36.50195    86.12993    35.44181
    17  H   1.0    0.04    1.03    1.43    39.77873    86.73653    35.37945
    18  H   1.0    0.04    1.03    1.43    35.76306    90.56890    33.77318
    19  H   1.0    0.04    1.02    1.43    37.01973    90.43095    36.87989
    20  H   1.0    0.07    1.08    1.44    41.27917    90.58590    34.39112
    21  H   1.0    0.08    1.03    1.43    35.91235    94.53732    34.14735
    22  H   1.0    0.08    1.03    1.43    37.47138    96.92782    32.70549
    23  H   1.0    0.08    1.03    1.43    43.34842    93.81356    32.17825
    24  H   1.0    0.08    1.03    1.43    41.69869    96.62547    31.80787
    25  N   5.0   -0.16    3.38    2.01    37.28429    80.77634    34.38923
    26  C   4.0    0.04    4.30    4.19    35.41724    79.23810    35.74228
    27  C   4.0    0.10    3.26    3.05    34.10199    77.32003    34.04719
    28  O   6.0   -0.29    1.22    1.80    31.99495    76.46587    34.64435
    29  C   4.0   -0.02    4.29    4.17    33.27052    80.70075    37.07264
    30  C   4.0    0.25    3.14    3.03    31.89479    79.22487    39.14756
    31  O   6.0   -0.27    1.16    1.80    33.26107    78.23087    40.88233
    32  O   6.0   -0.31    1.29    1.80    29.54209    79.06802    39.14378
    33  H   1.0    0.07    1.05    1.44    39.02662    80.99176    35.19237
    34  H   1.0    0.06    1.06    1.44    36.46793    78.15907    37.16335
    35  H   1.0    0.04    1.03    1.43    34.08877    82.35237    38.01184
    36  H   1.0    0.07    1.03    1.43    31.87590    81.33003    35.69692
    37  N   5.0   -0.20    3.21    1.96    27.34056    73.97899    35.71393
    38  C   4.0    0.04    4.27    4.13    25.40170    74.98055    34.03963
    39  C   4.0    0.08    3.21    3.04    24.68549    73.00200    32.04408
    40  O   6.0   -0.28    1.11    1.80    22.47262    72.77713    31.30898
    41  C   4.0    0.06    4.20    4.01    26.23318    77.50711    32.87178
    42  O   6.0   -0.24    2.11    1.84    26.35979    79.29479    34.89757
    43  C   4.0   -0.05    4.09    3.78    24.37558    78.43874    30.89135
    44  H   1.0    0.13    1.06    1.44    29.06021    74.81425    35.69692
    45  H   1.0    0.06    1.05    1.44    23.69338    75.32259    35.16969
    46  H   1.0    0.06    1.03    1.43    28.12290    77.27467    32.03841
    47  H   1.0    0.15    1.04    1.43    27.73362    78.94897    36.08054
    48  H   1.0    0.05    1.00    1.43    24.94249    80.31146    30.27530
    49  H   1.0    0.05    1.00    1.43    24.35290    77.15751    29.29453
    50  H   1.0    0.06    1.00    1.43    22.49530    78.54835    31.70582
    51  O   6.0   -0.30    1.93    1.82    29.31532    83.02889    32.04408
    52  H   1.0    0.15    1.01    1.43    31.08032    82.71519    31.67559
    53  H   1.0    0.12    0.98    1.43    28.79375    84.37059    30.94426
    54  N   5.0   -0.21    3.16    1.95    22.51844    89.57196    36.37533
    55  C   4.0    0.03    4.19    3.98    23.19306    87.24696    37.80019
    56  C   4.0    0.08    3.19    3.04    21.03333    86.35790    39.57842
    57  O   6.0   -0.28    1.12    1.80    20.84310    84.12492    40.16990
    58  C   4.0   -0.05    4.35    4.29    25.57048    87.78165    39.34976
    59  C   4.0   -0.02    4.19    3.98    26.38044    85.54352    40.99760
    60  C   4.0   -0.05    4.17    3.94    27.71879    83.65627    39.30063
    61  C   4.0   -0.07    4.06    3.73    28.07677    86.38106    43.24638
    62  H   1.0    0.09    1.02    1.43    23.42882    91.20388    36.81753
    63  H   1.0    0.05    1.05    1.44    23.49165    85.72825    36.43203
    64  H   1.0    0.04    1.03    1.43    27.08920    88.29189    38.05530
    65  H   1.0    0.04    1.03    1.43    25.16729    89.42108    40.54029
    66  H   1.0    0.07    1.07    1.44    24.72222    84.62106    41.80641
    67  H   1.0    0.08    1.06    1.44    28.32004    82.01773    40.37588
    68  H   1.0    0.07    1.00    1.43    26.49180    83.01115    37.78696
    69  H   1.0    0.04    1.00    1.43    29.38836    84.50237    38.45025
    70  H   1.0    0.05    1.00    1.43    28.62678    84.72165    44.31785
    71  H   1.0    0.04    1.00    1.43    29.76161    87.32543    42.54907
    72  H   1.0    0.04    1.00    1.43    27.02783    87.64985    44.47092
    73  N   5.0   -0.21    3.16    1.95    25.61320    91.61184    25.43382
    74  C   4.0    0.03    4.30    4.20    27.29350    90.41735    27.36323
    75  C   4.0    0.07    3.25    3.04    28.10731    92.26190    29.38524
    76  O   6.0   -0.30    1.12    1.80    27.99959    91.65856    31.63401
    77  C   4.0   -0.03    4.30    4.20    29.62190    89.11699    26.21239
    78  C   4.0   -0.05    4.16    3.92    28.68664    86.91210    24.53053
    79  C   4.0   -0.07    4.13    3.86    31.39463    88.27262    28.35534
    80  C   4.0   -0.08    4.00    3.62    30.83901    85.82214    22.89214
    81  H   1.0    0.08    1.02    1.43    26.39557    92.93637    24.28676
    82  H   1.0    0.05    1.06    1.44    26.11505    88.97761    28.27030
    83  H   1.0    0.04    1.05    1.44    30.61692    90.48137    25.01430
    84  H   1.0    0.04    1.02    1.43    27.90785    85.41507    25.71728
    85  H   1.0    0.04    1.03    1.43    27.20394    87.57914    23.26442
    86  H   1.0    0.04    1.00    1.43    32.77134    86.93122    27.64291
    87  H   1.0    0.05    1.00    1.43    32.42224    89.89803    29.09233
    88  H   1.0    0.05    1.00    1.43    30.32382    87.45146    29.89735
    89  H   1.0    0.04    1.00    1.43    30.10593    84.32532    21.68838
    90  H   1.0    0.04    1.00    1.43    31.61724    87.28611    21.67894
    91  H   1.0    0.04    1.00    1.43    32.35266    85.04858    24.03731
    92  H   1.0    0.09    1.07    1.44    40.51244    83.22382    28.08939
    93  H   1.0    0.06    1.04    1.43    34.93216    76.74451    32.45011
    94  H   1.0    0.11    1.07    1.44    26.81150    74.09125    37.32640
    95  H   1.0    0.06    1.04    1.43    26.01261    71.87026    31.31679
    96  H   1.0    0.10    1.07    1.44    22.82703    89.33296    34.71998
    97  H   1.0    0.06    1.04    1.43    19.78618    87.60925    40.24911
    98  H   1.0    0.09    1.07    1.44    25.00375    90.41366    24.39195
    99  H   1.0    0.05    1.04    1.44    28.73543    93.97737    28.90181

  Z AO/shell   Hii/eV     exponent
  1     Wed Apr 25 08:07:45 CEST 2018   EN: 2.200 GM2: 0.406  GM3: 0.0800  RAES: 1.40
     1s    -10.707211    1.230000
  6     Wed Apr 25 08:07:45 CEST 2018   EN: 2.550 GM2: 0.538  GM3: 0.1500  RAES: 3.00
     2s    -13.970922    2.096432
     2p    -10.063292    1.800000
  7     Wed Apr 25 08:07:45 CEST 2018   EN: 3.040 GM2: 0.461  GM3:-0.0640  RAES: 1.90
     2s    -16.686243    2.339881
     2p    -12.523956    2.014332
  8     Wed Apr 25 08:07:45 CEST 2018   EN: 3.440 GM2: 0.452  GM3:-0.0517  RAES: 1.80
     2s    -20.229985    2.439742
     2p    -15.503117    2.137023
 no old-style atom pair restraining (fixing) potential

molecular fragmentation (1/2 indicates fragments):
111111111111111111111111111111111111222222222222222222222222222222222222
222222222222222222211222222
# atoms in fragment 1/2:    38    61
 fragment masses (1/2) :      273.29      351.49
CMA distance (Bohr)    :   9.909
constraining FC (au)   :  0.0500
           ------------------------------------------------- 
          |        Self-Consistent Charge Iterations        |
           ------------------------------------------------- 

 Ncao       : 228
 Nao        : 228
 Nshell     : 142
 Nel        : 254
 T(el)      :   500.0
 intcut     :    35.0
 scfconv/Eh :  0.100E-06
   qconv/e  :  0.100E-04
 intneglect :  0.100E-08
 broydamp   :      0.400
 iter      E             dE          RMSdq      gap      omega  full diag
   1   -145.3482227 -0.145348E+03  0.464E+00    3.37       0.0  T
   2   -145.7394415 -0.391219E+00  0.212E+00    1.99       1.0  T
   3   -145.7696795 -0.302380E-01  0.127E+00    2.08       1.0  T
   4   -145.7975401 -0.278605E-01  0.256E-01    1.55       1.0  T
   5   -145.7987860 -0.124597E-02  0.116E-01    1.71       1.0  T
   6   -145.7990834 -0.297369E-03  0.433E-02    1.69       1.0  T
   7   -145.7991072 -0.238230E-04  0.182E-02    1.68       1.0  T
   8   -145.7991136 -0.635300E-05  0.663E-03    1.67       1.5  T
   9   -145.7991145 -0.881898E-06  0.312E-03    1.67       3.2  T
  10   -145.7991147 -0.195171E-06  0.114E-03    1.67       8.8  T
  11   -145.7991147 -0.193166E-07  0.465E-04    1.67      21.6  T
  12   -145.7991147 -0.335015E-08  0.163E-04    1.67      61.6  T
  13   -145.7991147 -0.493799E-09  0.676E-05    1.67     148.8  T
  14   -145.7991147 -0.501359E-10  0.248E-05    1.67     405.1  T
speedup  1.78
cpu  time for SCC    0.47 s
wall time for SCC    0.27 s

   *** convergence criteria satisfied after 14 iterations ***

          eigenvalues
 #    :         115        116        117        118        119        120        121        122
 occ. :        2.000      2.000      2.000      2.000      2.000      2.000      2.000      2.000
 eps  :       -11.301    -11.268    -11.245    -11.198    -10.987    -10.836    -10.257    -10.188
 #    :         123        124        125        126        127        128        129        130
 occ. :        2.000      2.000      2.000      2.000      2.000      0.000      0.000      0.000
 eps  :       -10.045     -9.987     -9.848     -9.836     -9.705     -8.037     -7.858     -7.673
 #    :         131        132        133        134        135        136        137        138
 occ. :        0.000      0.000      0.000      0.000      0.000      0.000      0.000      0.000
 eps  :        -7.503     -6.412     -6.354     -4.733     -1.391     -1.216      0.094      0.344


   #   Z            q   n(s)   n(p)   n(d)      C6AA      α(0)
   1   7 N     -0.395  1.323  4.072  0.000    30.223     8.165
   2   6 C      0.026  1.064  2.910  0.000    20.146     6.393
   3   6 C      0.279  1.044  2.677  0.000    22.273     7.728
   4   8 O     -0.484  1.752  4.732  0.000    23.441     6.491
   5   6 C     -0.081  1.061  3.021  0.000    22.044     6.684
   6   6 C     -0.080  1.052  3.028  0.000    22.015     6.679
   7   6 C     -0.020  1.048  2.971  0.000    20.998     6.538
   8   7 N     -0.142  1.208  3.934  0.000    24.073     7.287
   9   6 C      0.234  1.016  2.751  0.000    23.100     7.869
  10   7 N     -0.249  1.242  4.007  0.000    26.492     7.644
  11   7 N     -0.252  1.234  4.018  0.000    26.543     7.652
  12   1 H      0.167  0.833  0.000  0.000     1.291     1.780
  13   1 H      0.046  0.954  0.000  0.000     2.376     2.410
  14   1 H      0.079  0.921  0.000  0.000     1.985     2.203
  15   1 H      0.061  0.939  0.000  0.000     2.190     2.314
  16   1 H      0.041  0.959  0.000  0.000     2.432     2.439
  17   1 H      0.066  0.934  0.000  0.000     2.129     2.282
  18   1 H      0.079  0.921  0.000  0.000     1.992     2.207
  19   1 H      0.075  0.925  0.000  0.000     2.031     2.229
  20   1 H      0.235  0.765  0.000  0.000     0.945     1.523
  21   1 H      0.240  0.760  0.000  0.000     0.923     1.505
  22   1 H      0.253  0.747  0.000  0.000     0.873     1.463
  23   1 H      0.258  0.742  0.000  0.000     0.853     1.447
  24   1 H      0.258  0.742  0.000  0.000     0.852     1.446
  25   7 N     -0.189  1.262  3.927  0.000    25.101     7.441
  26   6 C      0.040  1.057  2.903  0.000    19.919     6.356
  27   6 C      0.207  1.085  2.708  0.000    23.614     7.959
  28   8 O     -0.390  1.771  4.619  0.000    21.480     6.214
  29   6 C     -0.080  1.065  3.015  0.000    22.027     6.681
  30   6 C      0.368  1.025  2.607  0.000    20.759     7.456
  31   8 O     -0.675  1.788  4.887  0.000    28.043     7.100
  32   8 O     -0.595  1.772  4.823  0.000    25.999     6.836
  33   1 H      0.225  0.775  0.000  0.000     0.987     1.556
  34   1 H      0.093  0.907  0.000  0.000     1.854     2.129
  35   1 H      0.041  0.959  0.000  0.000     2.441     2.443
  36   1 H      0.057  0.943  0.000  0.000     2.234     2.337
  37   7 N     -0.401  1.309  4.091  0.000    30.389     8.187
  38   6 C      0.033  1.064  2.903  0.000    20.038     6.377
  39   6 C      0.192  1.098  2.710  0.000    23.892     8.005
  40   8 O     -0.385  1.759  4.626  0.000    21.382     6.200
  41   6 C      0.133  1.047  2.820  0.000    18.526     6.146
  42   8 O     -0.475  1.715  4.760  0.000    22.354     6.382
  43   6 C     -0.121  1.041  3.080  0.000    22.872     6.820
  44   1 H      0.177  0.823  0.000  0.000     1.232     1.739
  45   1 H      0.051  0.949  0.000  0.000     2.303     2.373
  46   1 H      0.021  0.979  0.000  0.000     2.714     2.576
  47   1 H      0.309  0.691  0.000  0.000     0.695     1.310
  48   1 H      0.071  0.929  0.000  0.000     2.078     2.254
  49   1 H      0.046  0.954  0.000  0.000     2.368     2.406
  50   1 H      0.056  0.944  0.000  0.000     2.246     2.343
  51   8 O     -0.633  1.774  4.859  0.000    25.989     6.881
  52   1 H      0.315  0.685  0.000  0.000     0.679     1.294
  53   1 H      0.297  0.703  0.000  0.000     0.730     1.342
  54   7 N     -0.395  1.322  4.074  0.000    30.244     8.168
  55   6 C      0.038  1.064  2.898  0.000    19.962     6.365
  56   6 C      0.201  1.095  2.704  0.000    23.729     7.977
  57   8 O     -0.388  1.768  4.620  0.000    21.451     6.210
  58   6 C     -0.067  1.062  3.004  0.000    21.769     6.641
  59   6 C     -0.012  1.059  2.954  0.000    20.759     6.481
  60   6 C     -0.109  1.040  3.069  0.000    22.628     6.782
  61   6 C     -0.113  1.045  3.068  0.000    22.723     6.798
  62   1 H      0.171  0.829  0.000  0.000     1.270     1.765
  63   1 H      0.055  0.945  0.000  0.000     2.262     2.352
  64   1 H      0.061  0.939  0.000  0.000     2.189     2.314
  65   1 H      0.049  0.951  0.000  0.000     2.334     2.389
  66   1 H      0.020  0.980  0.000  0.000     2.737     2.587
  67   1 H      0.048  0.952  0.000  0.000     2.347     2.396
  68   1 H      0.038  0.962  0.000  0.000     2.470     2.458
  69   1 H      0.020  0.980  0.000  0.000     2.727     2.583
  70   1 H      0.027  0.973  0.000  0.000     2.635     2.539
  71   1 H      0.045  0.955  0.000  0.000     2.382     2.413
  72   1 H      0.042  0.958  0.000  0.000     2.425     2.435
  73   7 N     -0.400  1.340  4.060  0.000    30.381     8.186
  74   6 C      0.029  1.065  2.906  0.000    20.102     6.386
  75   6 C      0.202  1.086  2.712  0.000    23.704     7.973
  76   8 O     -0.381  1.762  4.619  0.000    21.310     6.189
  77   6 C     -0.024  1.073  2.951  0.000    20.971     6.513
  78   6 C     -0.059  1.054  3.005  0.000    21.642     6.624
  79   6 C     -0.113  1.039  3.074  0.000    22.717     6.797
  80   6 C     -0.111  1.039  3.072  0.000    22.693     6.794
  81   1 H      0.166  0.834  0.000  0.000     1.297     1.784
  82   1 H      0.056  0.944  0.000  0.000     2.248     2.345
  83   1 H      0.051  0.949  0.000  0.000     2.305     2.374
  84   1 H      0.030  0.970  0.000  0.000     2.583     2.513
  85   1 H      0.037  0.963  0.000  0.000     2.487     2.466
  86   1 H      0.057  0.943  0.000  0.000     2.236     2.339
  87   1 H      0.043  0.957  0.000  0.000     2.404     2.425
  88   1 H      0.038  0.962  0.000  0.000     2.478     2.462
  89   1 H      0.036  0.964  0.000  0.000     2.506     2.476
  90   1 H      0.045  0.955  0.000  0.000     2.378     2.411
  91   1 H      0.043  0.957  0.000  0.000     2.408     2.426
  92   1 H      0.190  0.810  0.000  0.000     1.159     1.686
  93   1 H      0.085  0.915  0.000  0.000     1.923     2.169
  94   1 H      0.172  0.828  0.000  0.000     1.261     1.759
  95   1 H      0.077  0.923  0.000  0.000     2.008     2.216
  96   1 H      0.179  0.821  0.000  0.000     1.218     1.728
  97   1 H      0.080  0.920  0.000  0.000     1.982     2.201
  98   1 H      0.180  0.820  0.000  0.000     1.215     1.726
  99   1 H      0.081  0.919  0.000  0.000     1.967     2.193

 Mol. C6AA /au·bohr⁶  :      79842.610474
 Mol. C8AA /au·bohr⁸  :    1711131.186483
 Mol. α(0) /au        :        420.336511

 
molecular dipole:
                 x           y           z       tot (Debye)
 q only:       14.181      17.934      -7.874
   full:       15.541      18.269      -8.219      64.446
molecular quadrupole (traceless):
                xx          xy          yy          xz          yz          zz
 q only:     -309.340    2706.517    2878.303     347.968     -64.251   -2568.963
  q+dip:     -244.187    2892.633    2899.091     399.163     -98.959   -2654.904
   full:     -245.446    2891.104    2899.468     400.707     -98.870   -2654.023
speedup  1.83
cpu  time for grad    0.64 s
wall time for grad    0.35 s

SCC energy    :    -145.8066230
rep           :       1.7788136
ES            :       0.5703661
AES           :      -0.0002781
AXC           :       0.0604803
disp          :      -0.0903375
XB            :       0.0000000
fix           :       0.0000000
Gborn         :       0.0000000
Gsasa         :       0.0000000
Ghb           :       0.0000000
Gshift        :       0.0000000
Gsolv         :      -0.1968801     -123.54
Etot ala COSMO:    -145.8066230
grad norm     :       0.4716034
total E       :    -144.0241758
atomizationE  :      25.6567283    16099.84
(atE without considering molecular charge,
 total energy contains solvation terms)
H-L gap (eV)  :          1.6685

------------------------------------------------------------------------
 * finished run on 2019/05/04 at 19:52:04.106     
------------------------------------------------------------------------
 total:
 * wall-time:     0 d,  0 h,  0 min,  0.708 sec
 *  cpu-time:     0 d,  0 h,  0 min,  0.924 sec
 * ratio c/w:     1.304 speedup
 SCF:
 * wall-time:     0 d,  0 h,  0 min,  0.416 sec
 *  cpu-time:     0 d,  0 h,  0 min,  0.734 sec
 * ratio c/w:     1.764 speedup

